\BOOKMARK [1][-]{section.1}{\376\377\000I\000n\000t\000r\000o\000d\000u\000c\000t\000i\000o\000n\000:\000\040\000T\000h\000e\000\040\000S\000t\000a\000b\000i\000l\000i\000t\000y\000\040\000T\000h\000a\000t\000\040\000W\000a\000s\000\040\000N\000e\000v\000e\000r\000\040\000T\000h\000e\000r\000e}{}% 1
\BOOKMARK [2][-]{subsection.1.1}{\376\377\000R\000e\000l\000a\000t\000i\000o\000n\000s\000h\000i\000p\000\040\000t\000o\000\040\000P\000r\000i\000o\000r\000\040\000W\000o\000r\000k\000\040\000a\000n\000d\000\040\000P\000o\000s\000i\000t\000i\000o\000n\000i\000n\000g}{section.1}% 2
\BOOKMARK [2][-]{subsection.1.2}{\376\377\000R\000e\000l\000a\000t\000i\000o\000n\000s\000h\000i\000p\000\040\000t\000o\000\040\000P\000r\000i\000o\000r\000\040\000W\000o\000r\000k\000\040\000a\000n\000d\000\040\000P\000o\000s\000i\000t\000i\000o\000n\000i\000n\000g}{section.1}% 3
\BOOKMARK [1][-]{section.2}{\376\377\000W\000h\000y\000\040\000C\000o\000m\000p\000r\000e\000s\000s\000i\000o\000n\000\040\000S\000u\000r\000v\000i\000v\000e\000s\000:\000\040\000T\000h\000e\000\040\000R\000a\000t\000i\000o\000n\000a\000l\000\040\000E\000c\000o\000n\000o\000m\000y\000\040\000o\000f\000\040\000t\000h\000e\000\040\000N\000o\000u\000n}{}% 4
\BOOKMARK [2][-]{subsection.2.1}{\376\377\000C\000o\000m\000p\000r\000e\000s\000s\000i\000o\000n\000\040\000a\000s\000\040\000C\000o\000g\000n\000i\000t\000i\000v\000e\000\040\000E\000c\000o\000n\000o\000m\000y}{section.2}% 5
\BOOKMARK [2][-]{subsection.2.2}{\376\377\000T\000h\000e\000\040\000S\000t\000a\000b\000i\000l\000i\000t\000y\000\040\000C\000o\000n\000d\000i\000t\000i\000o\000n\000\040\000a\000n\000d\000\040\000P\000h\000a\000s\000e\000\040\000T\000r\000a\000n\000s\000i\000t\000i\000o\000n\000s}{section.2}% 6
\BOOKMARK [2][-]{subsection.2.3}{\376\377\000T\000h\000e\000\040\000F\000a\000l\000l\000a\000c\000y\000\040\000S\000t\000a\000t\000e\000d\000\040\000P\000r\000e\000c\000i\000s\000e\000l\000y}{section.2}% 7
\BOOKMARK [2][-]{subsection.2.4}{\376\377\000T\000h\000e\000\040\000S\000a\000y\000i\000n\000g\000-\000D\000o\000i\000n\000g\000\040\000A\000s\000y\000m\000m\000e\000t\000r\000y}{section.2}% 8
\BOOKMARK [2][-]{subsection.2.5}{\376\377\000I\000n\000s\000t\000i\000t\000u\000t\000i\000o\000n\000a\000l\000\040\000C\000o\000m\000p\000r\000e\000s\000s\000i\000o\000n\000\040\000a\000n\000d\000\040\000t\000h\000e\000\040\000H\000a\000r\000d\000e\000n\000i\000n\000g\000\040\000o\000f\000\040\000C\000a\000t\000e\000g\000o\000r\000i\000e\000s}{section.2}% 9
\BOOKMARK [1][-]{section.3}{\376\377\000I\000n\000d\000e\000p\000e\000n\000d\000e\000n\000t\000\040\000C\000o\000r\000r\000e\000c\000t\000i\000o\000n\000s\000:\000\040\000A\000\040\000S\000u\000r\000v\000e\000y\000\040\000o\000f\000\040\000P\000r\000o\000c\000e\000s\000s\000\040\000R\000e\000c\000o\000v\000e\000r\000i\000e\000s}{}% 10
\BOOKMARK [2][-]{subsection.3.1}{\376\377\000B\000i\000o\000l\000o\000g\000y\000:\000\040\000F\000r\000o\000m\000\040\000S\000p\000e\000c\000i\000e\000s\000\040\000E\000s\000s\000e\000n\000t\000i\000a\000l\000i\000s\000m\000\040\000t\000o\000\040\000E\000v\000o\000l\000u\000t\000i\000o\000n\000a\000r\000y\000\040\000D\000y\000n\000a\000m\000i\000c\000s}{section.3}% 11
\BOOKMARK [2][-]{subsection.3.2}{\376\377\000P\000h\000y\000s\000i\000c\000s\000:\000\040\000F\000r\000o\000m\000\040\000C\000a\000l\000o\000r\000i\000c\000\040\000F\000l\000u\000i\000d\000\040\000t\000o\000\040\000K\000i\000n\000e\000t\000i\000c\000\040\000T\000h\000e\000o\000r\000y\000\040\000a\000n\000d\000\040\000B\000e\000y\000o\000n\000d}{section.3}% 12
\BOOKMARK [2][-]{subsection.3.3}{\376\377\000C\000o\000m\000p\000u\000t\000a\000t\000i\000o\000n\000:\000\040\000F\000r\000o\000m\000\040\000O\000b\000j\000e\000c\000t\000s\000\040\000t\000o\000\040\000P\000r\000o\000c\000e\000s\000s\000e\000s}{section.3}% 13
\BOOKMARK [2][-]{subsection.3.4}{\376\377\000A\000r\000c\000h\000i\000t\000e\000c\000t\000u\000r\000e\000\040\000a\000n\000d\000\040\000U\000r\000b\000a\000n\000i\000s\000m\000:\000\040\000F\000r\000o\000m\000\040\000M\000a\000s\000t\000e\000r\000\040\000P\000l\000a\000n\000s\000\040\000t\000o\000\040\000G\000e\000n\000e\000r\000a\000t\000i\000v\000e\000\040\000S\000e\000q\000u\000e\000n\000c\000e\000s}{section.3}% 14
\BOOKMARK [2][-]{subsection.3.5}{\376\377\000C\000o\000g\000n\000i\000t\000i\000v\000e\000\040\000S\000c\000i\000e\000n\000c\000e\000:\000\040\000F\000r\000o\000m\000\040\000R\000e\000p\000r\000e\000s\000e\000n\000t\000a\000t\000i\000o\000n\000s\000\040\000t\000o\000\040\000T\000r\000a\000j\000e\000c\000t\000o\000r\000i\000e\000s}{section.3}% 15
\BOOKMARK [2][-]{subsection.3.6}{\376\377\000N\000e\000u\000r\000a\000l\000\040\000M\000a\000n\000i\000f\000o\000l\000d\000s\000\040\000a\000s\000\040\000A\000d\000m\000i\000s\000s\000i\000b\000i\000l\000i\000t\000y\000\040\000S\000t\000r\000u\000c\000t\000u\000r\000e\000s\000:\000\040\000E\000v\000i\000d\000e\000n\000c\000e\000\040\000f\000r\000o\000m\000\040\000B\000C\000I\000\040\000L\000e\000a\000r\000n\000i\000n\000g}{section.3}% 16
\BOOKMARK [1][-]{section.4}{\376\377\000T\000h\000e\000\040\000G\000e\000n\000e\000r\000a\000l\000\040\000F\000r\000a\000m\000e\000w\000o\000r\000k\000:\000\040\000A\000d\000m\000i\000s\000s\000i\000b\000i\000l\000i\000t\000y\000\040\000S\000t\000r\000u\000c\000t\000u\000r\000e\000s\000,\000\040\000T\000r\000a\000j\000e\000c\000t\000o\000r\000i\000e\000s\000,\000\040\000a\000n\000d\000\040\000S\000t\000a\000b\000l\000e\000\040\000R\000e\000s\000i\000d\000u\000e\000s}{}% 17
\BOOKMARK [2][-]{subsection.4.1}{\376\377\000A\000d\000m\000i\000s\000s\000i\000b\000i\000l\000i\000t\000y\000\040\000S\000t\000r\000u\000c\000t\000u\000r\000e\000s}{section.4}% 18
\BOOKMARK [2][-]{subsection.4.2}{\376\377\000T\000r\000a\000j\000e\000c\000t\000o\000r\000i\000e\000s}{section.4}% 19
\BOOKMARK [2][-]{subsection.4.3}{\376\377\000S\000t\000a\000b\000l\000e\000\040\000R\000e\000s\000i\000d\000u\000e\000s\000\040\000a\000n\000d\000\040\000t\000h\000e\000\040\000N\000o\000u\000n\000\040\000a\000s\000\040\000C\000o\000m\000p\000r\000e\000s\000s\000i\000o\000n}{section.4}% 20
\BOOKMARK [2][-]{subsection.4.4}{\376\377\000R\000e\000a\000c\000h\000a\000b\000i\000l\000i\000t\000y\000\040\000a\000s\000\040\000t\000h\000e\000\040\000P\000r\000i\000m\000a\000r\000y\000\040\000R\000e\000l\000a\000t\000i\000o\000n}{section.4}% 21
\BOOKMARK [2][-]{subsection.4.5}{\376\377\000R\000e\000l\000a\000x\000a\000t\000i\000o\000n\000\040\000D\000y\000n\000a\000m\000i\000c\000s\000\040\000a\000n\000d\000\040\000t\000h\000e\000\040\000P\000r\000o\000d\000u\000c\000t\000i\000o\000n\000\040\000o\000f\000\040\000R\000e\000s\000i\000d\000u\000e\000s}{section.4}% 22
\BOOKMARK [2][-]{subsection.4.6}{\376\377\000S\000p\000e\000c\000i\000a\000l\000i\000z\000e\000d\000\040\000R\000e\000a\000l\000i\000z\000a\000t\000i\000o\000n\000s}{section.4}% 23
\BOOKMARK [1][-]{section.5}{\376\377\000P\000o\000s\000s\000i\000b\000i\000l\000i\000t\000y\000\040\000V\000e\000r\000s\000u\000s\000\040\000R\000e\000a\000c\000h\000a\000b\000i\000l\000i\000t\000y}{}% 24
\BOOKMARK [2][-]{subsection.5.1}{\376\377\000P\000o\000s\000s\000i\000b\000i\000l\000i\000t\000y\000\040\000S\000p\000a\000c\000e\000\040\000a\000n\000d\000\040\000T\000r\000a\000j\000e\000c\000t\000o\000r\000y\000\040\000S\000p\000a\000c\000e}{section.5}% 25
\BOOKMARK [2][-]{subsection.5.2}{\376\377\000C\000o\000n\000v\000e\000r\000g\000e\000n\000c\000e\000\040\000W\000i\000t\000h\000o\000u\000t\000\040\000R\000e\000a\000c\000h\000a\000b\000i\000l\000i\000t\000y\000:\000\040\000A\000\040\000R\000e\000c\000u\000r\000r\000i\000n\000g\000\040\000F\000a\000i\000l\000u\000r\000e\000\040\000M\000o\000d\000e}{section.5}% 26
\BOOKMARK [2][-]{subsection.5.3}{\376\377\000E\000x\000p\000a\000n\000d\000i\000n\000g\000\040\000t\000h\000e\000\040\000R\000e\000a\000c\000h\000a\000b\000i\000l\000i\000t\000y\000\040\000C\000o\000n\000e\000\040\000a\000s\000\040\000a\000\040\000D\000e\000s\000i\000g\000n\000\040\000G\000o\000a\000l}{section.5}% 27
\BOOKMARK [1][-]{section.6}{\376\377\000T\000h\000e\000\040\000G\000e\000o\000m\000e\000t\000r\000y\000\040\000o\000f\000\040\000C\000o\000r\000r\000e\000c\000t\000i\000v\000e\000\040\000A\000c\000t\000i\000o\000n}{}% 28
\BOOKMARK [2][-]{subsection.6.1}{\376\377\000S\000t\000a\000t\000e\000\040\000D\000i\000f\000f\000e\000r\000e\000n\000c\000e\000\040\000V\000e\000r\000s\000u\000s\000\040\000T\000r\000a\000n\000s\000f\000o\000r\000m\000a\000t\000i\000o\000n\000\040\000D\000i\000f\000f\000i\000c\000u\000l\000t\000y}{section.6}% 29
\BOOKMARK [2][-]{subsection.6.2}{\376\377\000B\000o\000t\000t\000l\000e\000n\000e\000c\000k\000s\000,\000\040\000C\000o\000r\000r\000i\000d\000o\000r\000s\000,\000\040\000a\000n\000d\000\040\000t\000h\000e\000\040\000T\000o\000p\000o\000l\000o\000g\000y\000\040\000o\000f\000\040\000C\000h\000a\000n\000g\000e}{section.6}% 30
\BOOKMARK [2][-]{subsection.6.3}{\376\377\000C\000o\000r\000r\000e\000c\000t\000i\000v\000e\000\040\000A\000c\000t\000i\000o\000n\000\040\000a\000s\000\040\000T\000r\000a\000j\000e\000c\000t\000o\000r\000y\000\040\000D\000e\000s\000i\000g\000n}{section.6}% 31
\BOOKMARK [1][-]{section.7}{\376\377\000H\000y\000s\000t\000e\000r\000e\000s\000i\000s\000\040\000a\000n\000d\000\040\000F\000r\000o\000z\000e\000n\000\040\000H\000i\000s\000t\000o\000r\000i\000e\000s}{}% 32
\BOOKMARK [2][-]{subsection.7.1}{\376\377\000H\000y\000s\000t\000e\000r\000e\000s\000i\000s\000\040\000i\000n\000\040\000t\000h\000e\000\040\000A\000d\000m\000i\000s\000s\000i\000b\000i\000l\000i\000t\000y\000\040\000S\000t\000r\000u\000c\000t\000u\000r\000e}{section.7}% 33
\BOOKMARK [2][-]{subsection.7.2}{\376\377\000T\000h\000e\000\040\000N\000o\000u\000n\000\040\000F\000a\000l\000l\000a\000c\000y\000\040\000a\000n\000d\000\040\000t\000h\000e\000\040\000I\000n\000v\000i\000s\000i\000b\000i\000l\000i\000t\000y\000\040\000o\000f\000\040\000H\000y\000s\000t\000e\000r\000e\000s\000i\000s}{section.7}% 34
\BOOKMARK [2][-]{subsection.7.3}{\376\377\000P\000r\000e\000c\000a\000u\000t\000i\000o\000n\000a\000r\000y\000\040\000P\000r\000i\000n\000c\000i\000p\000l\000e\000s\000\040\000a\000s\000\040\000H\000y\000s\000t\000e\000r\000e\000s\000i\000s\000\040\000R\000e\000c\000o\000g\000n\000i\000t\000i\000o\000n}{section.7}% 35
\BOOKMARK [1][-]{section.8}{\376\377\000R\000e\000a\000c\000h\000a\000b\000i\000l\000i\000t\000y\000\040\000a\000s\000\040\000a\000n\000\040\000O\000n\000t\000o\000l\000o\000g\000i\000c\000a\000l\000\040\000P\000r\000i\000m\000i\000t\000i\000v\000e}{}% 36
\BOOKMARK [2][-]{subsection.8.1}{\376\377\000R\000e\000v\000e\000r\000s\000i\000n\000g\000\040\000t\000h\000e\000\040\000C\000o\000n\000v\000e\000n\000t\000i\000o\000n\000a\000l\000\040\000O\000r\000d\000e\000r}{section.8}% 37
\BOOKMARK [2][-]{subsection.8.2}{\376\377\000P\000e\000r\000s\000i\000s\000t\000e\000n\000c\000e\000\040\000a\000s\000\040\000S\000t\000a\000b\000l\000e\000\040\000R\000e\000a\000c\000h\000a\000b\000i\000l\000i\000t\000y}{section.8}% 38
\BOOKMARK [2][-]{subsection.8.3}{\376\377\000O\000b\000j\000e\000c\000t\000s\000\040\000a\000s\000\040\000C\000o\000m\000p\000r\000e\000s\000s\000e\000d\000\040\000T\000r\000a\000j\000e\000c\000t\000o\000r\000y\000\040\000S\000u\000m\000m\000a\000r\000i\000e\000s}{section.8}% 39
\BOOKMARK [2][-]{subsection.8.4}{\376\377\000T\000h\000e\000\040\000C\000o\000n\000s\000e\000q\000u\000e\000n\000c\000e\000s\000\040\000f\000o\000r\000\040\000T\000h\000e\000o\000r\000y\000\040\000C\000o\000n\000s\000t\000r\000u\000c\000t\000i\000o\000n}{section.8}% 40
\BOOKMARK [1][-]{section.9}{\376\377\000R\000e\000-\000N\000o\000m\000i\000n\000a\000l\000i\000z\000a\000t\000i\000o\000n\000:\000\040\000H\000o\000w\000\040\000P\000r\000o\000c\000e\000s\000s\000\040\000I\000n\000s\000i\000g\000h\000t\000s\000\040\000A\000r\000e\000\040\000C\000o\000n\000v\000e\000r\000t\000e\000d\000\040\000B\000a\000c\000k}{}% 41
\BOOKMARK [2][-]{subsection.9.1}{\376\377\000A\000l\000e\000x\000a\000n\000d\000e\000r\000'\000s\000\040\000P\000r\000o\000g\000r\000e\000s\000s\000i\000v\000e\000\040\000P\000r\000o\000c\000e\000s\000s\000\040\000R\000e\000c\000o\000v\000e\000r\000y}{section.9}% 42
\BOOKMARK [2][-]{subsection.9.2}{\376\377\000T\000h\000e\000\040\000G\000a\000n\000g\000\040\000o\000f\000\040\000F\000o\000u\000r\000\040\000I\000n\000v\000e\000r\000s\000i\000o\000n}{section.9}% 43
\BOOKMARK [2][-]{subsection.9.3}{\376\377\000T\000h\000e\000\040\000S\000t\000r\000u\000c\000t\000u\000r\000a\000l\000\040\000L\000o\000g\000i\000c\000\040\000o\000f\000\040\000R\000e\000-\000N\000o\000m\000i\000n\000a\000l\000i\000z\000a\000t\000i\000o\000n}{section.9}% 44
\BOOKMARK [1][-]{section.10}{\376\377\000D\000i\000f\000f\000i\000c\000u\000l\000t\000y\000\040\000a\000s\000\040\000a\000\040\000R\000e\000l\000a\000t\000i\000o\000n\000a\000l\000\040\000P\000r\000o\000p\000e\000r\000t\000y}{}% 45
\BOOKMARK [2][-]{subsection.10.1}{\376\377\000T\000h\000e\000\040\000S\000t\000a\000n\000d\000a\000r\000d\000\040\000V\000i\000e\000w\000\040\000a\000n\000d\000\040\000I\000t\000s\000\040\000F\000a\000i\000l\000u\000r\000e}{section.10}% 46
\BOOKMARK [2][-]{subsection.10.2}{\376\377\000R\000e\000l\000a\000t\000i\000o\000n\000a\000l\000\040\000D\000i\000f\000f\000i\000c\000u\000l\000t\000y\000:\000\040\000F\000o\000r\000m\000a\000l\000\040\000A\000c\000c\000o\000u\000n\000t}{section.10}% 47
\BOOKMARK [2][-]{subsection.10.3}{\376\377\000E\000m\000p\000i\000r\000i\000c\000a\000l\000\040\000I\000n\000s\000t\000a\000n\000t\000i\000a\000t\000i\000o\000n\000:\000\040\000N\000e\000u\000r\000a\000l\000\040\000M\000a\000n\000i\000f\000o\000l\000d\000s\000\040\000a\000n\000d\000\040\000t\000h\000e\000\040\000G\000e\000o\000m\000e\000t\000r\000y\000\040\000o\000f\000\040\000D\000i\000f\000f\000i\000c\000u\000l\000t\000y}{section.10}% 48
\BOOKMARK [2][-]{subsection.10.4}{\376\377\000G\000o\000o\000d\000h\000a\000r\000t\000\040\000D\000y\000n\000a\000m\000i\000c\000s\000\040\000a\000s\000\040\000R\000e\000-\000N\000o\000m\000i\000n\000a\000l\000i\000z\000a\000t\000i\000o\000n}{section.10}% 49
\BOOKMARK [1][-]{section.11}{\376\377\000T\000h\000e\000\040\000P\000o\000l\000i\000t\000i\000c\000s\000\040\000o\000f\000\040\000N\000o\000m\000i\000n\000a\000l\000i\000z\000a\000t\000i\000o\000n\000:\000\040\000P\000o\000w\000e\000r\000,\000\040\000V\000i\000s\000i\000b\000i\000l\000i\000t\000y\000,\000\040\000a\000n\000d\000\040\000C\000o\000n\000t\000e\000s\000t\000e\000d\000\040\000R\000e\000s\000i\000d\000u\000e\000s}{}% 50
\BOOKMARK [2][-]{subsection.11.1}{\376\377\000W\000h\000o\000\040\000B\000e\000n\000e\000f\000i\000t\000s\000\040\000f\000r\000o\000m\000\040\000W\000h\000i\000c\000h\000\040\000N\000o\000u\000n\000s}{section.11}% 51
\BOOKMARK [2][-]{subsection.11.2}{\376\377\000C\000o\000n\000t\000e\000s\000t\000e\000d\000\040\000R\000e\000s\000i\000d\000u\000e\000s\000\040\000a\000n\000d\000\040\000P\000r\000o\000c\000e\000s\000s\000\040\000R\000e\000c\000o\000v\000e\000r\000y\000\040\000a\000s\000\040\000P\000o\000l\000i\000t\000i\000c\000a\000l\000\040\000A\000c\000t}{section.11}% 52
\BOOKMARK [2][-]{subsection.11.3}{\376\377\000T\000h\000e\000\040\000V\000i\000s\000i\000b\000i\000l\000i\000t\000y\000\040\000o\000f\000\040\000L\000a\000b\000o\000r\000\040\000a\000n\000d\000\040\000t\000h\000e\000\040\000I\000n\000v\000i\000s\000i\000b\000i\000l\000i\000t\000y\000\040\000o\000f\000\040\000I\000n\000f\000r\000a\000s\000t\000r\000u\000c\000t\000u\000r\000e}{section.11}% 53
\BOOKMARK [2][-]{subsection.11.4}{\376\377\000P\000r\000o\000c\000e\000s\000s\000\040\000R\000e\000c\000o\000v\000e\000r\000y\000\040\000a\000s\000\040\000I\000n\000s\000t\000i\000t\000u\000t\000i\000o\000n\000a\000l\000\040\000R\000e\000f\000o\000r\000m}{section.11}% 54
\BOOKMARK [1][-]{section.12}{\376\377\000P\000r\000o\000c\000e\000s\000s\000-\000P\000r\000i\000m\000a\000r\000y\000\040\000T\000h\000e\000o\000r\000i\000z\000i\000n\000g\000\040\000W\000i\000t\000h\000o\000u\000t\000\040\000R\000e\000i\000f\000y\000i\000n\000g\000\040\000P\000r\000o\000c\000e\000s\000s}{}% 55
\BOOKMARK [2][-]{subsection.12.1}{\376\377\000P\000r\000o\000c\000e\000s\000s\000\040\000I\000s\000\040\000N\000o\000t\000\040\000a\000\040\000P\000r\000i\000v\000i\000l\000e\000g\000e\000d\000\040\000P\000r\000i\000m\000i\000t\000i\000v\000e}{section.12}% 56
\BOOKMARK [2][-]{subsection.12.2}{\376\377\000T\000h\000e\000\040\000F\000o\000u\000r\000\040\000M\000e\000t\000h\000o\000d\000o\000l\000o\000g\000i\000c\000a\000l\000\040\000Q\000u\000e\000s\000t\000i\000o\000n\000s}{section.12}% 57
\BOOKMARK [2][-]{subsection.12.3}{\376\377\000W\000i\000t\000t\000g\000e\000n\000s\000t\000e\000i\000n\000\040\000a\000n\000d\000\040\000t\000h\000e\000\040\000A\000n\000t\000i\000-\000E\000s\000s\000e\000n\000t\000i\000a\000l\000i\000s\000t\000\040\000L\000i\000n\000e\000a\000g\000e}{section.12}% 58
\BOOKMARK [2][-]{subsection.12.4}{\376\377\000T\000h\000e\000\040\000P\000o\000s\000i\000t\000i\000v\000e\000\040\000P\000r\000o\000g\000r\000a\000m\000:\000\040\000D\000e\000s\000i\000g\000n\000i\000n\000g\000\040\000f\000o\000r\000\040\000R\000e\000a\000c\000h\000a\000b\000i\000l\000i\000t\000y}{section.12}% 59
\BOOKMARK [1][-]{section.13}{\376\377\000T\000h\000e\000\040\000A\000d\000m\000i\000s\000s\000i\000b\000i\000l\000i\000t\000y\000\040\000L\000o\000g\000:\000\040\000P\000r\000o\000c\000e\000s\000s\000-\000P\000r\000i\000m\000a\000r\000y\000\040\000H\000i\000s\000t\000o\000r\000i\000c\000a\000l\000\040\000R\000e\000c\000o\000r\000d\000i\000n\000g}{}% 60
\BOOKMARK [2][-]{subsection.13.1}{\376\377\000T\000h\000e\000\040\000P\000r\000o\000b\000l\000e\000m\000\040\000w\000i\000t\000h\000\040\000C\000o\000n\000v\000e\000n\000t\000i\000o\000n\000a\000l\000\040\000L\000o\000g\000s}{section.13}% 61
\BOOKMARK [2][-]{subsection.13.2}{\376\377\000T\000h\000e\000\040\000S\000t\000r\000u\000c\000t\000u\000r\000e\000\040\000o\000f\000\040\000a\000n\000\040\000A\000d\000m\000i\000s\000s\000i\000b\000i\000l\000i\000t\000y\000\040\000L\000o\000g}{section.13}% 62
\BOOKMARK [2][-]{subsection.13.3}{\376\377\000T\000h\000e\000\040\000M\000e\000m\000o\000r\000y\000\040\000A\000n\000a\000l\000o\000g\000y\000\040\000a\000n\000d\000\040\000t\000h\000e\000\040\000C\000l\000o\000s\000u\000r\000e\000\040\000o\000f\000\040\000t\000h\000e\000\040\000L\000o\000o\000p}{section.13}% 63
\BOOKMARK [2][-]{subsection.13.4}{\376\377\000F\000o\000r\000m\000a\000l\000\040\000C\000o\000m\000p\000a\000r\000i\000s\000o\000n\000\040\000w\000i\000t\000h\000\040\000E\000x\000i\000s\000t\000i\000n\000g\000\040\000H\000i\000s\000t\000o\000r\000i\000c\000a\000l\000\040\000R\000e\000c\000o\000r\000d\000\040\000S\000y\000s\000t\000e\000m\000s}{section.13}% 64
\BOOKMARK [3][-]{subsubsection.13.4.1}{\376\377\000G\000i\000t\000\040\000\050\000S\000n\000a\000p\000s\000h\000o\000t\000\040\000D\000A\000G\000\051}{subsection.13.4}% 65
\BOOKMARK [3][-]{subsubsection.13.4.2}{\376\377\000E\000v\000e\000n\000t\000\040\000S\000o\000u\000r\000c\000i\000n\000g}{subsection.13.4}% 66
\BOOKMARK [3][-]{subsubsection.13.4.3}{\376\377\000O\000p\000e\000r\000a\000t\000i\000o\000n\000-\000B\000a\000s\000e\000d\000\040\000C\000R\000D\000T\000s}{subsection.13.4}% 67
\BOOKMARK [3][-]{subsubsection.13.4.4}{\376\377\000P\000r\000o\000c\000e\000s\000s\000\040\000M\000i\000n\000i\000n\000g\000\040\000/\000\040\000X\000E\000S\000\040\000E\000v\000e\000n\000t\000\040\000L\000o\000g\000s}{subsection.13.4}% 68
\BOOKMARK [3][-]{subsubsection.13.4.5}{\376\377\000S\000u\000m\000m\000a\000r\000y}{subsection.13.4}% 69
\BOOKMARK [2][-]{subsection.13.5}{\376\377\000C\000o\000n\000n\000e\000c\000t\000i\000o\000n\000\040\000t\000o\000\040\000V\000e\000r\000s\000i\000o\000n\000\040\000C\000o\000n\000t\000r\000o\000l\000\040\000a\000n\000d\000\040\000S\000e\000m\000a\000n\000t\000i\000c\000\040\000I\000n\000f\000r\000a\000s\000t\000r\000u\000c\000t\000u\000r\000e}{section.13}% 70
\BOOKMARK [2][-]{subsection.13.6}{\376\377\000T\000h\000e\000\040\000L\000o\000g\000\040\000a\000s\000\040\000a\000\040\000C\000o\000n\000n\000e\000c\000t\000i\000o\000n\000\040\000o\000n\000\040\000a\000\040\000M\000a\000n\000i\000f\000o\000l\000d}{section.13}% 71
\BOOKMARK [2][-]{subsection.13.7}{\376\377\000M\000u\000l\000t\000i\000-\000S\000c\000a\000l\000e\000\040\000A\000d\000m\000i\000s\000s\000i\000b\000i\000l\000i\000t\000y\000\040\000a\000n\000d\000\040\000N\000e\000s\000t\000e\000d\000\040\000L\000o\000g\000s}{section.13}% 72
\BOOKMARK [2][-]{subsection.13.8}{\376\377\000A\000p\000p\000l\000i\000c\000a\000t\000i\000o\000n\000s}{section.13}% 73
\BOOKMARK [1][-]{section.14}{\376\377\000T\000h\000e\000\040\000E\000c\000o\000l\000o\000g\000y\000\040\000o\000f\000\040\000C\000o\000n\000t\000e\000x\000t\000s}{}% 74
\BOOKMARK [2][-]{subsection.14.1}{\376\377\000C\000o\000n\000t\000e\000x\000t\000s\000\040\000a\000s\000\040\000M\000a\000i\000n\000t\000a\000i\000n\000e\000d\000\040\000T\000r\000a\000j\000e\000c\000t\000o\000r\000i\000e\000s}{section.14}% 75
\BOOKMARK [2][-]{subsection.14.2}{\376\377\000T\000h\000e\000\040\000H\000i\000e\000r\000a\000r\000c\000h\000y\000\040\000o\000f\000\040\000C\000o\000n\000t\000e\000x\000t\000\040\000M\000a\000i\000n\000t\000e\000n\000a\000n\000c\000e}{section.14}% 76
\BOOKMARK [2][-]{subsection.14.3}{\376\377\000C\000o\000n\000t\000e\000x\000t\000\040\000O\000v\000e\000r\000l\000a\000p\000,\000\040\000I\000n\000h\000e\000r\000i\000t\000a\000n\000c\000e\000,\000\040\000a\000n\000d\000\040\000C\000o\000m\000p\000a\000t\000i\000b\000i\000l\000i\000t\000y}{section.14}% 77
\BOOKMARK [2][-]{subsection.14.4}{\376\377\000C\000o\000n\000t\000e\000x\000t\000s\000\040\000a\000s\000\040\000t\000h\000e\000\040\000I\000n\000v\000i\000s\000i\000b\000l\000e\000\040\000L\000a\000b\000o\000r\000\040\000o\000f\000\040\000S\000y\000s\000t\000e\000m\000s}{section.14}% 78
\BOOKMARK [1][-]{section.15}{\376\377\000T\000h\000e\000\040\000E\000c\000o\000n\000o\000m\000i\000c\000s\000\040\000o\000f\000\040\000C\000o\000m\000p\000r\000e\000s\000s\000i\000o\000n\000\040\000a\000n\000d\000\040\000M\000a\000i\000n\000t\000e\000n\000a\000n\000c\000e}{}% 79
\BOOKMARK [2][-]{subsection.15.1}{\376\377\000N\000a\000m\000i\000n\000g\000\040\000C\000o\000s\000t\000s\000\040\000V\000e\000r\000s\000u\000s\000\040\000M\000a\000i\000n\000t\000e\000n\000a\000n\000c\000e\000\040\000C\000o\000s\000t\000s}{section.15}% 80
\BOOKMARK [2][-]{subsection.15.2}{\376\377\000T\000r\000a\000j\000e\000c\000t\000o\000r\000y\000\040\000D\000e\000b\000t\000\040\000a\000n\000d\000\040\000I\000t\000s\000\040\000A\000c\000c\000u\000m\000u\000l\000a\000t\000i\000o\000n}{section.15}% 81
\BOOKMARK [2][-]{subsection.15.3}{\376\377\000T\000h\000e\000\040\000T\000r\000a\000j\000e\000c\000t\000o\000r\000y\000\040\000D\000e\000b\000t\000\040\000P\000r\000i\000n\000c\000i\000p\000l\000e}{section.15}% 82
\BOOKMARK [2][-]{subsection.15.4}{\376\377\000W\000h\000e\000n\000\040\000P\000r\000o\000c\000e\000s\000s\000-\000P\000r\000i\000m\000a\000r\000y\000\040\000T\000r\000a\000c\000k\000i\000n\000g\000\040\000P\000a\000y\000s}{section.15}% 83
\BOOKMARK [1][-]{section.16}{\376\377\000C\000i\000v\000i\000l\000i\000z\000a\000t\000i\000o\000n\000\040\000a\000s\000\040\000R\000e\000a\000c\000h\000a\000b\000i\000l\000i\000t\000y\000\040\000M\000a\000n\000a\000g\000e\000m\000e\000n\000t}{}% 84
\BOOKMARK [2][-]{subsection.16.1}{\376\377\000C\000i\000v\000i\000l\000i\000z\000a\000t\000i\000o\000n\000\040\000a\000s\000\040\000A\000d\000m\000i\000s\000s\000i\000b\000i\000l\000i\000t\000y\000\040\000I\000n\000f\000r\000a\000s\000t\000r\000u\000c\000t\000u\000r\000e}{section.16}% 85
\BOOKMARK [2][-]{subsection.16.2}{\376\377\000T\000h\000e\000\040\000C\000i\000v\000i\000l\000i\000z\000a\000t\000i\000o\000n\000a\000l\000\040\000A\000d\000m\000i\000s\000s\000i\000b\000i\000l\000i\000t\000y\000\040\000L\000o\000g}{section.16}% 86
\BOOKMARK [2][-]{subsection.16.3}{\376\377\000T\000h\000e\000\040\000M\000a\000i\000n\000t\000e\000n\000a\000n\000c\000e\000\040\000I\000m\000p\000e\000r\000a\000t\000i\000v\000e}{section.16}% 87
\BOOKMARK [2][-]{subsection.16.4}{\376\377\000R\000e\000c\000u\000r\000s\000i\000v\000e\000\040\000A\000p\000p\000l\000i\000c\000a\000t\000i\000o\000n\000:\000\040\000T\000h\000i\000s\000\040\000P\000a\000p\000e\000r\000\040\000a\000s\000\040\000a\000\040\000S\000t\000a\000b\000l\000e\000\040\000R\000e\000s\000i\000d\000u\000e}{section.16}% 88
\BOOKMARK [1][-]{section.17}{\376\377\000C\000o\000n\000c\000l\000u\000s\000i\000o\000n\000:\000\040\000R\000e\000a\000c\000h\000a\000b\000i\000l\000i\000t\000y\000,\000\040\000N\000o\000t\000\040\000E\000x\000i\000s\000t\000e\000n\000c\000e}{}% 89
\BOOKMARK [1][-]{appendix.A}{\376\377\000A\000d\000m\000i\000s\000s\000i\000b\000i\000l\000i\000t\000y\000\040\000G\000e\000o\000m\000e\000t\000r\000y\000:\000\040\000R\000e\000a\000c\000h\000a\000b\000i\000l\000i\000t\000y\000\040\000V\000o\000l\000u\000m\000e\000s\000,\000\040\000B\000a\000s\000i\000n\000\040\000M\000e\000a\000s\000u\000r\000e\000s\000,\000\040\000a\000n\000d\000\040\000C\000o\000n\000t\000r\000a\000c\000t\000i\000o\000n\000\040\000M\000e\000t\000r\000i\000c\000s}{}% 90
\BOOKMARK [1][-]{appendix.B}{\376\377\000T\000h\000e\000\040\000S\000t\000a\000b\000i\000l\000i\000t\000y\000\040\000F\000u\000n\000c\000t\000i\000o\000n\000a\000l\000,\000\040\000P\000h\000a\000s\000e\000\040\000T\000r\000a\000n\000s\000i\000t\000i\000o\000n\000s\000,\000\040\000a\000n\000d\000\040\000L\000o\000g\000\040\000I\000n\000v\000a\000r\000i\000a\000n\000t\000s}{}% 91
\BOOKMARK [1][-]{appendix.C}{\376\377\000S\000h\000e\000a\000f\000-\000T\000h\000e\000o\000r\000e\000t\000i\000c\000\040\000E\000x\000p\000r\000e\000s\000s\000i\000o\000n\000\040\000o\000f\000\040\000t\000h\000e\000\040\000C\000e\000n\000t\000r\000a\000l\000\040\000C\000l\000a\000i\000m\000s}{}% 92
\BOOKMARK [1][-]{appendix.D}{\376\377\000T\000h\000e\000\040\000F\000u\000l\000l\000\040\000T\000a\000b\000l\000e\000\040\000o\000f\000\040\000C\000o\000r\000r\000e\000c\000t\000i\000o\000n\000s}{}% 93
\BOOKMARK [1][-]{appendix.E}{\376\377\000D\000i\000a\000g\000n\000o\000s\000t\000i\000c\000\040\000T\000e\000s\000t\000s\000\040\000f\000o\000r\000\040\000t\000h\000e\000\040\000N\000o\000u\000n\000\040\000F\000a\000l\000l\000a\000c\000y}{}% 94
\BOOKMARK [1][-]{appendix.F}{\376\377\000S\000p\000e\000c\000i\000a\000l\000i\000z\000e\000d\000\040\000R\000e\000a\000l\000i\000z\000a\000t\000i\000o\000n\000s\000\040\000o\000f\000\040\000t\000h\000e\000\040\000G\000e\000n\000e\000r\000a\000l\000\040\000F\000r\000a\000m\000e\000w\000o\000r\000k}{}% 95
\BOOKMARK [2][-]{subsection.F.1}{\376\377\000R\000S\000V\000P\000\040\000C\000o\000s\000m\000o\000l\000o\000g\000y}{appendix.F}% 96
\BOOKMARK [2][-]{subsection.F.2}{\376\377\000C\000L\000I\000O\000\040\000P\000r\000o\000j\000e\000c\000t\000i\000o\000n\000s}{appendix.F}% 97
\BOOKMARK [2][-]{subsection.F.3}{\376\377\000S\000p\000h\000e\000r\000e\000p\000o\000p\000\040\000E\000v\000e\000n\000t\000\040\000C\000a\000l\000c\000u\000l\000u\000s}{appendix.F}% 98
