\BOOKMARK [0][-]{part*.1}{\376\377\000P\000a\000r\000t\000\040\000I\000:\000\040\000O\000r\000i\000g\000i\000n\000s\000\040\000a\000n\000d\000\040\000C\000o\000n\000v\000e\000r\000g\000e\000n\000c\000e}{}% 1
\BOOKMARK [1][-]{section.1}{\376\377\000P\000r\000a\000c\000t\000i\000c\000e\000\040\000a\000s\000\040\000t\000h\000e\000\040\000G\000r\000o\000u\000n\000d\000\040\000F\000l\000o\000o\000r}{part*.1}% 2
\BOOKMARK [1][-]{section.2}{\376\377\000T\000h\000e\000\040\000P\000h\000a\000s\000e\000\040\000B\000e\000f\000o\000r\000e\000\040\000t\000h\000e\000\040\000M\000a\000p}{part*.1}% 3
\BOOKMARK [1][-]{section.3}{\376\377\000F\000o\000u\000r\000\040\000R\000e\000c\000u\000r\000r\000i\000n\000g\000\040\000I\000n\000t\000u\000i\000t\000i\000o\000n\000s}{part*.1}% 4
\BOOKMARK [1][-]{section.4}{\376\377\000P\000r\000e\000c\000u\000r\000s\000o\000r\000\040\000W\000o\000r\000k\000s\000\040\000a\000n\000d\000\040\000R\000e\000c\000o\000v\000e\000r\000e\000d\000\040\000T\000h\000r\000e\000a\000d\000s}{part*.1}% 5
\BOOKMARK [1][-]{section.5}{\376\377\000T\000h\000e\000\040\000W\000i\000d\000e\000r\000\040\000S\000p\000e\000c\000u\000l\000a\000t\000i\000v\000e\000\040\000C\000o\000r\000p\000u\000s}{part*.1}% 6
\BOOKMARK [0][-]{part*.2}{\376\377\000P\000a\000r\000t\000\040\000I\000I\000:\000\040\000T\000h\000e\000\040\000C\000u\000r\000r\000e\000n\000t\000\040\000A\000r\000c\000h\000i\000t\000e\000c\000t\000u\000r\000e}{}% 7
\BOOKMARK [1][-]{section.6}{\376\377\000O\000v\000e\000r\000v\000i\000e\000w\000:\000\040\000A\000\040\000F\000i\000v\000e\000-\000L\000a\000y\000e\000r\000\040\000A\000r\000c\000h\000i\000t\000e\000c\000t\000u\000r\000e}{part*.2}% 8
\BOOKMARK [1][-]{section.7}{\376\377\000L\000a\000y\000e\000r\000\040\000O\000n\000e\000:\000\040\000F\000o\000u\000n\000d\000a\000t\000i\000o\000n\000a\000l\000\040\000O\000n\000t\000o\000l\000o\000g\000y}{part*.2}% 9
\BOOKMARK [2][-]{subsection.7.1}{\376\377\000R\000e\000a\000c\000h\000a\000b\000i\000l\000i\000t\000y\000\040\000O\000n\000t\000o\000l\000o\000g\000y}{section.7}% 10
\BOOKMARK [1][-]{section.8}{\376\377\000L\000a\000y\000e\000r\000\040\000T\000w\000o\000:\000\040\000P\000r\000i\000m\000a\000r\000y\000\040\000T\000h\000e\000o\000r\000i\000e\000s}{part*.2}% 11
\BOOKMARK [2][-]{subsection.8.1}{\376\377\000R\000S\000V\000P\000\040\040\024\000\040\000R\000e\000l\000a\000t\000i\000v\000i\000s\000t\000i\000c\000\040\000S\000c\000a\000l\000a\000r\000-\000V\000e\000c\000t\000o\000r\000\040\000P\000l\000e\000n\000u\000m}{section.8}% 12
\BOOKMARK [2][-]{subsection.8.2}{\376\377\000C\000L\000I\000O\000\040\040\024\000\040\000C\000o\000n\000s\000t\000r\000a\000i\000n\000t\000-\000L\000e\000v\000e\000r\000a\000g\000e\000d\000\040\000I\000n\000f\000e\000r\000e\000n\000c\000e\000\040\000a\000n\000d\000\040\000O\000p\000t\000i\000m\000i\000s\000a\000t\000i\000o\000n}{section.8}% 13
\BOOKMARK [2][-]{subsection.8.3}{\376\377\000S\000p\000h\000e\000r\000e\000p\000o\000p}{section.8}% 14
\BOOKMARK [2][-]{subsection.8.4}{\376\377\000R\000e\000p\000a\000i\000r\000\040\000T\000h\000e\000o\000r\000y}{section.8}% 15
\BOOKMARK [1][-]{section.9}{\376\377\000L\000a\000y\000e\000r\000\040\000T\000h\000r\000e\000e\000:\000\040\000S\000e\000c\000o\000n\000d\000a\000r\000y\000\040\000F\000o\000r\000m\000a\000l\000i\000s\000m\000s}{part*.2}% 16
\BOOKMARK [2][-]{subsection.9.1}{\376\377\000T\000A\000R\000T\000A\000N}{section.9}% 17
\BOOKMARK [2][-]{subsection.9.2}{\376\377\000C\000o\000o\000r\000d\000i\000n\000a\000t\000i\000o\000n\000\040\000G\000e\000o\000m\000e\000t\000r\000y}{section.9}% 18
\BOOKMARK [2][-]{subsection.9.3}{\376\377\000A\000c\000t\000i\000v\000e\000\040\000G\000e\000o\000d\000e\000s\000i\000c\000\040\000I\000n\000f\000e\000r\000e\000n\000c\000e}{section.9}% 19
\BOOKMARK [2][-]{subsection.9.4}{\376\377\000S\000e\000m\000a\000n\000t\000i\000c\000\040\000N\000a\000v\000i\000g\000a\000t\000i\000o\000n\000\040\000a\000n\000d\000\040\000P\000r\000e\000f\000e\000r\000e\000n\000c\000e\000\040\000F\000i\000e\000l\000d\000s}{section.9}% 20
\BOOKMARK [1][-]{section.10}{\376\377\000L\000a\000y\000e\000r\000\040\000F\000o\000u\000r\000:\000\040\000I\000n\000t\000e\000g\000r\000a\000t\000i\000v\000e\000\040\000a\000n\000d\000\040\000A\000p\000p\000l\000i\000e\000d\000\040\000F\000r\000a\000m\000e\000w\000o\000r\000k\000s}{part*.2}% 21
\BOOKMARK [2][-]{subsection.10.1}{\376\377\000H\000Y\000D\000R\000A}{section.10}% 22
\BOOKMARK [2][-]{subsection.10.2}{\376\377\000P\000r\000o\000c\000e\000s\000s\000-\000N\000a\000t\000i\000v\000e\000\040\000C\000o\000m\000p\000u\000t\000i\000n\000g}{section.10}% 23
\BOOKMARK [2][-]{subsection.10.3}{\376\377\000C\000i\000v\000i\000l\000i\000s\000a\000t\000i\000o\000n\000\040\000a\000n\000d\000\040\000I\000n\000s\000t\000i\000t\000u\000t\000i\000o\000n\000a\000l\000\040\000G\000e\000o\000m\000e\000t\000r\000y}{section.10}% 24
\BOOKMARK [1][-]{section.11}{\376\377\000T\000h\000e\000\040\000R\000S\000V\000P\000\040\000F\000o\000r\000m\000a\000l\000i\000z\000a\000t\000i\000o\000n\000\040\000P\000r\000o\000g\000r\000a\000m\000s}{part*.2}% 25
\BOOKMARK [1][-]{section.12}{\376\377\000D\000o\000m\000a\000i\000n\000\040\000A\000p\000p\000l\000i\000c\000a\000t\000i\000o\000n\000s\000\040\000a\000n\000d\000\040\000P\000e\000r\000i\000p\000h\000e\000r\000a\000l\000\040\000I\000n\000v\000e\000s\000t\000i\000g\000a\000t\000i\000o\000n\000s}{part*.2}% 26
\BOOKMARK [2][-]{subsection.12.1}{\376\377\000E\000c\000o\000l\000o\000g\000i\000c\000a\000l\000\040\000N\000e\000t\000w\000o\000r\000k\000\040\000D\000y\000n\000a\000m\000i\000c\000s}{section.12}% 27
\BOOKMARK [2][-]{subsection.12.2}{\376\377\000P\000e\000d\000a\000g\000o\000g\000y}{section.12}% 28
\BOOKMARK [2][-]{subsection.12.3}{\376\377\000P\000e\000r\000i\000p\000h\000e\000r\000a\000l\000\040\000I\000n\000v\000e\000s\000t\000i\000g\000a\000t\000i\000o\000n\000s}{section.12}% 29
\BOOKMARK [1][-]{section.13}{\376\377\000T\000h\000e\000\040\000A\000d\000j\000a\000c\000e\000n\000t\000\040\000E\000c\000o\000s\000y\000s\000t\000e\000m\000:\000\040\0008\000b\000.\000I\000S\000\040\000a\000n\000d\000\040\000i\000t\000s\000\040\000S\000t\000a\000c\000k}{part*.2}% 30
\BOOKMARK [0][-]{part*.3}{\376\377\000P\000a\000r\000t\000\040\000I\000I\000I\000:\000\040\000O\000p\000e\000n\000\040\000P\000r\000o\000b\000l\000e\000m\000s}{}% 31
\BOOKMARK [1][-]{section.14}{\376\377\000M\000a\000j\000o\000r\000\040\000U\000n\000r\000e\000s\000o\000l\000v\000e\000d\000\040\000Q\000u\000e\000s\000t\000i\000o\000n\000s}{part*.3}% 32
\BOOKMARK [2][-]{subsection.14.1}{\376\377\000T\000h\000e\000\040\000C\000o\000n\000t\000i\000n\000u\000o\000u\000s\000-\000D\000i\000s\000c\000r\000e\000t\000e\000\040\000I\000n\000t\000e\000r\000f\000a\000c\000e\000:\000\040\000R\000S\000V\000P\000\040\000a\000n\000d\000\040\000S\000p\000h\000e\000r\000e\000p\000o\000p}{section.14}% 33
\BOOKMARK [2][-]{subsection.14.2}{\376\377\000P\000r\000o\000j\000e\000c\000t\000i\000o\000n\000\040\000a\000n\000d\000\040\000I\000n\000t\000r\000i\000n\000s\000i\000c\000\040\000S\000t\000r\000u\000c\000t\000u\000r\000e\000:\000\040\000T\000h\000e\000\040\000C\000L\000I\000O\000\040\000P\000r\000o\000b\000l\000e\000m}{section.14}% 34
\BOOKMARK [2][-]{subsection.14.3}{\376\377\000R\000e\000p\000a\000i\000r\000\040\000a\000n\000d\000\040\000T\000h\000e\000r\000m\000o\000d\000y\000n\000a\000m\000i\000c\000s}{section.14}% 35
\BOOKMARK [2][-]{subsection.14.4}{\376\377\000C\000o\000o\000r\000d\000i\000n\000a\000t\000i\000o\000n\000\040\000a\000n\000d\000\040\000M\000e\000a\000n\000i\000n\000g}{section.14}% 36
\BOOKMARK [2][-]{subsection.14.5}{\376\377\000P\000r\000e\000s\000e\000r\000v\000a\000t\000i\000o\000n\000\040\000a\000n\000d\000\040\000R\000e\000a\000c\000h\000a\000b\000i\000l\000i\000t\000y}{section.14}% 37
\BOOKMARK [2][-]{subsection.14.6}{\376\377\000T\000h\000e\000\040\000U\000m\000b\000r\000e\000l\000l\000a\000\040\000Q\000u\000e\000s\000t\000i\000o\000n}{section.14}% 38
\BOOKMARK [1][-]{section.15}{\376\377\000T\000h\000e\000\040\000C\000e\000n\000t\000r\000a\000l\000\040\000C\000o\000n\000j\000e\000c\000t\000u\000r\000e\000\040\000o\000f\000\040\000t\000h\000e\000\040\000A\000d\000m\000i\000s\000s\000i\000b\000i\000l\000i\000t\000y\000\040\000P\000r\000o\000g\000r\000a\000m}{part*.3}% 39
\BOOKMARK [1][-]{section.16}{\376\377\000T\000h\000e\000\040\000A\000r\000c\000h\000i\000t\000e\000c\000t\000u\000r\000e\000\040\000i\000n\000\040\000R\000e\000t\000r\000o\000s\000p\000e\000c\000t}{part*.3}% 40
\BOOKMARK [0][-]{part*.4}{\376\377\000A\000p\000p\000e\000n\000d\000i\000x\000\040\000A\000:\000\040\000F\000r\000a\000m\000e\000w\000o\000r\000k\000\040\000R\000e\000f\000e\000r\000e\000n\000c\000e\000\040\000G\000u\000i\000d\000e}{}% 41
\BOOKMARK [1][-]{appendix.A}{\376\377\000H\000o\000w\000\040\000t\000o\000\040\000U\000s\000e\000\040\000T\000h\000i\000s\000\040\000A\000p\000p\000e\000n\000d\000i\000x}{part*.4}% 42
\BOOKMARK [1][-]{appendix.B}{\376\377\000P\000r\000e\000c\000u\000r\000s\000o\000r\000\040\000W\000o\000r\000k\000s}{part*.4}% 43
\BOOKMARK [2][-]{subsubsection.B.0.1}{\376\377\000P\000e\000r\000s\000i\000s\000t\000e\000n\000t\000\040\000A\000n\000o\000m\000a\000l\000i\000e\000s\000\040\000a\000n\000d\000\040\000t\000h\000e\000\040\000G\000e\000o\000m\000e\000t\000r\000y\000\040\000o\000f\000\040\000O\000n\000t\000o\000l\000o\000g\000y\000\040\000R\000e\000v\000i\000s\000i\000o\000n}{appendix.B}% 44
\BOOKMARK [1][-]{appendix.C}{\376\377\000F\000o\000r\000m\000a\000l\000i\000z\000a\000t\000i\000o\000n\000\040\000P\000r\000o\000g\000r\000a\000m\000s}{part*.4}% 45
\BOOKMARK [2][-]{subsubsection.C.0.1}{\376\377\000H\000o\000l\000o\000n\000o\000m\000i\000c\000\040\000S\000p\000a\000c\000e}{appendix.C}% 46
\BOOKMARK [3][-]{subsubsection.C.0.2}{\376\377\000D\000e\000r\000i\000v\000e\000d\000\040\000A\000l\000g\000e\000b\000r\000a\000i\000c\000\040\000G\000e\000o\000m\000e\000t\000r\000y\000\040\000F\000o\000r\000m\000a\000l\000i\000z\000a\000t\000i\000o\000n}{subsubsection.C.0.1}% 47
\BOOKMARK [3][-]{subsubsection.C.0.3}{\376\377\000A\000K\000S\000Z\000/\000B\000V\000\040\000Q\000u\000a\000n\000t\000i\000z\000a\000t\000i\000o\000n}{subsubsection.C.0.1}% 48
\BOOKMARK [1][-]{appendix.D}{\376\377\000F\000o\000u\000n\000d\000a\000t\000i\000o\000n\000a\000l\000\040\000O\000n\000t\000o\000l\000o\000g\000y}{part*.4}% 49
\BOOKMARK [2][-]{subsubsection.D.0.1}{\376\377\000R\000e\000a\000c\000h\000a\000b\000i\000l\000i\000t\000y\000\040\000O\000n\000t\000o\000l\000o\000g\000y}{appendix.D}% 50
\BOOKMARK [1][-]{appendix.E}{\376\377\000P\000r\000i\000m\000a\000r\000y\000\040\000T\000h\000e\000o\000r\000i\000e\000s}{part*.4}% 51
\BOOKMARK [2][-]{subsubsection.E.0.1}{\376\377\000R\000S\000V\000P}{appendix.E}% 52
\BOOKMARK [3][-]{subsubsection.E.0.2}{\376\377\000C\000L\000I\000O}{subsubsection.E.0.1}% 53
\BOOKMARK [3][-]{subsubsection.E.0.3}{\376\377\000S\000p\000h\000e\000r\000e\000p\000o\000p}{subsubsection.E.0.1}% 54
\BOOKMARK [3][-]{subsubsection.E.0.4}{\376\377\000R\000e\000p\000a\000i\000r\000\040\000T\000h\000e\000o\000r\000y}{subsubsection.E.0.1}% 55
\BOOKMARK [1][-]{appendix.F}{\376\377\000S\000e\000c\000o\000n\000d\000a\000r\000y\000\040\000F\000o\000r\000m\000a\000l\000i\000s\000m\000s}{part*.4}% 56
\BOOKMARK [2][-]{subsubsection.F.0.1}{\376\377\000T\000A\000R\000T\000A\000N}{appendix.F}% 57
\BOOKMARK [3][-]{subsubsection.F.0.2}{\376\377\000C\000o\000o\000r\000d\000i\000n\000a\000t\000i\000o\000n\000\040\000G\000e\000o\000m\000e\000t\000r\000y}{subsubsection.F.0.1}% 58
\BOOKMARK [3][-]{subsubsection.F.0.3}{\376\377\000P\000r\000e\000s\000e\000r\000v\000a\000t\000i\000o\000n\000,\000\040\000C\000o\000n\000t\000i\000n\000u\000i\000t\000y\000,\000\040\000a\000n\000d\000\040\000E\000c\000p\000h\000o\000r\000y}{subsubsection.F.0.1}% 59
\BOOKMARK [3][-]{subsubsection.F.0.4}{\376\377\000S\000e\000m\000a\000n\000t\000i\000c\000\040\000N\000a\000v\000i\000g\000a\000t\000i\000o\000n\000\040\000a\000n\000d\000\040\000P\000r\000e\000f\000e\000r\000e\000n\000c\000e\000\040\000F\000i\000e\000l\000d\000s}{subsubsection.F.0.1}% 60
\BOOKMARK [3][-]{subsubsection.F.0.5}{\376\377\000A\000b\000s\000t\000r\000a\000c\000t\000i\000o\000n\000\040\000a\000s\000\040\000R\000e\000d\000u\000c\000t\000i\000o\000n}{subsubsection.F.0.1}% 61
\BOOKMARK [3][-]{subsubsection.F.0.6}{\376\377\000A\000c\000t\000i\000v\000e\000\040\000G\000e\000o\000d\000e\000s\000i\000c\000\040\000I\000n\000f\000e\000r\000e\000n\000c\000e}{subsubsection.F.0.1}% 62
\BOOKMARK [1][-]{appendix.G}{\376\377\000I\000n\000t\000e\000g\000r\000a\000t\000i\000v\000e\000\040\000a\000n\000d\000\040\000A\000p\000p\000l\000i\000e\000d\000\040\000F\000r\000a\000m\000e\000w\000o\000r\000k\000s}{part*.4}% 63
\BOOKMARK [2][-]{subsubsection.G.0.1}{\376\377\000H\000Y\000D\000R\000A}{appendix.G}% 64
\BOOKMARK [3][-]{subsubsection.G.0.2}{\376\377\000P\000r\000o\000c\000e\000s\000s\000-\000N\000a\000t\000i\000v\000e\000\040\000C\000o\000m\000p\000u\000t\000i\000n\000g}{subsubsection.G.0.1}% 65
\BOOKMARK [3][-]{subsubsection.G.0.3}{\376\377\000C\000i\000v\000i\000l\000i\000s\000a\000t\000i\000o\000n\000\040\000a\000n\000d\000\040\000I\000n\000s\000t\000i\000t\000u\000t\000i\000o\000n\000a\000l\000\040\000G\000e\000o\000m\000e\000t\000r\000y}{subsubsection.G.0.1}% 66
\BOOKMARK [0][-]{part*.5}{\376\377\000A\000p\000p\000e\000n\000d\000i\000x\000\040\000B\000:\000\040\000R\000e\000s\000e\000a\000r\000c\000h\000\040\000C\000o\000r\000p\000u\000s}{}% 67
