\BOOKMARK [0][-]{chapter*.1}{\376\377\000P\000r\000e\000f\000a\000c\000e}{}% 1
\BOOKMARK [0][-]{chapter.1}{\376\377\0001\000\040\000T\000h\000e\000\040\000T\000w\000o\000-\000S\000a\000m\000p\000l\000e\000\040\000P\000r\000o\000b\000l\000e\000m\000\040\000a\000n\000d\000\040\000I\000t\000s\000\040\000D\000i\000f\000f\000i\000c\000u\000l\000t\000i\000e\000s}{}% 2
\BOOKMARK [1][-]{section.1.1}{\376\377\0001\000.\0001\000\040\000T\000h\000e\000\040\000C\000l\000a\000s\000s\000i\000c\000a\000l\000\040\000S\000e\000t\000t\000i\000n\000g}{chapter.1}% 3
\BOOKMARK [1][-]{section.1.2}{\376\377\0001\000.\0002\000\040\000T\000h\000e\000\040\000N\000o\000n\000p\000a\000r\000a\000m\000e\000t\000r\000i\000c\000\040\000T\000w\000o\000-\000S\000a\000m\000p\000l\000e\000\040\000P\000r\000o\000b\000l\000e\000m}{chapter.1}% 4
\BOOKMARK [1][-]{section.1.3}{\376\377\0001\000.\0003\000\040\000H\000i\000g\000h\000-\000D\000i\000m\000e\000n\000s\000i\000o\000n\000a\000l\000\040\000a\000n\000d\000\040\000C\000o\000m\000p\000l\000e\000x\000\040\000D\000o\000m\000a\000i\000n\000s}{chapter.1}% 5
\BOOKMARK [1][-]{section.1.4}{\376\377\0001\000.\0004\000\040\000K\000e\000r\000n\000e\000l\000\040\000M\000e\000t\000h\000o\000d\000s\000\040\000a\000n\000d\000\040\000t\000h\000e\000\040\000M\000M\000D}{chapter.1}% 6
\BOOKMARK [1][-]{section.1.5}{\376\377\0001\000.\0005\000\040\000O\000v\000e\000r\000v\000i\000e\000w\000\040\000o\000f\000\040\000t\000h\000e\000\040\000S\000e\000p\000a\000r\000a\000t\000i\000o\000n\000\040\000P\000h\000e\000n\000o\000m\000e\000n\000o\000n}{chapter.1}% 7
\BOOKMARK [0][-]{chapter.2}{\376\377\0002\000\040\000R\000e\000p\000r\000o\000d\000u\000c\000i\000n\000g\000\040\000K\000e\000r\000n\000e\000l\000\040\000H\000i\000l\000b\000e\000r\000t\000\040\000S\000p\000a\000c\000e\000s}{}% 8
\BOOKMARK [1][-]{section.2.1}{\376\377\0002\000.\0001\000\040\000K\000e\000r\000n\000e\000l\000s\000\040\000a\000n\000d\000\040\000F\000e\000a\000t\000u\000r\000e\000\040\000M\000a\000p\000s}{chapter.2}% 9
\BOOKMARK [1][-]{section.2.2}{\376\377\0002\000.\0002\000\040\000E\000x\000a\000m\000p\000l\000e\000s\000\040\000o\000f\000\040\000K\000e\000r\000n\000e\000l\000s}{chapter.2}% 10
\BOOKMARK [1][-]{section.2.3}{\376\377\0002\000.\0003\000\040\000U\000n\000i\000v\000e\000r\000s\000a\000l\000i\000t\000y\000\040\000a\000n\000d\000\040\000C\000h\000a\000r\000a\000c\000t\000e\000r\000i\000s\000t\000i\000c\000\040\000K\000e\000r\000n\000e\000l\000s}{chapter.2}% 11
\BOOKMARK [1][-]{section.2.4}{\376\377\0002\000.\0004\000\040\000O\000p\000e\000r\000a\000t\000o\000r\000\040\000T\000h\000e\000o\000r\000y\000\040\000o\000n\000\040\000H\000i\000l\000b\000e\000r\000t\000\040\000S\000p\000a\000c\000e\000s}{chapter.2}% 12
\BOOKMARK [1][-]{section.2.5}{\376\377\0002\000.\0005\000\040\000M\000e\000a\000n\000\040\000a\000n\000d\000\040\000C\000o\000v\000a\000r\000i\000a\000n\000c\000e\000\040\000E\000m\000b\000e\000d\000d\000i\000n\000g\000s}{chapter.2}% 13
\BOOKMARK [0][-]{chapter.3}{\376\377\0003\000\040\000G\000a\000u\000s\000s\000i\000a\000n\000\040\000M\000e\000a\000s\000u\000r\000e\000s\000\040\000i\000n\000\040\000I\000n\000f\000i\000n\000i\000t\000e\000\040\000D\000i\000m\000e\000n\000s\000i\000o\000n\000s}{}% 14
\BOOKMARK [1][-]{section.3.1}{\376\377\0003\000.\0001\000\040\000G\000a\000u\000s\000s\000i\000a\000n\000\040\000M\000e\000a\000s\000u\000r\000e\000s\000\040\000o\000n\000\040\000H\000i\000l\000b\000e\000r\000t\000\040\000S\000p\000a\000c\000e\000s}{chapter.3}% 15
\BOOKMARK [1][-]{section.3.2}{\376\377\0003\000.\0002\000\040\000S\000u\000p\000p\000o\000r\000t\000\040\000o\000f\000\040\000a\000\040\000G\000a\000u\000s\000s\000i\000a\000n\000\040\000M\000e\000a\000s\000u\000r\000e}{chapter.3}% 16
\BOOKMARK [1][-]{section.3.3}{\376\377\0003\000.\0003\000\040\000M\000u\000t\000u\000a\000l\000\040\000S\000i\000n\000g\000u\000l\000a\000r\000i\000t\000y\000\040\000a\000n\000d\000\040\000E\000q\000u\000i\000v\000a\000l\000e\000n\000c\000e}{chapter.3}% 17
\BOOKMARK [0][-]{chapter.4}{\376\377\0004\000\040\000T\000h\000e\000\040\000F\000e\000l\000d\000m\000a\000n\040\023\000H\000\341\000j\000e\000k\000\040\000T\000h\000e\000o\000r\000e\000m}{}% 18
\BOOKMARK [1][-]{section.4.1}{\376\377\0004\000.\0001\000\040\000S\000t\000a\000t\000e\000m\000e\000n\000t\000\040\000o\000f\000\040\000t\000h\000e\000\040\000T\000h\000e\000o\000r\000e\000m}{chapter.4}% 19
\BOOKMARK [1][-]{section.4.2}{\376\377\0004\000.\0002\000\040\000G\000e\000o\000m\000e\000t\000r\000i\000c\000\040\000I\000n\000t\000e\000r\000p\000r\000e\000t\000a\000t\000i\000o\000n}{chapter.4}% 20
\BOOKMARK [1][-]{section.4.3}{\376\377\0004\000.\0003\000\040\000T\000h\000e\000\040\000C\000r\000i\000t\000e\000r\000i\000o\000n\000\040\000f\000o\000r\000\040\000C\000e\000n\000t\000e\000r\000e\000d\000\040\000G\000a\000u\000s\000s\000i\000a\000n\000s}{chapter.4}% 21
\BOOKMARK [1][-]{section.4.4}{\376\377\0004\000.\0004\000\040\000H\000i\000s\000t\000o\000r\000i\000c\000a\000l\000\040\000N\000o\000t\000e\000s}{chapter.4}% 22
\BOOKMARK [0][-]{chapter.5}{\376\377\0005\000\040\000T\000h\000e\000\040\000M\000a\000i\000n\000\040\000T\000h\000e\000o\000r\000e\000m\000:\000\040\000S\000e\000p\000a\000r\000a\000t\000i\000o\000n\000\040\000o\000f\000\040\000M\000e\000a\000s\000u\000r\000e}{}% 23
\BOOKMARK [1][-]{section.5.1}{\376\377\0005\000.\0001\000\040\000S\000e\000t\000u\000p\000\040\000a\000n\000d\000\040\000A\000s\000s\000u\000m\000p\000t\000i\000o\000n\000s}{chapter.5}% 24
\BOOKMARK [1][-]{section.5.2}{\376\377\0005\000.\0002\000\040\000T\000h\000e\000\040\000S\000e\000p\000a\000r\000a\000t\000i\000o\000n\000\040\000o\000f\000\040\000M\000e\000a\000s\000u\000r\000e\000\040\000T\000h\000e\000o\000r\000e\000m}{chapter.5}% 25
\BOOKMARK [1][-]{section.5.3}{\376\377\0005\000.\0003\000\040\000P\000r\000o\000o\000f\000\040\000S\000t\000r\000a\000t\000e\000g\000y}{chapter.5}% 26
\BOOKMARK [2][-]{subsection.5.3.1}{\376\377\0005\000.\0003\000.\0001\000\040\000S\000t\000e\000p\000\040\0001\000:\000\040\000I\000n\000j\000e\000c\000t\000i\000v\000i\000t\000y\000\040\000o\000f\000\040\000t\000h\000e\000\040\000C\000o\000v\000a\000r\000i\000a\000n\000c\000e\000\040\000E\000m\000b\000e\000d\000d\000i\000n\000g}{section.5.3}% 27
\BOOKMARK [2][-]{subsection.5.3.2}{\376\377\0005\000.\0003\000.\0002\000\040\000S\000t\000e\000p\000\040\0002\000:\000\040\000T\000h\000e\000\040\000S\000p\000e\000c\000i\000a\000l\000\040\000S\000t\000r\000u\000c\000t\000u\000r\000e\000\040\000o\000f\000\040\000K\000e\000r\000n\000e\000l\000\040\000C\000o\000v\000a\000r\000i\000a\000n\000c\000e\000\040\000O\000p\000e\000r\000a\000t\000o\000r\000s}{section.5.3}% 28
\BOOKMARK [1][-]{section.5.4}{\376\377\0005\000.\0004\000\040\000W\000h\000y\000\040\000C\000o\000v\000a\000r\000i\000a\000n\000c\000e\000,\000\040\000N\000o\000t\000\040\000M\000e\000a\000n\000,\000\040\000S\000u\000f\000f\000i\000c\000e\000s}{chapter.5}% 29
\BOOKMARK [1][-]{section.5.5}{\376\377\0005\000.\0005\000\040\000A\000\040\0000\000/\000\040\000L\000a\000w\000\040\000f\000o\000r\000\040\000t\000h\000e\000\040\000L\000i\000k\000e\000l\000i\000h\000o\000o\000d\000\040\000R\000a\000t\000i\000o}{chapter.5}% 30
\BOOKMARK [0][-]{chapter.6}{\376\377\0006\000\040\000T\000h\000e\000\040\000B\000l\000e\000s\000s\000i\000n\000g\000\040\000o\000f\000\040\000I\000n\000f\000i\000n\000i\000t\000e\000\040\000D\000i\000m\000e\000n\000s\000i\000o\000n\000a\000l\000i\000t\000y}{}% 31
\BOOKMARK [1][-]{section.6.1}{\376\377\0006\000.\0001\000\040\000I\000n\000v\000e\000r\000t\000i\000n\000g\000\040\000t\000h\000e\000\040\000C\000u\000r\000s\000e}{chapter.6}% 32
\BOOKMARK [1][-]{section.6.2}{\376\377\0006\000.\0002\000\040\000W\000h\000y\000\040\000I\000n\000f\000i\000n\000i\000t\000e\000\040\000D\000i\000m\000e\000n\000s\000i\000o\000n\000a\000l\000i\000t\000y\000\040\000H\000e\000l\000p\000s}{chapter.6}% 33
\BOOKMARK [1][-]{section.6.3}{\376\377\0006\000.\0003\000\040\000T\000h\000e\000\040\000R\000e\000f\000o\000r\000m\000u\000l\000a\000t\000i\000o\000n\000\040\000P\000r\000i\000n\000c\000i\000p\000l\000e}{chapter.6}% 34
\BOOKMARK [1][-]{section.6.4}{\376\377\0006\000.\0004\000\040\000C\000o\000m\000p\000a\000r\000i\000s\000o\000n\000\040\000w\000i\000t\000h\000\040\000t\000h\000e\000\040\000C\000u\000r\000s\000e\000\040\000o\000f\000\040\000D\000i\000m\000e\000n\000s\000i\000o\000n\000a\000l\000i\000t\000y}{chapter.6}% 35
\BOOKMARK [1][-]{section.6.5}{\376\377\0006\000.\0005\000\040\000A\000\040\000H\000i\000s\000t\000o\000r\000i\000c\000a\000l\000\040\000P\000a\000r\000a\000l\000l\000e\000l\000:\000\040\000t\000h\000e\000\040\000W\000e\000i\000e\000r\000s\000t\000r\000a\000s\000s\000\040\000I\000n\000v\000e\000r\000s\000i\000o\000n}{chapter.6}% 36
\BOOKMARK [0][-]{chapter.7}{\376\377\0007\000\040\000T\000h\000e\000\040\000M\000a\000x\000i\000m\000u\000m\000\040\000M\000e\000a\000n\000\040\000D\000i\000s\000c\000r\000e\000p\000a\000n\000c\000y\000\040\000a\000n\000d\000\040\000I\000t\000s\000\040\000L\000i\000m\000i\000t\000a\000t\000i\000o\000n\000s}{}% 37
\BOOKMARK [1][-]{section.7.1}{\376\377\0007\000.\0001\000\040\000T\000h\000e\000\040\000M\000M\000D\000\040\000R\000e\000v\000i\000s\000i\000t\000e\000d}{chapter.7}% 38
\BOOKMARK [1][-]{section.7.2}{\376\377\0007\000.\0002\000\040\000W\000h\000y\000\040\000M\000M\000D\000\040\000D\000o\000e\000s\000\040\000N\000o\000t\000\040\000E\000x\000p\000l\000o\000i\000t\000\040\000S\000e\000p\000a\000r\000a\000t\000i\000o\000n}{chapter.7}% 39
\BOOKMARK [1][-]{section.7.3}{\376\377\0007\000.\0003\000\040\000T\000h\000e\000\040\000S\000p\000e\000c\000t\000r\000u\000m\000\040\000o\000f\000\040\000C\000o\000v\000a\000r\000i\000a\000n\000c\000e\000\040\000O\000p\000e\000r\000a\000t\000o\000r\000s\000\040\000a\000n\000d\000\040\000T\000e\000s\000t\000i\000n\000g}{chapter.7}% 40
\BOOKMARK [0][-]{chapter.8}{\376\377\0008\000\040\000L\000i\000k\000e\000l\000i\000h\000o\000o\000d\000\040\000R\000a\000t\000i\000o\000\040\000T\000e\000s\000t\000s\000\040\000b\000y\000\040\000K\000e\000r\000n\000e\000l\000\040\000G\000a\000u\000s\000s\000i\000a\000n\000\040\000E\000m\000b\000e\000d\000d\000i\000n\000g}{}% 41
\BOOKMARK [1][-]{section.8.1}{\376\377\0008\000.\0001\000\040\000T\000h\000e\000\040\000G\000a\000u\000s\000s\000i\000a\000n\000\040\000L\000i\000k\000e\000l\000i\000h\000o\000o\000d\000\040\000R\000a\000t\000i\000o}{chapter.8}% 42
\BOOKMARK [1][-]{section.8.2}{\376\377\0008\000.\0002\000\040\000R\000e\000g\000u\000l\000a\000r\000i\000s\000a\000t\000i\000o\000n}{chapter.8}% 43
\BOOKMARK [1][-]{section.8.3}{\376\377\0008\000.\0003\000\040\000T\000h\000e\000o\000r\000e\000t\000i\000c\000a\000l\000\040\000G\000u\000a\000r\000a\000n\000t\000e\000e\000s}{chapter.8}% 44
\BOOKMARK [0][-]{chapter.9}{\376\377\0009\000\040\000R\000e\000p\000r\000e\000s\000e\000n\000t\000a\000t\000i\000o\000n\000\040\000a\000s\000\040\000D\000i\000s\000t\000i\000n\000c\000t\000i\000o\000n\000\040\000A\000m\000p\000l\000i\000f\000i\000c\000a\000t\000i\000o\000n}{}% 45
\BOOKMARK [1][-]{section.9.1}{\376\377\0009\000.\0001\000\040\000A\000\040\000H\000i\000e\000r\000a\000r\000c\000h\000y\000\040\000o\000f\000\040\000R\000e\000p\000r\000e\000s\000e\000n\000t\000a\000t\000i\000o\000n\000s}{chapter.9}% 46
\BOOKMARK [1][-]{section.9.2}{\376\377\0009\000.\0002\000\040\000D\000i\000s\000t\000i\000n\000g\000u\000i\000s\000h\000a\000b\000i\000l\000i\000t\000y\000\040\000a\000t\000\040\000E\000a\000c\000h\000\040\000L\000e\000v\000e\000l}{chapter.9}% 47
\BOOKMARK [1][-]{section.9.3}{\376\377\0009\000.\0003\000\040\000F\000o\000r\000m\000a\000l\000\040\000N\000o\000t\000i\000o\000n\000\040\000o\000f\000\040\000A\000m\000p\000l\000i\000f\000i\000c\000a\000t\000i\000o\000n}{chapter.9}% 48
\BOOKMARK [1][-]{section.9.4}{\376\377\0009\000.\0004\000\040\000T\000h\000e\000\040\000R\000e\000p\000r\000e\000s\000e\000n\000t\000a\000t\000i\000o\000n\000\040\000C\000h\000a\000i\000n}{chapter.9}% 49
\BOOKMARK [1][-]{section.9.5}{\376\377\0009\000.\0005\000\040\000R\000e\000p\000r\000e\000s\000e\000n\000t\000a\000t\000i\000o\000n\000-\000I\000n\000d\000u\000c\000e\000d\000\040\000P\000h\000a\000s\000e\000\040\000T\000r\000a\000n\000s\000i\000t\000i\000o\000n\000s}{chapter.9}% 50
\BOOKMARK [1][-]{section.9.6}{\376\377\0009\000.\0006\000\040\000C\000o\000m\000p\000a\000r\000i\000s\000o\000n\000:\000\040\000P\000r\000o\000j\000e\000c\000t\000i\000o\000n\000-\000I\000n\000d\000u\000c\000e\000d\000\040\000C\000o\000l\000l\000a\000p\000s\000e}{chapter.9}% 51
\BOOKMARK [0][-]{chapter.10}{\376\377\0001\0000\000\040\000I\000n\000f\000o\000r\000m\000a\000t\000i\000o\000n\000-\000T\000h\000e\000o\000r\000e\000t\000i\000c\000\040\000a\000n\000d\000\040\000G\000e\000o\000m\000e\000t\000r\000i\000c\000\040\000P\000e\000r\000s\000p\000e\000c\000t\000i\000v\000e\000s}{}% 52
\BOOKMARK [1][-]{section.10.1}{\376\377\0001\0000\000.\0001\000\040\000T\000h\000e\000\040\000I\000n\000f\000o\000r\000m\000a\000t\000i\000o\000n\000\040\000G\000e\000o\000m\000e\000t\000r\000y\000\040\000o\000f\000\040\000t\000h\000e\000\040\000R\000e\000s\000u\000l\000t}{chapter.10}% 53
\BOOKMARK [1][-]{section.10.2}{\376\377\0001\0000\000.\0002\000\040\000R\000e\000a\000c\000h\000a\000b\000i\000l\000i\000t\000y\000\040\000a\000n\000d\000\040\000S\000u\000p\000p\000o\000r\000t\000\040\000G\000e\000o\000m\000e\000t\000r\000y}{chapter.10}% 54
\BOOKMARK [1][-]{section.10.3}{\376\377\0001\0000\000.\0003\000\040\000A\000m\000p\000l\000i\000f\000i\000c\000a\000t\000i\000o\000n\000\040\000v\000s\000.\000\040\000P\000r\000e\000s\000e\000r\000v\000a\000t\000i\000o\000n}{chapter.10}% 55
\BOOKMARK [1][-]{section.10.4}{\376\377\0001\0000\000.\0004\000\040\000I\000n\000f\000o\000r\000m\000a\000t\000i\000o\000n\000\040\000I\000s\000\040\000N\000o\000t\000\040\000D\000i\000s\000t\000i\000n\000g\000u\000i\000s\000h\000a\000b\000i\000l\000i\000t\000y}{chapter.10}% 56
\BOOKMARK [1][-]{section.10.5}{\376\377\0001\0000\000.\0005\000\040\000D\000i\000s\000t\000i\000n\000g\000u\000i\000s\000h\000a\000b\000i\000l\000i\000t\000y\000\040\000P\000h\000a\000s\000e\000\040\000T\000r\000a\000n\000s\000i\000t\000i\000o\000n\000s\000:\000\040\000A\000\040\000G\000e\000n\000e\000r\000a\000l\000\040\000T\000h\000e\000o\000r\000y}{chapter.10}% 57
\BOOKMARK [1][-]{section.10.6}{\376\377\0001\0000\000.\0006\000\040\000T\000h\000e\000\040\000G\000e\000o\000m\000e\000t\000r\000y\000-\000D\000i\000s\000t\000i\000n\000g\000u\000i\000s\000h\000a\000b\000i\000l\000i\000t\000y\000\040\000M\000e\000t\000a\000-\000P\000r\000i\000n\000c\000i\000p\000l\000e}{chapter.10}% 58
\BOOKMARK [1][-]{section.10.7}{\376\377\0001\0000\000.\0007\000\040\000T\000h\000e\000\040\000C\000a\000m\000e\000r\000o\000n\040\023\000M\000a\000r\000t\000i\000n\000\040\000P\000a\000r\000a\000d\000o\000x\000\040\000a\000s\000\040\000C\000o\000n\000c\000e\000p\000t\000u\000a\000l\000\040\000K\000e\000y\000s\000t\000o\000n\000e}{chapter.10}% 59
\BOOKMARK [0][-]{chapter.11}{\376\377\0001\0001\000\040\000A\000d\000m\000i\000s\000s\000i\000b\000i\000l\000i\000t\000y\000,\000\040\000R\000e\000a\000c\000h\000a\000b\000i\000l\000i\000t\000y\000,\000\040\000a\000n\000d\000\040\000C\000o\000n\000s\000t\000r\000a\000i\000n\000t\000\040\000G\000e\000o\000m\000e\000t\000r\000y}{}% 60
\BOOKMARK [1][-]{section.11.1}{\376\377\0001\0001\000.\0001\000\040\000A\000n\000\040\000I\000n\000t\000e\000r\000p\000r\000e\000t\000i\000v\000e\000\040\000R\000e\000f\000r\000a\000m\000i\000n\000g\000:\000\040\000F\000r\000o\000m\000\040\000M\000e\000t\000r\000i\000c\000\040\000t\000o\000\040\000R\000e\000a\000c\000h\000a\000b\000i\000l\000i\000t\000y}{chapter.11}% 61
\BOOKMARK [1][-]{section.11.2}{\376\377\0001\0001\000.\0002\000\040\000S\000t\000r\000a\000t\000a\000\040\000a\000s\000\040\000A\000d\000m\000i\000s\000s\000i\000b\000l\000e\000\040\000R\000e\000g\000i\000o\000n\000s\000\040\000\050\000I\000n\000t\000e\000r\000p\000r\000e\000t\000i\000v\000e\000\051}{chapter.11}% 62
\BOOKMARK [1][-]{section.11.3}{\376\377\0001\0001\000.\0003\000\040\000R\000e\000p\000r\000e\000s\000e\000n\000t\000a\000t\000i\000o\000n\000a\000l\000\040\000C\000h\000o\000i\000c\000e\000s\000\040\000a\000n\000d\000\040\000W\000h\000a\000t\000\040\000T\000h\000e\000y\000\040\000P\000r\000e\000s\000e\000r\000v\000e}{chapter.11}% 63
\BOOKMARK [1][-]{section.11.4}{\376\377\0001\0001\000.\0004\000\040\000C\000o\000n\000n\000e\000c\000t\000i\000o\000n\000s\000\040\000t\000o\000\040\000C\000L\000I\000O\000\040\000a\000n\000d\000\040\000P\000r\000o\000j\000e\000c\000t\000i\000o\000n\000-\000I\000n\000d\000u\000c\000e\000d\000\040\000C\000o\000l\000l\000a\000p\000s\000e}{chapter.11}% 64
\BOOKMARK [1][-]{section.11.5}{\376\377\0001\0001\000.\0005\000\040\000S\000e\000m\000a\000n\000t\000i\000c\000\040\000G\000e\000o\000m\000e\000t\000r\000y\000\040\000a\000n\000d\000\040\000G\000a\000u\000s\000s\000i\000a\000n\000\040\000M\000e\000a\000s\000u\000r\000e\000s\000\040\000\050\000S\000p\000e\000c\000u\000l\000a\000t\000i\000v\000e\000\051}{chapter.11}% 65
\BOOKMARK [0][-]{chapter.12}{\376\377\0001\0002\000\040\000E\000x\000t\000e\000n\000s\000i\000o\000n\000s\000\040\000a\000n\000d\000\040\000O\000p\000e\000n\000\040\000P\000r\000o\000b\000l\000e\000m\000s}{}% 66
\BOOKMARK [1][-]{section.12.1}{\376\377\0001\0002\000.\0001\000\040\000B\000e\000y\000o\000n\000d\000\040\000T\000w\000o\000-\000S\000a\000m\000p\000l\000e\000\040\000T\000e\000s\000t\000i\000n\000g}{chapter.12}% 67
\BOOKMARK [1][-]{section.12.2}{\376\377\0001\0002\000.\0002\000\040\000A\000t\000o\000m\000i\000c\000\040\000M\000e\000a\000s\000u\000r\000e\000s}{chapter.12}% 68
\BOOKMARK [1][-]{section.12.3}{\376\377\0001\0002\000.\0003\000\040\000D\000e\000p\000e\000n\000d\000e\000n\000t\000\040\000O\000b\000s\000e\000r\000v\000a\000t\000i\000o\000n\000s}{chapter.12}% 69
\BOOKMARK [1][-]{section.12.4}{\376\377\0001\0002\000.\0004\000\040\000O\000t\000h\000e\000r\000\040\000E\000m\000b\000e\000d\000d\000i\000n\000g\000s}{chapter.12}% 70
\BOOKMARK [1][-]{section.12.5}{\376\377\0001\0002\000.\0005\000\040\000M\000i\000n\000i\000m\000a\000x\000\040\000O\000p\000t\000i\000m\000a\000l\000i\000t\000y}{chapter.12}% 71
\BOOKMARK [0][-]{chapter.13}{\376\377\0001\0003\000\040\000S\000u\000m\000m\000a\000r\000y\000\040\000a\000n\000d\000\040\000C\000o\000n\000c\000l\000u\000s\000i\000o\000n\000s}{}% 72
\BOOKMARK [1][-]{section.13.1}{\376\377\0001\0003\000.\0001\000\040\000W\000h\000a\000t\000\040\000H\000a\000s\000\040\000B\000e\000e\000n\000\040\000P\000r\000o\000v\000e\000d}{chapter.13}% 73
\BOOKMARK [1][-]{section.13.2}{\376\377\0001\0003\000.\0002\000\040\000P\000r\000o\000o\000f\000\040\000A\000r\000c\000h\000i\000t\000e\000c\000t\000u\000r\000e}{chapter.13}% 74
\BOOKMARK [1][-]{section.13.3}{\376\377\0001\0003\000.\0003\000\040\000B\000r\000o\000a\000d\000e\000r\000\040\000S\000i\000g\000n\000i\000f\000i\000c\000a\000n\000c\000e}{chapter.13}% 75
\BOOKMARK [1][-]{section.13.4}{\376\377\0001\0003\000.\0004\000\040\000C\000l\000o\000s\000i\000n\000g\000\040\000R\000e\000m\000a\000r\000k\000s}{chapter.13}% 76
\BOOKMARK [0][-]{appendix.A}{\376\377\000A\000\040\000P\000r\000o\000o\000f\000\040\000o\000f\000\040\000t\000h\000e\000\040\000F\000e\000l\000d\000m\000a\000n\040\023\000H\000\341\000j\000e\000k\000\040\000T\000h\000e\000o\000r\000e\000m}{}% 77
\BOOKMARK [1][-]{section.A.1}{\376\377\000A\000.\0001\000\040\000R\000e\000d\000u\000c\000t\000i\000o\000n\000\040\000t\000o\000\040\000t\000h\000e\000\040\000D\000i\000a\000g\000o\000n\000a\000l\000\040\000C\000a\000s\000e}{appendix.A}% 78
\BOOKMARK [1][-]{section.A.2}{\376\377\000A\000.\0002\000\040\000K\000a\000k\000u\000t\000a\000n\000i\000'\000s\000\040\000P\000r\000o\000d\000u\000c\000t\000\040\000T\000h\000e\000o\000r\000e\000m}{appendix.A}% 79
\BOOKMARK [1][-]{section.A.3}{\376\377\000A\000.\0003\000\040\000C\000o\000n\000n\000e\000c\000t\000i\000n\000g\000\040\000t\000o\000\040\000H\000i\000l\000b\000e\000r\000t\040\023\000S\000c\000h\000m\000i\000d\000t}{appendix.A}% 80
\BOOKMARK [0][-]{appendix.B}{\376\377\000B\000\040\000O\000p\000e\000r\000a\000t\000o\000r\000\040\000N\000o\000r\000m\000s\000\040\000a\000n\000d\000\040\000t\000h\000e\000\040\000H\000i\000l\000b\000e\000r\000t\040\023\000S\000c\000h\000m\000i\000d\000t\000\040\000S\000p\000a\000c\000e}{}% 81
\BOOKMARK [1][-]{section.B.1}{\376\377\000B\000.\0001\000\040\000T\000h\000e\000\040\000H\000i\000l\000b\000e\000r\000t\040\023\000S\000c\000h\000m\000i\000d\000t\000\040\000S\000p\000a\000c\000e}{appendix.B}% 82
\BOOKMARK [1][-]{section.B.2}{\376\377\000B\000.\0002\000\040\000T\000r\000a\000c\000e\000-\000C\000l\000a\000s\000s\000\040\000O\000p\000e\000r\000a\000t\000o\000r\000s\000\040\000a\000n\000d\000\040\000T\000h\000e\000i\000r\000\040\000R\000o\000l\000e}{appendix.B}% 83
\BOOKMARK [0][-]{appendix.C}{\376\377\000C\000\040\000B\000a\000c\000k\000g\000r\000o\000u\000n\000d\000\040\000o\000n\000\040\000L\000o\000c\000a\000l\000l\000y\000\040\000C\000o\000m\000p\000a\000c\000t\000\040\000P\000o\000l\000i\000s\000h\000\040\000S\000p\000a\000c\000e\000s}{}% 84
\BOOKMARK [1][-]{section.C.1}{\376\377\000C\000.\0001\000\040\000P\000o\000l\000i\000s\000h\000\040\000S\000p\000a\000c\000e\000s}{appendix.C}% 85
\BOOKMARK [1][-]{section.C.2}{\376\377\000C\000.\0002\000\040\000L\000o\000c\000a\000l\000\040\000C\000o\000m\000p\000a\000c\000t\000n\000e\000s\000s}{appendix.C}% 86
