\BOOKMARK [-1][-]{part.1}{\376\377\000I\000\040\000T\000h\000e\000\040\000P\000r\000o\000b\000l\000e\000m\000\040\000o\000f\000\040\000t\000h\000e\000\040\000F\000r\000o\000z\000e\000n\000\040\000C\000o\000d\000e\000c}{}% 1
\BOOKMARK [0][-]{chapter.1}{\376\377\000C\000o\000m\000p\000r\000e\000s\000s\000i\000o\000n\000\040\000W\000i\000t\000h\000o\000u\000t\000\040\000M\000e\000m\000o\000r\000y}{part.1}% 2
\BOOKMARK [1][-]{section.1.1}{\376\377\000T\000h\000e\000\040\000c\000l\000a\000s\000s\000i\000c\000a\000l\000\040\000s\000e\000t\000t\000i\000n\000g}{chapter.1}% 3
\BOOKMARK [1][-]{section.1.2}{\376\377\000T\000h\000e\000\040\000p\000r\000o\000p\000o\000s\000a\000l\000\040\000i\000n\000\040\000o\000n\000e\000\040\000p\000a\000g\000e}{chapter.1}% 4
\BOOKMARK [1][-]{section.1.3}{\376\377\000W\000h\000y\000\040\000t\000h\000i\000s\000\040\000i\000s\000\040\000n\000o\000t\000\040\000m\000e\000r\000e\000l\000y\000\040\000a\000\040\000b\000e\000t\000t\000e\000r\000\040\000d\000i\000c\000t\000i\000o\000n\000a\000r\000y\000\040\000c\000o\000d\000e\000r}{chapter.1}% 5
\BOOKMARK [0][-]{chapter.2}{\376\377\000A\000\040\000F\000o\000r\000m\000a\000l\000\040\000S\000k\000e\000l\000e\000t\000o\000n}{part.1}% 6
\BOOKMARK [1][-]{section.2.1}{\376\377\000T\000e\000m\000p\000l\000a\000t\000e\000s\000,\000\040\000e\000n\000c\000o\000d\000i\000n\000g\000s\000,\000\040\000a\000n\000d\000\040\000t\000h\000e\000\040\000d\000e\000s\000c\000r\000i\000p\000t\000i\000o\000n\000\040\000c\000o\000m\000p\000l\000e\000x}{chapter.2}% 7
\BOOKMARK [1][-]{section.2.2}{\376\377\000R\000e\000m\000a\000t\000c\000h\000i\000n\000g\000\040\000a\000s\000\040\000r\000e\000l\000a\000x\000a\000t\000i\000o\000n}{chapter.2}% 8
\BOOKMARK [1][-]{section.2.3}{\376\377\000C\000o\000l\000l\000a\000p\000s\000e\000\040\000e\000v\000e\000n\000t\000s\000\040\000a\000n\000d\000\040\000t\000h\000e\000\040\000w\000a\000v\000e\000\040\000s\000t\000r\000u\000c\000t\000u\000r\000e}{chapter.2}% 9
\BOOKMARK [1][-]{section.2.4}{\376\377\000T\000h\000e\000\040\000d\000e\000s\000c\000r\000i\000p\000t\000i\000o\000n\000\040\000c\000o\000m\000p\000l\000e\000x\000\040\000a\000s\000\040\000a\000\040\000s\000h\000e\000a\000f}{chapter.2}% 10
\BOOKMARK [-1][-]{part.2}{\376\377\000I\000I\000\040\000M\000e\000c\000h\000a\000n\000i\000c\000s\000\040\000o\000f\000\040\000a\000\040\000R\000e\000m\000a\000t\000c\000h\000i\000n\000g\000\040\000A\000r\000c\000h\000i\000v\000e}{}% 11
\BOOKMARK [0][-]{chapter.3}{\376\377\000T\000h\000e\000\040\000T\000e\000m\000p\000l\000a\000t\000e\000\040\000H\000i\000e\000r\000a\000r\000c\000h\000y\000\040\000i\000n\000\040\000P\000r\000a\000c\000t\000i\000c\000e}{part.2}% 12
\BOOKMARK [1][-]{section.3.1}{\376\377\000L\000e\000v\000e\000l\000\040\0001\000:\000\040\000f\000r\000a\000g\000m\000e\000n\000t\000s\000\040\000a\000n\000d\000\040\000t\000h\000e\000\040\000q\000u\000a\000n\000t\000i\000z\000a\000t\000i\000o\000n\000\040\000f\000l\000o\000o\000r}{chapter.3}% 13
\BOOKMARK [1][-]{section.3.2}{\376\377\000L\000e\000v\000e\000l\000\040\0002\000\040\000a\000n\000d\000\040\000a\000b\000o\000v\000e\000:\000\040\000g\000r\000a\000m\000m\000a\000r\000\040\000o\000v\000e\000r\000\040\000t\000h\000e\000\040\000f\000r\000a\000g\000m\000e\000n\000t\000\040\000a\000l\000p\000h\000a\000b\000e\000t}{chapter.3}% 14
\BOOKMARK [1][-]{section.3.3}{\376\377\000R\000e\000m\000a\000t\000c\000h\000i\000n\000g\000\040\000s\000c\000h\000e\000d\000u\000l\000e\000s}{chapter.3}% 15
\BOOKMARK [1][-]{section.3.4}{\376\377\000L\000o\000s\000s\000y\000\040\000r\000e\000g\000i\000m\000e\000s\000\040\000a\000n\000d\000\040\000t\000h\000e\000\040\000d\000i\000s\000t\000o\000r\000t\000i\000o\000n\000\040\000l\000a\000t\000t\000i\000c\000e}{chapter.3}% 16
\BOOKMARK [0][-]{chapter.4}{\376\377\000M\000u\000l\000t\000i\000m\000o\000d\000a\000l\000\040\000F\000u\000s\000i\000o\000n\000:\000\040\000F\000r\000o\000m\000\040\000C\000o\000d\000e\000c\000\040\000t\000o\000\040\000W\000o\000r\000l\000d\000\040\000M\000o\000d\000e\000l}{part.2}% 17
\BOOKMARK [1][-]{section.4.1}{\376\377\000O\000b\000s\000e\000r\000v\000a\000t\000i\000o\000n\000s\000\040\000a\000s\000\040\000s\000l\000i\000c\000e\000s}{chapter.4}% 18
\BOOKMARK [1][-]{section.4.2}{\376\377\000A\000\040\000w\000o\000r\000k\000e\000d\000\040\000c\000a\000s\000c\000a\000d\000e\000:\000\040\000w\000h\000e\000n\000\040\000s\000o\000u\000n\000d\000\040\000r\000e\000w\000r\000i\000t\000e\000s\000\040\000a\000\040\000p\000h\000o\000t\000o\000g\000r\000a\000p\000h}{chapter.4}% 19
\BOOKMARK [1][-]{section.4.3}{\376\377\000T\000h\000e\000\040\000c\000r\000o\000s\000s\000o\000v\000e\000r\000\040\000p\000o\000i\000n\000t}{chapter.4}% 20
\BOOKMARK [1][-]{section.4.4}{\376\377\000R\000e\000s\000i\000d\000u\000a\000l\000s\000\040\000a\000s\000\040\000t\000h\000e\000\040\000a\000r\000c\000h\000i\000v\000e\000'\000s\000\040\000f\000r\000o\000n\000t\000i\000e\000r}{chapter.4}% 21
\BOOKMARK [-1][-]{part.3}{\376\377\000I\000I\000I\000\040\000I\000n\000f\000o\000r\000m\000a\000t\000i\000o\000n\000-\000T\000h\000e\000o\000r\000e\000t\000i\000c\000\040\000F\000o\000u\000n\000d\000a\000t\000i\000o\000n\000s}{}% 22
\BOOKMARK [0][-]{chapter.5}{\376\377\000T\000w\000o\000-\000P\000a\000r\000t\000\040\000C\000o\000d\000e\000s\000,\000\040\000M\000D\000L\000,\000\040\000a\000n\000d\000\040\000t\000h\000e\000\040\000R\000e\000n\000t\000\040\000a\000\040\000T\000e\000m\000p\000l\000a\000t\000e\000\040\000P\000a\000y\000s}{part.3}% 23
\BOOKMARK [1][-]{section.5.1}{\376\377\000K\000o\000l\000m\000o\000g\000o\000r\000o\000v\000\040\000i\000d\000e\000a\000l\000\040\000a\000n\000d\000\040\000c\000o\000m\000p\000u\000t\000a\000b\000l\000e\000\040\000p\000r\000a\000c\000t\000i\000c\000e}{chapter.5}% 24
\BOOKMARK [1][-]{section.5.2}{\376\377\000M\000D\000L\000\040\000a\000d\000m\000i\000s\000s\000i\000o\000n\000\040\000a\000s\000\040\000B\000a\000y\000e\000s\000i\000a\000n\000\040\000m\000o\000d\000e\000l\000\040\000c\000o\000m\000p\000a\000r\000i\000s\000o\000n}{chapter.5}% 25
\BOOKMARK [1][-]{section.5.3}{\376\377\000C\000o\000m\000p\000r\000e\000s\000s\000i\000o\000n\000\040\000=\000\040\000p\000r\000e\000d\000i\000c\000t\000i\000o\000n\000\040\000=\000\040\000c\000o\000m\000p\000r\000e\000h\000e\000n\000s\000i\000o\000n}{chapter.5}% 26
\BOOKMARK [1][-]{section.5.4}{\376\377\000T\000h\000e\000\040\000W\000e\000i\000e\000r\000s\000t\000r\000a\000s\000s\000\040\000l\000e\000s\000s\000o\000n\000:\000\040\000r\000o\000u\000g\000h\000n\000e\000s\000s\000,\000\040\000t\000y\000p\000i\000c\000a\000l\000i\000t\000y\000,\000\040\000a\000n\000d\000\040\000f\000o\000r\000c\000e\000d\000\040\000s\000t\000r\000a\000t\000a}{chapter.5}% 27
\BOOKMARK [0][-]{chapter.6}{\376\377\000T\000h\000e\000\040\000T\000h\000e\000r\000m\000o\000d\000y\000n\000a\000m\000i\000c\000s\000\040\000o\000f\000\040\000R\000e\000m\000a\000t\000c\000h\000i\000n\000g}{part.3}% 28
\BOOKMARK [1][-]{section.6.1}{\376\377\000D\000e\000s\000c\000r\000i\000p\000t\000i\000o\000n\000\040\000l\000e\000n\000g\000t\000h\000\040\000a\000s\000\040\000f\000r\000e\000e\000\040\000e\000n\000e\000r\000g\000y}{chapter.6}% 29
\BOOKMARK [1][-]{section.6.2}{\376\377\000R\000S\000V\000P\000:\000\040\000t\000h\000e\000\040\000f\000i\000e\000l\000d\000-\000t\000h\000e\000o\000r\000e\000t\000i\000c\000\040\000r\000e\000a\000d\000i\000n\000g}{chapter.6}% 30
\BOOKMARK [1][-]{section.6.3}{\376\377\000T\000A\000R\000T\000A\000N\000\040\000a\000n\000d\000\040\000t\000h\000e\000\040\000t\000e\000x\000t\000u\000r\000e\000\040\000o\000f\000\040\000t\000h\000e\000\040\000r\000e\000s\000i\000d\000u\000a\000l\000\040\000f\000i\000e\000l\000d}{chapter.6}% 31
\BOOKMARK [-1][-]{part.4}{\376\377\000I\000V\000\040\000A\000d\000m\000i\000s\000s\000i\000b\000i\000l\000i\000t\000y\000,\000\040\000S\000t\000r\000a\000t\000a\000,\000\040\000a\000n\000d\000\040\000F\000r\000o\000z\000e\000n\000\040\000P\000r\000o\000c\000e\000s\000s\000e\000s}{}% 32
\BOOKMARK [0][-]{chapter.7}{\376\377\000T\000h\000e\000\040\000A\000r\000c\000h\000i\000v\000e\000\040\000a\000s\000\040\000a\000\040\000S\000t\000r\000a\000t\000i\000f\000i\000e\000d\000\040\000R\000e\000a\000c\000h\000a\000b\000i\000l\000i\000t\000y\000\040\000S\000p\000a\000c\000e}{part.4}% 33
\BOOKMARK [1][-]{section.7.1}{\376\377\000S\000t\000r\000a\000t\000a\000\040\000o\000f\000\040\000d\000e\000s\000c\000r\000i\000p\000t\000i\000o\000n}{chapter.7}% 34
\BOOKMARK [1][-]{section.7.2}{\376\377\000P\000e\000r\000s\000i\000s\000t\000e\000n\000t\000\040\000a\000n\000o\000m\000a\000l\000i\000e\000s\000\040\000a\000n\000d\000\040\000f\000o\000r\000c\000e\000d\000\040\000r\000e\000v\000i\000s\000i\000o\000n}{chapter.7}% 35
\BOOKMARK [1][-]{section.7.3}{\376\377\000B\000e\000l\000i\000e\000f\000\040\000g\000e\000o\000m\000e\000t\000r\000y\000\040\000o\000f\000\040\000t\000h\000e\000\040\000e\000n\000c\000o\000d\000e\000r}{chapter.7}% 36
\BOOKMARK [0][-]{chapter.8}{\376\377\000M\000e\000m\000o\000r\000y\000,\000\040\000B\000r\000a\000i\000n\000s\000,\000\040\000a\000n\000d\000\040\000R\000e\000s\000o\000n\000a\000n\000c\000e\000\040\000W\000i\000t\000h\000o\000u\000t\000\040\000a\000\040\000S\000u\000b\000s\000t\000r\000a\000t\000e}{part.4}% 37
\BOOKMARK [0][-]{chapter.9}{\376\377\000T\000h\000r\000e\000a\000d\000s\000,\000\040\000P\000r\000o\000j\000e\000c\000t\000i\000o\000n\000s\000,\000\040\000a\000n\000d\000\040\000t\000h\000e\000\040\000C\000a\000t\000e\000g\000o\000r\000y\000\040\000o\000f\000\040\000A\000d\000m\000i\000s\000s\000i\000b\000l\000e\000\040\000P\000a\000t\000h\000s}{part.4}% 38
\BOOKMARK [1][-]{section.9.1}{\376\377\000A\000g\000a\000i\000n\000s\000t\000\040\000m\000o\000d\000a\000l\000i\000t\000y\000-\000f\000i\000r\000s\000t\000\040\000t\000y\000p\000i\000n\000g}{chapter.9}% 39
\BOOKMARK [1][-]{section.9.2}{\376\377\000Y\000a\000r\000n\000c\000r\000a\000w\000l\000e\000r\000\040\000t\000h\000r\000e\000a\000d\000s\000\040\000a\000s\000\040\000t\000h\000e\000\040\000p\000r\000i\000m\000i\000t\000i\000v\000e\000\040\000t\000y\000p\000e}{chapter.9}% 40
\BOOKMARK [1][-]{section.9.3}{\376\377\000G\000e\000o\000m\000e\000t\000r\000i\000c\000\040\000a\000n\000d\000\040\000a\000l\000g\000e\000b\000r\000a\000i\000c\000\040\000a\000t\000\040\000o\000n\000c\000e}{chapter.9}% 41
\BOOKMARK [1][-]{section.9.4}{\376\377\000T\000h\000e\000\040\000l\000o\000o\000p\000\040\000f\000o\000u\000n\000d\000a\000t\000i\000o\000n\000\040\000m\000o\000d\000e\000l\000s\000\040\000d\000o\000\040\000n\000o\000t\000\040\000c\000l\000o\000s\000e}{chapter.9}% 42
\BOOKMARK [0][-]{chapter.10}{\376\377\000C\000o\000m\000p\000r\000e\000s\000s\000i\000o\000n\000\040\000a\000s\000\040\000E\000p\000i\000s\000t\000e\000m\000o\000l\000o\000g\000y}{part.4}% 43
\BOOKMARK [1][-]{section.10.1}{\376\377\000T\000h\000e\000\040\000a\000r\000c\000h\000i\000v\000e\000\040\000a\000s\000\040\000a\000\040\000s\000c\000i\000e\000n\000t\000i\000f\000i\000c\000\040\000c\000o\000m\000m\000u\000n\000i\000t\000y}{chapter.10}% 44
\BOOKMARK [1][-]{section.10.2}{\376\377\000K\000n\000o\000w\000l\000e\000d\000g\000e\000\040\000a\000s\000\040\000n\000a\000v\000i\000g\000a\000t\000i\000o\000n}{chapter.10}% 45
\BOOKMARK [-1][-]{part.5}{\376\377\000V\000\040\000C\000o\000n\000s\000e\000q\000u\000e\000n\000c\000e\000s\000,\000\040\000D\000e\000s\000i\000g\000n\000s\000,\000\040\000a\000n\000d\000\040\000O\000p\000e\000n\000\040\000P\000r\000o\000b\000l\000e\000m\000s}{}% 46
\BOOKMARK [0][-]{chapter.11}{\376\377\000E\000n\000g\000i\000n\000e\000e\000r\000i\000n\000g\000\040\000C\000o\000n\000s\000e\000q\000u\000e\000n\000c\000e\000s}{part.5}% 47
\BOOKMARK [1][-]{section.11.1}{\376\377\000W\000h\000a\000t\000\040\000c\000h\000a\000n\000g\000e\000s\000\040\000w\000h\000e\000n\000\040\000s\000i\000z\000e\000\040\000i\000s\000\040\000n\000o\000t\000\040\000a\000\040\000p\000r\000o\000p\000e\000r\000t\000y\000\040\000o\000f\000\040\000f\000i\000l\000e\000s}{chapter.11}% 48
\BOOKMARK [1][-]{section.11.2}{\376\377\000F\000a\000i\000l\000u\000r\000e\000\040\000m\000o\000d\000e\000s\000\040\000t\000h\000e\000\040\000t\000h\000e\000o\000r\000y\000\040\000p\000r\000e\000d\000i\000c\000t\000s}{chapter.11}% 49
\BOOKMARK [1][-]{section.11.3}{\376\377\000A\000\040\000m\000i\000n\000i\000m\000a\000l\000\040\000e\000x\000p\000e\000r\000i\000m\000e\000n\000t\000a\000l\000\040\000p\000r\000o\000g\000r\000a\000m}{chapter.11}% 50
\BOOKMARK [0][-]{chapter.12}{\376\377\000O\000p\000e\000n\000\040\000P\000r\000o\000b\000l\000e\000m\000s}{part.5}% 51
\BOOKMARK [0][-]{chapter*.3}{\376\377\000C\000o\000d\000a}{part.5}% 52
\BOOKMARK [0][-]{chapter*.4}{\376\377\000B\000i\000b\000l\000i\000o\000g\000r\000a\000p\000h\000i\000c\000\040\000N\000o\000t\000e\000s}{part.5}% 53
