\BOOKMARK [1][-]{section.1}{\376\377\000I\000n\000t\000r\000o\000d\000u\000c\000t\000i\000o\000n}{}% 1
\BOOKMARK [1][-]{section.2}{\376\377\000D\000e\000f\000i\000n\000i\000t\000i\000o\000n\000s\000\040\000a\000n\000d\000\040\000S\000c\000o\000p\000e}{}% 2
\BOOKMARK [1][-]{section.3}{\376\377\000H\000i\000s\000t\000o\000r\000i\000c\000a\000l\000\040\000C\000o\000m\000p\000r\000e\000s\000s\000i\000o\000n\000\040\000P\000a\000r\000a\000d\000i\000g\000m\000s}{}% 3
\BOOKMARK [1][-]{section.4}{\376\377\000R\000e\000p\000r\000e\000s\000e\000n\000t\000a\000t\000i\000o\000n\000a\000l\000\040\000C\000a\000p\000a\000c\000i\000t\000y\000\040\000a\000n\000d\000\040\000E\000x\000p\000e\000r\000i\000e\000n\000t\000i\000a\000l\000\040\000C\000o\000m\000p\000l\000e\000x\000i\000t\000y}{}% 4
\BOOKMARK [1][-]{section.5}{\376\377\000T\000h\000e\000\040\000T\000h\000r\000e\000e\000\040\000R\000e\000g\000i\000m\000e\000s\000\040\000o\000f\000\040\000R\000e\000p\000r\000e\000s\000e\000n\000t\000a\000t\000i\000o\000n\000a\000l\000\040\000C\000a\000p\000a\000c\000i\000t\000y}{}% 5
\BOOKMARK [2][-]{subsection.5.1}{\376\377\000C\000o\000n\000s\000t\000r\000a\000i\000n\000e\000d\000\040\000C\000a\000p\000a\000c\000i\000t\000y\000\040\000R\000e\000g\000i\000m\000e\000s}{section.5}% 6
\BOOKMARK [2][-]{subsection.5.2}{\376\377\000S\000u\000f\000f\000i\000c\000i\000e\000n\000t\000\040\000C\000a\000p\000a\000c\000i\000t\000y\000\040\000R\000e\000g\000i\000m\000e\000s}{section.5}% 7
\BOOKMARK [2][-]{subsection.5.3}{\376\377\000E\000x\000c\000e\000s\000s\000\040\000C\000a\000p\000a\000c\000i\000t\000y\000\040\000R\000e\000g\000i\000m\000e\000s}{section.5}% 8
\BOOKMARK [2][-]{subsection.5.4}{\376\377\000R\000e\000p\000r\000e\000s\000e\000n\000t\000a\000t\000i\000o\000n\000a\000l\000\040\000F\000l\000e\000x\000i\000b\000i\000l\000i\000t\000y\000\040\000a\000n\000d\000\040\000H\000i\000g\000h\000-\000D\000i\000m\000e\000n\000s\000i\000o\000n\000a\000l\000\040\000S\000e\000p\000a\000r\000a\000t\000i\000o\000n}{section.5}% 9
\BOOKMARK [2][-]{subsection.5.5}{\376\377\000T\000h\000e\000\040\000E\000m\000e\000r\000g\000e\000n\000c\000e\000\040\000o\000f\000\040\000S\000m\000o\000o\000t\000h\000n\000e\000s\000s}{section.5}% 10
\BOOKMARK [2][-]{subsection.5.6}{\376\377\000R\000e\000g\000i\000m\000e\000\040\000T\000r\000a\000n\000s\000i\000t\000i\000o\000n\000s\000\040\000a\000n\000d\000\040\000D\000y\000n\000a\000m\000i\000c\000\040\000C\000o\000g\000n\000i\000t\000i\000o\000n}{section.5}% 11
\BOOKMARK [1][-]{section.6}{\376\377\000D\000o\000u\000b\000l\000e\000\040\000D\000e\000s\000c\000e\000n\000t\000\040\000a\000n\000d\000\040\000B\000e\000n\000i\000g\000n\000\040\000O\000v\000e\000r\000f\000i\000t\000t\000i\000n\000g}{}% 12
\BOOKMARK [2][-]{subsection.6.1}{\376\377\000T\000h\000e\000\040\000C\000l\000a\000s\000s\000i\000c\000a\000l\000\040\000B\000i\000a\000s\040\023\000V\000a\000r\000i\000a\000n\000c\000e\000\040\000P\000a\000r\000a\000d\000i\000g\000m}{section.6}% 13
\BOOKMARK [2][-]{subsection.6.2}{\376\377\000T\000h\000e\000\040\000I\000n\000t\000e\000r\000p\000o\000l\000a\000t\000i\000o\000n\000\040\000T\000h\000r\000e\000s\000h\000o\000l\000d}{section.6}% 14
\BOOKMARK [2][-]{subsection.6.3}{\376\377\000T\000h\000e\000\040\000S\000e\000c\000o\000n\000d\000\040\000D\000e\000s\000c\000e\000n\000t}{section.6}% 15
\BOOKMARK [2][-]{subsection.6.4}{\376\377\000P\000o\000l\000y\000n\000o\000m\000i\000a\000l\000\040\000I\000n\000t\000e\000r\000p\000o\000l\000a\000t\000i\000o\000n\000\040\000a\000n\000d\000\040\000G\000e\000o\000m\000e\000t\000r\000i\000c\000\040\000I\000n\000t\000u\000i\000t\000i\000o\000n}{section.6}% 16
\BOOKMARK [2][-]{subsection.6.5}{\376\377\000B\000e\000n\000i\000g\000n\000\040\000O\000v\000e\000r\000f\000i\000t\000t\000i\000n\000g}{section.6}% 17
\BOOKMARK [2][-]{subsection.6.6}{\376\377\000M\000i\000n\000i\000m\000u\000m\000-\000N\000o\000r\000m\000\040\000I\000n\000t\000e\000r\000p\000o\000l\000a\000t\000i\000o\000n}{section.6}% 18
\BOOKMARK [2][-]{subsection.6.7}{\376\377\000V\000o\000l\000u\000m\000e\000\040\000E\000f\000f\000e\000c\000t\000s\000\040\000a\000n\000d\000\040\000H\000i\000g\000h\000-\000D\000i\000m\000e\000n\000s\000i\000o\000n\000a\000l\000\040\000G\000e\000o\000m\000e\000t\000r\000y}{section.6}% 19
\BOOKMARK [2][-]{subsection.6.8}{\376\377\000T\000h\000e\000\040\000P\000h\000i\000l\000o\000s\000o\000p\000h\000i\000c\000a\000l\000\040\000I\000n\000v\000e\000r\000s\000i\000o\000n}{section.6}% 20
\BOOKMARK [1][-]{section.7}{\376\377\000S\000m\000o\000o\000t\000h\000\040\000I\000n\000t\000e\000r\000p\000o\000l\000a\000t\000i\000o\000n\000\040\000a\000n\000d\000\040\000S\000o\000f\000t\000\040\000I\000n\000d\000u\000c\000t\000i\000v\000e\000\040\000B\000i\000a\000s}{}% 21
\BOOKMARK [2][-]{subsection.7.1}{\376\377\000R\000e\000s\000t\000r\000i\000c\000t\000i\000o\000n\000\040\000B\000i\000a\000s\000e\000s\000\040\000a\000n\000d\000\040\000S\000o\000f\000t\000\040\000B\000i\000a\000s\000e\000s}{section.7}% 22
\BOOKMARK [2][-]{subsection.7.2}{\376\377\000I\000n\000t\000e\000r\000p\000o\000l\000a\000t\000i\000o\000n\000\040\000G\000e\000o\000m\000e\000t\000r\000y}{section.7}% 23
\BOOKMARK [2][-]{subsection.7.3}{\376\377\000M\000i\000n\000i\000m\000u\000m\000-\000N\000o\000r\000m\000\040\000D\000y\000n\000a\000m\000i\000c\000s}{section.7}% 24
\BOOKMARK [2][-]{subsection.7.4}{\376\377\000F\000l\000a\000t\000\040\000M\000i\000n\000i\000m\000a\000\040\000a\000n\000d\000\040\000V\000o\000l\000u\000m\000e\000\040\000E\000f\000f\000e\000c\000t\000s}{section.7}% 25
\BOOKMARK [2][-]{subsection.7.5}{\376\377\000L\000o\000c\000a\000l\000i\000z\000e\000d\000\040\000R\000e\000s\000i\000d\000u\000a\000l\000\040\000A\000c\000c\000o\000m\000m\000o\000d\000a\000t\000i\000o\000n}{section.7}% 26
\BOOKMARK [2][-]{subsection.7.6}{\376\377\000R\000e\000p\000r\000e\000s\000e\000n\000t\000a\000t\000i\000o\000n\000a\000l\000\040\000E\000x\000p\000a\000n\000s\000i\000o\000n\000\040\000a\000n\000d\000\040\000I\000n\000t\000e\000r\000f\000e\000r\000e\000n\000c\000e\000\040\000A\000v\000o\000i\000d\000a\000n\000c\000e}{section.7}% 27
\BOOKMARK [2][-]{subsection.7.7}{\376\377\000T\000h\000e\000\040\000E\000m\000e\000r\000g\000e\000n\000c\000e\000\040\000o\000f\000\040\000A\000b\000s\000t\000r\000a\000c\000t\000i\000o\000n}{section.7}% 28
\BOOKMARK [2][-]{subsection.7.8}{\376\377\000B\000i\000o\000l\000o\000g\000i\000c\000a\000l\000\040\000I\000m\000p\000l\000i\000c\000a\000t\000i\000o\000n\000s}{section.7}% 29
\BOOKMARK [1][-]{section.8}{\376\377\000H\000u\000m\000a\000n\000\040\000E\000m\000p\000i\000r\000i\000c\000a\000l\000\040\000S\000i\000g\000n\000a\000t\000u\000r\000e\000s\000\040\000o\000f\000\040\000E\000x\000c\000e\000s\000s\000\040\000C\000a\000p\000a\000c\000i\000t\000y}{}% 30
\BOOKMARK [2][-]{subsection.8.1}{\376\377\000T\000h\000e\000\040\000C\000l\000a\000s\000s\000i\000c\000a\000l\000\040\000C\000o\000m\000p\000r\000e\000s\000s\000i\000o\000n\000\040\000P\000r\000e\000d\000i\000c\000t\000i\000o\000n}{section.8}% 31
\BOOKMARK [2][-]{subsection.8.2}{\376\377\000M\000a\000s\000s\000i\000v\000e\000\040\000R\000e\000c\000o\000g\000n\000i\000t\000i\000o\000n\000\040\000F\000i\000d\000e\000l\000i\000t\000y}{section.8}% 32
\BOOKMARK [2][-]{subsection.8.3}{\376\377\000S\000u\000p\000e\000r\000f\000i\000c\000i\000a\000l\000\040\000D\000e\000t\000a\000i\000l\000\040\000S\000e\000n\000s\000i\000t\000i\000v\000i\000t\000y}{section.8}% 33
\BOOKMARK [2][-]{subsection.8.4}{\376\377\000P\000r\000o\000t\000o\000t\000y\000p\000e\000\040\000E\000f\000f\000e\000c\000t\000s\000\040\000a\000n\000d\000\040\000E\000m\000e\000r\000g\000e\000n\000t\000\040\000S\000m\000o\000o\000t\000h\000n\000e\000s\000s}{section.8}% 34
\BOOKMARK [2][-]{subsection.8.5}{\376\377\000P\000e\000r\000c\000e\000p\000t\000u\000a\000l\000\040\000D\000e\000t\000e\000r\000i\000o\000r\000a\000t\000i\000o\000n\000\040\000a\000n\000d\000\040\000R\000e\000g\000i\000m\000e\000\040\000T\000r\000a\000n\000s\000i\000t\000i\000o\000n}{section.8}% 35
\BOOKMARK [2][-]{subsection.8.6}{\376\377\000F\000a\000l\000s\000e\000\040\000R\000e\000c\000o\000g\000n\000i\000t\000i\000o\000n\000\040\000a\000n\000d\000\040\000R\000e\000p\000r\000e\000s\000e\000n\000t\000a\000t\000i\000o\000n\000a\000l\000\040\000B\000l\000u\000r\000r\000i\000n\000g}{section.8}% 36
\BOOKMARK [2][-]{subsection.8.7}{\376\377\000N\000o\000i\000s\000e\000\040\000S\000e\000n\000s\000i\000t\000i\000v\000i\000t\000y\000\040\000a\000n\000d\000\040\000A\000d\000v\000e\000r\000s\000a\000r\000i\000a\000l\000\040\000F\000r\000a\000g\000i\000l\000i\000t\000y}{section.8}% 37
\BOOKMARK [2][-]{subsection.8.8}{\376\377\000D\000e\000v\000e\000l\000o\000p\000m\000e\000n\000t\000a\000l\000\040\000U\000-\000S\000h\000a\000p\000e\000d\000\040\000L\000e\000a\000r\000n\000i\000n\000g}{section.8}% 38
\BOOKMARK [2][-]{subsection.8.9}{\376\377\000A\000t\000t\000e\000n\000t\000i\000o\000n\000,\000\040\000C\000o\000n\000s\000t\000r\000a\000i\000n\000t\000,\000\040\000a\000n\000d\000\040\000G\000r\000a\000d\000i\000e\000n\000t\000\040\000P\000r\000e\000s\000e\000r\000v\000a\000t\000i\000o\000n}{section.8}% 39
\BOOKMARK [2][-]{subsection.8.10}{\376\377\000T\000o\000w\000a\000r\000d\000\040\000a\000\040\000U\000n\000i\000f\000i\000e\000d\000\040\000E\000m\000p\000i\000r\000i\000c\000a\000l\000\040\000I\000n\000t\000e\000r\000p\000r\000e\000t\000a\000t\000i\000o\000n}{section.8}% 40
\BOOKMARK [1][-]{section.9}{\376\377\000D\000e\000v\000e\000l\000o\000p\000m\000e\000n\000t\000a\000l\000\040\000D\000y\000n\000a\000m\000i\000c\000s\000\040\000a\000n\000d\000\040\000R\000e\000g\000i\000m\000e\000\040\000T\000r\000a\000n\000s\000i\000t\000i\000o\000n\000s}{}% 41
\BOOKMARK [2][-]{subsection.9.1}{\376\377\000D\000e\000v\000e\000l\000o\000p\000m\000e\000n\000t\000\040\000a\000s\000\040\000R\000e\000p\000r\000e\000s\000e\000n\000t\000a\000t\000i\000o\000n\000a\000l\000\040\000R\000e\000b\000a\000l\000a\000n\000c\000i\000n\000g}{section.9}% 42
\BOOKMARK [2][-]{subsection.9.2}{\376\377\000T\000h\000e\000\040\000G\000e\000o\000m\000e\000t\000r\000y\000\040\000o\000f\000\040\000U\000-\000S\000h\000a\000p\000e\000d\000\040\000D\000e\000v\000e\000l\000o\000p\000m\000e\000n\000t}{section.9}% 43
\BOOKMARK [2][-]{subsection.9.3}{\376\377\000C\000o\000n\000s\000t\000r\000a\000i\000n\000t\000\040\000E\000m\000e\000r\000g\000e\000n\000c\000e\000\040\000T\000h\000r\000o\000u\000g\000h\000\040\000E\000x\000p\000e\000r\000i\000e\000n\000t\000i\000a\000l\000\040\000S\000a\000t\000u\000r\000a\000t\000i\000o\000n}{section.9}% 44
\BOOKMARK [2][-]{subsection.9.4}{\376\377\000P\000l\000a\000y\000,\000\040\000C\000o\000n\000s\000t\000r\000a\000i\000n\000t\000,\000\040\000a\000n\000d\000\040\000G\000e\000n\000e\000r\000a\000t\000i\000v\000e\000\040\000D\000i\000f\000f\000e\000r\000e\000n\000t\000i\000a\000t\000i\000o\000n}{section.9}% 45
\BOOKMARK [2][-]{subsection.9.5}{\376\377\000T\000h\000e\000\040\000D\000e\000v\000e\000l\000o\000p\000m\000e\000n\000t\000\040\000o\000f\000\040\000H\000e\000u\000r\000i\000s\000t\000i\000c\000s}{section.9}% 46
\BOOKMARK [2][-]{subsection.9.6}{\376\377\000F\000a\000l\000s\000e\000\040\000C\000l\000o\000s\000u\000r\000e\000\040\000a\000n\000d\000\040\000P\000r\000e\000m\000a\000t\000u\000r\000e\000\040\000C\000o\000m\000p\000r\000e\000s\000s\000i\000o\000n}{section.9}% 47
\BOOKMARK [2][-]{subsection.9.7}{\376\377\000D\000e\000v\000e\000l\000o\000p\000m\000e\000n\000t\000a\000l\000\040\000S\000c\000a\000l\000i\000n\000g\000\040\000L\000a\000w\000s}{section.9}% 48
\BOOKMARK [2][-]{subsection.9.8}{\376\377\000E\000d\000u\000c\000a\000t\000i\000o\000n\000a\000l\000\040\000I\000m\000p\000l\000i\000c\000a\000t\000i\000o\000n\000s}{section.9}% 49
\BOOKMARK [2][-]{subsection.9.9}{\376\377\000T\000o\000w\000a\000r\000d\000\040\000D\000y\000n\000a\000m\000i\000c\000\040\000C\000o\000g\000n\000i\000t\000i\000v\000e\000\040\000A\000r\000c\000h\000i\000t\000e\000c\000t\000u\000r\000e}{section.9}% 50
\BOOKMARK [1][-]{section.10}{\376\377\000C\000l\000i\000n\000i\000c\000a\000l\000\040\000D\000i\000s\000s\000o\000c\000i\000a\000t\000i\000o\000n\000s\000\040\000a\000n\000d\000\040\000P\000a\000t\000h\000o\000l\000o\000g\000i\000c\000a\000l\000\040\000R\000e\000g\000i\000m\000e\000\040\000D\000y\000n\000a\000m\000i\000c\000s}{}% 51
\BOOKMARK [2][-]{subsection.10.1}{\376\377\000A\000m\000n\000e\000s\000i\000a\000\040\000a\000s\000\040\000E\000x\000t\000r\000e\000m\000e\000\040\000C\000o\000n\000s\000t\000r\000a\000i\000n\000t}{section.10}% 52
\BOOKMARK [2][-]{subsection.10.2}{\376\377\000P\000a\000r\000k\000i\000n\000s\000o\000n\000i\000a\000n\000\040\000R\000i\000g\000i\000d\000i\000t\000y\000\040\000a\000n\000d\000\040\000N\000e\000a\000r\000-\000T\000h\000r\000e\000s\000h\000o\000l\000d\000\040\000D\000y\000n\000a\000m\000i\000c\000s}{section.10}% 53
\BOOKMARK [2][-]{subsection.10.3}{\376\377\000A\000u\000t\000i\000s\000m\000\040\000a\000n\000d\000\040\000H\000y\000p\000e\000r\000-\000D\000i\000f\000f\000e\000r\000e\000n\000t\000i\000a\000t\000e\000d\000\040\000R\000e\000p\000r\000e\000s\000e\000n\000t\000a\000t\000i\000o\000n}{section.10}% 54
\BOOKMARK [2][-]{subsection.10.4}{\376\377\000S\000c\000h\000i\000z\000o\000p\000h\000r\000e\000n\000i\000a\000\040\000a\000n\000d\000\040\000E\000x\000c\000e\000s\000s\000i\000v\000e\000\040\000A\000c\000c\000o\000m\000m\000o\000d\000a\000t\000i\000o\000n}{section.10}% 55
\BOOKMARK [2][-]{subsection.10.5}{\376\377\000O\000b\000s\000e\000s\000s\000i\000v\000e\000\040\000C\000o\000g\000n\000i\000t\000i\000o\000n\000\040\000a\000n\000d\000\040\000R\000e\000c\000u\000r\000s\000i\000v\000e\000\040\000C\000o\000n\000s\000t\000r\000a\000i\000n\000t\000\040\000L\000o\000c\000k\000i\000n\000g}{section.10}% 56
\BOOKMARK [2][-]{subsection.10.6}{\376\377\000A\000t\000t\000e\000n\000t\000i\000o\000n\000\040\000D\000i\000s\000o\000r\000d\000e\000r\000s\000\040\000a\000n\000d\000\040\000G\000r\000a\000d\000i\000e\000n\000t\000\040\000C\000o\000l\000l\000a\000p\000s\000e}{section.10}% 57
\BOOKMARK [2][-]{subsection.10.7}{\376\377\000D\000e\000p\000r\000e\000s\000s\000i\000o\000n\000\040\000a\000n\000d\000\040\000M\000a\000n\000i\000f\000o\000l\000d\000\040\000C\000o\000n\000t\000r\000a\000c\000t\000i\000o\000n}{section.10}% 58
\BOOKMARK [2][-]{subsection.10.8}{\376\377\000C\000l\000i\000n\000i\000c\000a\000l\000\040\000P\000h\000e\000n\000o\000m\000e\000n\000a\000\040\000a\000s\000\040\000R\000e\000g\000i\000m\000e\000\040\000D\000i\000s\000t\000o\000r\000t\000i\000o\000n}{section.10}% 59
\BOOKMARK [2][-]{subsection.10.9}{\376\377\000T\000h\000e\000\040\000O\000n\000e\000-\000S\000y\000s\000t\000e\000m\000\040\000H\000y\000p\000o\000t\000h\000e\000s\000i\000s\000\040\000R\000e\000v\000i\000s\000i\000t\000e\000d}{section.10}% 60
\BOOKMARK [1][-]{section.11}{\376\377\000S\000c\000a\000l\000i\000n\000g\000\040\000L\000a\000w\000s\000,\000\040\000A\000r\000t\000i\000f\000i\000c\000i\000a\000l\000\040\000I\000n\000t\000e\000l\000l\000i\000g\000e\000n\000c\000e\000,\000\040\000a\000n\000d\000\040\000R\000e\000l\000a\000t\000i\000v\000e\000\040\000C\000a\000p\000a\000c\000i\000t\000y}{}% 61
\BOOKMARK [2][-]{subsection.11.1}{\376\377\000A\000r\000t\000i\000f\000i\000c\000i\000a\000l\000\040\000N\000e\000u\000r\000a\000l\000\040\000N\000e\000t\000w\000o\000r\000k\000s\000\040\000a\000s\000\040\000E\000x\000c\000e\000s\000s\000-\000C\000a\000p\000a\000c\000i\000t\000y\000\040\000S\000y\000s\000t\000e\000m\000s}{section.11}% 62
\BOOKMARK [2][-]{subsection.11.2}{\376\377\000M\000e\000m\000o\000r\000i\000z\000a\000t\000i\000o\000n\000\040\000W\000i\000t\000h\000o\000u\000t\000\040\000C\000o\000l\000l\000a\000p\000s\000e}{section.11}% 63
\BOOKMARK [2][-]{subsection.11.3}{\376\377\000L\000a\000r\000g\000e\000\040\000L\000a\000n\000g\000u\000a\000g\000e\000\040\000M\000o\000d\000e\000l\000s\000\040\000a\000n\000d\000\040\000R\000e\000l\000a\000t\000i\000v\000e\000\040\000C\000o\000n\000s\000t\000r\000a\000i\000n\000t}{section.11}% 64
\BOOKMARK [2][-]{subsection.11.4}{\376\377\000T\000r\000a\000n\000s\000f\000o\000r\000m\000e\000r\000s\000\040\000a\000s\000\040\000D\000y\000n\000a\000m\000i\000c\000\040\000I\000n\000t\000e\000r\000p\000o\000l\000a\000t\000i\000o\000n\000\040\000G\000e\000o\000m\000e\000t\000r\000y}{section.11}% 65
\BOOKMARK [2][-]{subsection.11.5}{\376\377\000G\000r\000o\000k\000k\000i\000n\000g\000\040\000a\000n\000d\000\040\000D\000e\000l\000a\000y\000e\000d\000\040\000M\000a\000n\000i\000f\000o\000l\000d\000\040\000O\000r\000g\000a\000n\000i\000z\000a\000t\000i\000o\000n}{section.11}% 66
\BOOKMARK [2][-]{subsection.11.6}{\376\377\000A\000d\000v\000e\000r\000s\000a\000r\000i\000a\000l\000\040\000E\000x\000a\000m\000p\000l\000e\000s\000\040\000a\000n\000d\000\040\000C\000a\000t\000a\000s\000t\000r\000o\000p\000h\000i\000c\000\040\000A\000c\000c\000o\000m\000m\000o\000d\000a\000t\000i\000o\000n}{section.11}% 67
\BOOKMARK [2][-]{subsection.11.7}{\376\377\000S\000c\000a\000l\000i\000n\000g\000\040\000L\000a\000w\000s\000\040\000a\000n\000d\000\040\000P\000h\000a\000s\000e\000\040\000T\000r\000a\000n\000s\000i\000t\000i\000o\000n\000s}{section.11}% 68
\BOOKMARK [2][-]{subsection.11.8}{\376\377\000T\000h\000e\000\040\000L\000a\000b\000y\000r\000i\000n\000t\000h\000\040\000P\000r\000o\000b\000l\000e\000m}{section.11}% 69
\BOOKMARK [2][-]{subsection.11.9}{\376\377\000T\000o\000w\000a\000r\000d\000\040\000R\000e\000l\000a\000t\000i\000o\000n\000a\000l\000\040\000A\000r\000t\000i\000f\000i\000c\000i\000a\000l\000\040\000I\000n\000t\000e\000l\000l\000i\000g\000e\000n\000c\000e}{section.11}% 70
\BOOKMARK [1][-]{section.12}{\376\377\000B\000o\000u\000n\000d\000a\000r\000y\000\040\000C\000o\000n\000d\000i\000t\000i\000o\000n\000s\000,\000\040\000F\000a\000i\000l\000u\000r\000e\000\040\000M\000o\000d\000e\000s\000,\000\040\000a\000n\000d\000\040\000t\000h\000e\000\040\000C\000o\000s\000t\000\040\000o\000f\000\040\000E\000x\000c\000e\000s\000s}{}% 71
\BOOKMARK [2][-]{subsection.12.1}{\376\377\000T\000h\000e\000\040\000E\000c\000o\000l\000o\000g\000i\000c\000a\000l\000\040\000D\000e\000p\000e\000n\000d\000e\000n\000c\000e\000\040\000o\000f\000\040\000L\000e\000a\000r\000n\000i\000n\000g\000\040\000R\000e\000g\000i\000m\000e\000s}{section.12}% 72
\BOOKMARK [2][-]{subsection.12.2}{\376\377\000S\000p\000u\000r\000i\000o\000u\000s\000\040\000C\000o\000r\000r\000e\000l\000a\000t\000i\000o\000n\000s\000\040\000a\000n\000d\000\040\000L\000o\000c\000a\000l\000\040\000O\000v\000e\000r\000c\000o\000m\000m\000i\000t\000m\000e\000n\000t}{section.12}% 73
\BOOKMARK [2][-]{subsection.12.3}{\376\377\000N\000o\000i\000s\000e\000\040\000T\000h\000r\000e\000s\000h\000o\000l\000d\000s\000\040\000a\000n\000d\000\040\000G\000e\000o\000m\000e\000t\000r\000i\000c\000\040\000B\000r\000e\000a\000k\000d\000o\000w\000n}{section.12}% 74
\BOOKMARK [2][-]{subsection.12.4}{\376\377\000A\000d\000v\000e\000r\000s\000a\000r\000i\000a\000l\000\040\000E\000n\000v\000i\000r\000o\000n\000m\000e\000n\000t\000s\000\040\000a\000n\000d\000\040\000D\000e\000f\000e\000n\000s\000i\000v\000e\000\040\000C\000o\000m\000p\000r\000e\000s\000s\000i\000o\000n}{section.12}% 75
\BOOKMARK [2][-]{subsection.12.5}{\376\377\000E\000n\000e\000r\000g\000y\000\040\000C\000o\000s\000t\000s\000\040\000a\000n\000d\000\040\000M\000e\000t\000a\000b\000o\000l\000i\000c\000\040\000C\000o\000n\000s\000t\000r\000a\000i\000n\000t\000s}{section.12}% 76
\BOOKMARK [2][-]{subsection.12.6}{\376\377\000T\000h\000e\000\040\000L\000a\000b\000y\000r\000i\000n\000t\000h\000\040\000P\000r\000o\000b\000l\000e\000m\000\040\000R\000e\000v\000i\000s\000i\000t\000e\000d}{section.12}% 77
\BOOKMARK [2][-]{subsection.12.7}{\376\377\000P\000r\000e\000m\000a\000t\000u\000r\000e\000\040\000C\000o\000m\000p\000r\000e\000s\000s\000i\000o\000n\000\040\000a\000n\000d\000\040\000E\000d\000u\000c\000a\000t\000i\000o\000n\000a\000l\000\040\000F\000a\000i\000l\000u\000r\000e}{section.12}% 78
\BOOKMARK [2][-]{subsection.12.8}{\376\377\000O\000v\000e\000r\000a\000b\000u\000n\000d\000a\000n\000c\000e\000\040\000a\000n\000d\000\040\000S\000e\000m\000a\000n\000t\000i\000c\000\040\000D\000i\000f\000f\000u\000s\000i\000o\000n}{section.12}% 79
\BOOKMARK [2][-]{subsection.12.9}{\376\377\000C\000o\000n\000s\000t\000r\000a\000i\000n\000t\000\040\000a\000s\000\040\000D\000y\000n\000a\000m\000i\000c\000\040\000G\000u\000i\000d\000a\000n\000c\000e}{section.12}% 80
\BOOKMARK [2][-]{subsection.12.10}{\376\377\000T\000o\000w\000a\000r\000d\000\040\000a\000\040\000R\000e\000g\000i\000m\000e\000\040\000E\000c\000o\000l\000o\000g\000y\000\040\000o\000f\000\040\000C\000o\000g\000n\000i\000t\000i\000o\000n}{section.12}% 81
\BOOKMARK [1][-]{section.13}{\376\377\000T\000o\000w\000a\000r\000d\000\040\000a\000\040\000U\000n\000i\000f\000i\000e\000d\000\040\000T\000h\000e\000o\000r\000y\000\040\000o\000f\000\040\000R\000e\000p\000r\000e\000s\000e\000n\000t\000a\000t\000i\000o\000n\000a\000l\000\040\000A\000b\000u\000n\000d\000a\000n\000c\000e}{}% 82
\BOOKMARK [2][-]{subsection.13.1}{\376\377\000F\000r\000o\000m\000\040\000C\000o\000m\000p\000r\000e\000s\000s\000i\000o\000n\000\040\000t\000o\000\040\000G\000e\000o\000m\000e\000t\000r\000i\000c\000\040\000O\000r\000g\000a\000n\000i\000z\000a\000t\000i\000o\000n}{section.13}% 83
\BOOKMARK [2][-]{subsection.13.2}{\376\377\000T\000h\000e\000\040\000I\000n\000v\000e\000r\000s\000i\000o\000n\000\040\000o\000f\000\040\000M\000e\000m\000o\000r\000i\000z\000a\000t\000i\000o\000n\000\040\000a\000n\000d\000\040\000A\000b\000s\000t\000r\000a\000c\000t\000i\000o\000n}{section.13}% 84
\BOOKMARK [2][-]{subsection.13.3}{\376\377\000T\000h\000e\000\040\000G\000e\000o\000m\000e\000t\000r\000y\000\040\000o\000f\000\040\000M\000e\000a\000n\000i\000n\000g}{section.13}% 85
\BOOKMARK [2][-]{subsection.13.4}{\376\377\000C\000o\000n\000s\000t\000r\000a\000i\000n\000t\000\040\000a\000n\000d\000\040\000F\000r\000e\000e\000d\000o\000m}{section.13}% 86
\BOOKMARK [2][-]{subsection.13.5}{\376\377\000C\000o\000g\000n\000i\000t\000i\000o\000n\000\040\000a\000s\000\040\000S\000t\000a\000t\000e\000-\000S\000p\000a\000c\000e\000\040\000N\000a\000v\000i\000g\000a\000t\000i\000o\000n}{section.13}% 87
\BOOKMARK [2][-]{subsection.13.6}{\376\377\000I\000n\000t\000e\000l\000l\000i\000g\000e\000n\000c\000e\000\040\000a\000s\000\040\000I\000n\000t\000e\000r\000p\000o\000l\000a\000t\000i\000o\000n\000\040\000S\000t\000a\000b\000i\000l\000i\000t\000y}{section.13}% 88
\BOOKMARK [2][-]{subsection.13.7}{\376\377\000T\000h\000e\000\040\000P\000h\000i\000l\000o\000s\000o\000p\000h\000i\000c\000a\000l\000\040\000C\000o\000n\000s\000e\000q\000u\000e\000n\000c\000e\000s}{section.13}% 89
\BOOKMARK [2][-]{subsection.13.8}{\376\377\000T\000h\000e\000\040\000E\000n\000d\000\040\000o\000f\000\040\000t\000h\000e\000\040\000E\000c\000o\000n\000o\000m\000y\000\040\000o\000f\000\040\000T\000h\000o\000u\000g\000h\000t}{section.13}% 90
\BOOKMARK [2][-]{subsection.13.9}{\376\377\000T\000o\000w\000a\000r\000d\000\040\000a\000\040\000R\000e\000g\000i\000m\000e\000\040\000T\000h\000e\000o\000r\000y\000\040\000o\000f\000\040\000M\000i\000n\000d}{section.13}% 91
\BOOKMARK [2][-]{subsection.13.10}{\376\377\000T\000h\000e\000\040\000N\000e\000w\000\040\000Q\000u\000e\000s\000t\000i\000o\000n}{section.13}% 92
\BOOKMARK [1][-]{section.14}{\376\377\000C\000o\000n\000c\000l\000u\000s\000i\000o\000n}{}% 93
\BOOKMARK [1][-]{appendix.A}{\376\377\000G\000e\000o\000m\000e\000t\000r\000i\000c\000\040\000F\000o\000r\000m\000a\000l\000i\000z\000a\000t\000i\000o\000n\000\040\000o\000f\000\040\000R\000e\000p\000r\000e\000s\000e\000n\000t\000a\000t\000i\000o\000n\000a\000l\000\040\000C\000a\000p\000a\000c\000i\000t\000y}{}% 94
\BOOKMARK [2][-]{subsection.A.1}{\376\377\000R\000e\000p\000r\000e\000s\000e\000n\000t\000a\000t\000i\000o\000n\000a\000l\000\040\000S\000y\000s\000t\000e\000m\000s\000\040\000a\000s\000\040\000M\000a\000p\000s\000\040\000B\000e\000t\000w\000e\000e\000n\000\040\000M\000a\000n\000i\000f\000o\000l\000d\000s}{appendix.A}% 95
\BOOKMARK [2][-]{subsection.A.2}{\376\377\000E\000x\000p\000e\000r\000i\000e\000n\000t\000i\000a\000l\000\040\000C\000o\000m\000p\000l\000e\000x\000i\000t\000y}{appendix.A}% 96
\BOOKMARK [2][-]{subsection.A.3}{\376\377\000R\000e\000p\000r\000e\000s\000e\000n\000t\000a\000t\000i\000o\000n\000a\000l\000\040\000F\000l\000e\000x\000i\000b\000i\000l\000i\000t\000y}{appendix.A}% 97
\BOOKMARK [2][-]{subsection.A.4}{\376\377\000T\000h\000e\000\040\000O\000p\000e\000r\000a\000t\000i\000o\000n\000a\000l\000\040\000C\000a\000p\000a\000c\000i\000t\000y\000\040\000R\000a\000t\000i\000o}{appendix.A}% 98
\BOOKMARK [2][-]{subsection.A.5}{\376\377\000I\000n\000t\000e\000r\000p\000o\000l\000a\000t\000i\000o\000n\000\040\000G\000e\000o\000m\000e\000t\000r\000y}{appendix.A}% 99
\BOOKMARK [2][-]{subsection.A.6}{\376\377\000L\000o\000c\000a\000l\000i\000z\000e\000d\000\040\000R\000e\000s\000i\000d\000u\000a\000l\000\040\000A\000c\000c\000o\000m\000m\000o\000d\000a\000t\000i\000o\000n\000\040\000S\000t\000r\000u\000c\000t\000u\000r\000e\000s}{appendix.A}% 100
\BOOKMARK [2][-]{subsection.A.7}{\376\377\000G\000l\000o\000b\000a\000l\000\040\000S\000m\000o\000o\000t\000h\000n\000e\000s\000s\000\040\000F\000u\000n\000c\000t\000i\000o\000n\000a\000l\000s}{appendix.A}% 101
\BOOKMARK [2][-]{subsection.A.8}{\376\377\000M\000i\000n\000i\000m\000u\000m\000-\000N\000o\000r\000m\000\040\000I\000n\000t\000e\000r\000p\000o\000l\000a\000t\000i\000o\000n}{appendix.A}% 102
\BOOKMARK [2][-]{subsection.A.9}{\376\377\000V\000o\000l\000u\000m\000e\000\040\000E\000f\000f\000e\000c\000t\000s\000\040\000i\000n\000\040\000H\000i\000g\000h\000\040\000D\000i\000m\000e\000n\000s\000i\000o\000n\000s}{appendix.A}% 103
\BOOKMARK [2][-]{subsection.A.10}{\376\377\000D\000y\000n\000a\000m\000i\000c\000\040\000R\000e\000g\000i\000m\000e\000\040\000E\000v\000o\000l\000u\000t\000i\000o\000n}{appendix.A}% 104
\BOOKMARK [2][-]{subsection.A.11}{\376\377\000G\000e\000n\000e\000r\000a\000l\000i\000z\000a\000t\000i\000o\000n\000\040\000T\000h\000r\000o\000u\000g\000h\000\040\000I\000n\000t\000e\000r\000p\000o\000l\000a\000t\000i\000o\000n}{appendix.A}% 105
\BOOKMARK [1][-]{appendix.B}{\376\377\000S\000t\000a\000t\000i\000s\000t\000i\000c\000a\000l\000\040\000L\000e\000a\000r\000n\000i\000n\000g\000\040\000T\000h\000e\000o\000r\000y\000,\000\040\000D\000o\000u\000b\000l\000e\000\040\000D\000e\000s\000c\000e\000n\000t\000,\000\040\000a\000n\000d\000\040\000B\000e\000n\000i\000g\000n\000\040\000O\000v\000e\000r\000f\000i\000t\000t\000i\000n\000g}{}% 106
\BOOKMARK [2][-]{subsection.B.1}{\376\377\000C\000l\000a\000s\000s\000i\000c\000a\000l\000\040\000B\000i\000a\000s\040\023\000V\000a\000r\000i\000a\000n\000c\000e\000\040\000T\000h\000e\000o\000r\000y}{appendix.B}% 107
\BOOKMARK [2][-]{subsection.B.2}{\376\377\000T\000h\000e\000\040\000I\000n\000t\000e\000r\000p\000o\000l\000a\000t\000i\000o\000n\000\040\000T\000h\000r\000e\000s\000h\000o\000l\000d}{appendix.B}% 108
\BOOKMARK [2][-]{subsection.B.3}{\376\377\000T\000h\000e\000\040\000D\000o\000u\000b\000l\000e\000\040\000D\000e\000s\000c\000e\000n\000t\000\040\000T\000r\000a\000n\000s\000i\000t\000i\000o\000n}{appendix.B}% 109
\BOOKMARK [2][-]{subsection.B.4}{\376\377\000L\000i\000n\000e\000a\000r\000\040\000R\000e\000g\000r\000e\000s\000s\000i\000o\000n\000\040\000i\000n\000\040\000t\000h\000e\000\040\000O\000v\000e\000r\000p\000a\000r\000a\000m\000e\000t\000e\000r\000i\000z\000e\000d\000\040\000R\000e\000g\000i\000m\000e}{appendix.B}% 110
\BOOKMARK [2][-]{subsection.B.5}{\376\377\000B\000e\000n\000i\000g\000n\000\040\000O\000v\000e\000r\000f\000i\000t\000t\000i\000n\000g}{appendix.B}% 111
\BOOKMARK [2][-]{subsection.B.6}{\376\377\000L\000o\000c\000a\000l\000i\000z\000e\000d\000\040\000A\000c\000c\000o\000m\000m\000o\000d\000a\000t\000i\000o\000n\000\040\000D\000e\000c\000o\000m\000p\000o\000s\000i\000t\000i\000o\000n}{appendix.B}% 112
\BOOKMARK [2][-]{subsection.B.7}{\376\377\000K\000e\000r\000n\000e\000l\000\040\000R\000e\000g\000r\000e\000s\000s\000i\000o\000n\000\040\000a\000n\000d\000\040\000I\000n\000f\000i\000n\000i\000t\000e\000-\000D\000i\000m\000e\000n\000s\000i\000o\000n\000a\000l\000\040\000I\000n\000t\000e\000r\000p\000o\000l\000a\000t\000i\000o\000n}{appendix.B}% 113
\BOOKMARK [2][-]{subsection.B.8}{\376\377\000N\000e\000u\000r\000a\000l\000\040\000T\000a\000n\000g\000e\000n\000t\000\040\000K\000e\000r\000n\000e\000l\000s\000\040\000a\000n\000d\000\040\000D\000e\000e\000p\000\040\000N\000e\000t\000w\000o\000r\000k\000s}{appendix.B}% 114
\BOOKMARK [2][-]{subsection.B.9}{\376\377\000F\000l\000a\000t\000\040\000M\000i\000n\000i\000m\000a\000\040\000a\000n\000d\000\040\000V\000o\000l\000u\000m\000e\000\040\000C\000o\000n\000c\000e\000n\000t\000r\000a\000t\000i\000o\000n}{appendix.B}% 115
\BOOKMARK [2][-]{subsection.B.10}{\376\377\000G\000r\000o\000k\000k\000i\000n\000g\000\040\000a\000s\000\040\000D\000e\000l\000a\000y\000e\000d\000\040\000C\000u\000r\000v\000a\000t\000u\000r\000e\000\040\000M\000i\000n\000i\000m\000i\000z\000a\000t\000i\000o\000n}{appendix.B}% 116
\BOOKMARK [2][-]{subsection.B.11}{\376\377\000N\000o\000i\000s\000e\000\040\000S\000c\000a\000l\000i\000n\000g\000\040\000a\000n\000d\000\040\000G\000e\000n\000e\000r\000a\000l\000i\000z\000a\000t\000i\000o\000n\000\040\000B\000o\000u\000n\000d\000s}{appendix.B}% 117
\BOOKMARK [2][-]{subsection.B.12}{\376\377\000T\000h\000e\000\040\000S\000t\000a\000t\000i\000s\000t\000i\000c\000a\000l\000\040\000I\000n\000t\000e\000r\000p\000r\000e\000t\000a\000t\000i\000o\000n\000\040\000o\000f\000\040\000R\000e\000g\000i\000m\000e\000\040\000D\000y\000n\000a\000m\000i\000c\000s}{appendix.B}% 118
\BOOKMARK [1][-]{appendix.C}{\376\377\000D\000y\000n\000a\000m\000i\000c\000a\000l\000\040\000S\000y\000s\000t\000e\000m\000s\000,\000\040\000I\000n\000f\000o\000r\000m\000a\000t\000i\000o\000n\000\040\000G\000e\000o\000m\000e\000t\000r\000y\000,\000\040\000a\000n\000d\000\040\000M\000a\000n\000i\000f\000o\000l\000d\000\040\000F\000l\000o\000w\000s}{}% 119
\BOOKMARK [2][-]{subsection.C.1}{\376\377\000R\000e\000p\000r\000e\000s\000e\000n\000t\000a\000t\000i\000o\000n\000a\000l\000\040\000S\000t\000a\000t\000e\000-\000S\000p\000a\000c\000e\000s}{appendix.C}% 120
\BOOKMARK [2][-]{subsection.C.2}{\376\377\000L\000e\000a\000r\000n\000i\000n\000g\000\040\000a\000s\000\040\000G\000r\000a\000d\000i\000e\000n\000t\000\040\000F\000l\000o\000w}{appendix.C}% 121
\BOOKMARK [2][-]{subsection.C.3}{\376\377\000I\000n\000f\000o\000r\000m\000a\000t\000i\000o\000n\000\040\000G\000e\000o\000m\000e\000t\000r\000y\000\040\000a\000n\000d\000\040\000F\000i\000s\000h\000e\000r\000\040\000M\000e\000t\000r\000i\000c\000s}{appendix.C}% 122
\BOOKMARK [2][-]{subsection.C.4}{\376\377\000G\000e\000o\000d\000e\000s\000i\000c\000\040\000I\000n\000t\000e\000r\000p\000o\000l\000a\000t\000i\000o\000n}{appendix.C}% 123
\BOOKMARK [2][-]{subsection.C.5}{\376\377\000C\000u\000r\000v\000a\000t\000u\000r\000e\000\040\000a\000n\000d\000\040\000C\000o\000g\000n\000i\000t\000i\000v\000e\000\040\000R\000i\000g\000i\000d\000i\000t\000y}{appendix.C}% 124
\BOOKMARK [2][-]{subsection.C.6}{\376\377\000A\000t\000t\000r\000a\000c\000t\000o\000r\000\040\000D\000y\000n\000a\000m\000i\000c\000s}{appendix.C}% 125
\BOOKMARK [2][-]{subsection.C.7}{\376\377\000E\000n\000t\000r\000o\000p\000y\000\040\000a\000n\000d\000\040\000T\000r\000a\000j\000e\000c\000t\000o\000r\000y\000\040\000V\000o\000l\000u\000m\000e}{appendix.C}% 126
\BOOKMARK [2][-]{subsection.C.8}{\376\377\000A\000t\000t\000e\000n\000t\000i\000o\000n\000\040\000a\000s\000\040\000C\000u\000r\000v\000a\000t\000u\000r\000e\000\040\000N\000a\000v\000i\000g\000a\000t\000i\000o\000n}{appendix.C}% 127
\BOOKMARK [2][-]{subsection.C.9}{\376\377\000P\000r\000e\000d\000i\000c\000t\000i\000o\000n\000\040\000E\000r\000r\000o\000r\000\040\000a\000n\000d\000\040\000M\000a\000n\000i\000f\000o\000l\000d\000\040\000C\000o\000r\000r\000e\000c\000t\000i\000o\000n}{appendix.C}% 128
\BOOKMARK [2][-]{subsection.C.10}{\376\377\000C\000a\000t\000a\000s\000t\000r\000o\000p\000h\000i\000c\000\040\000O\000v\000e\000r\000f\000i\000t\000t\000i\000n\000g\000\040\000a\000s\000\040\000C\000u\000r\000v\000a\000t\000u\000r\000e\000\040\000E\000x\000p\000l\000o\000s\000i\000o\000n}{appendix.C}% 129
\BOOKMARK [2][-]{subsection.C.11}{\376\377\000N\000e\000u\000r\000a\000l\000\040\000C\000o\000l\000l\000a\000p\000s\000e\000\040\000a\000n\000d\000\040\000S\000y\000m\000m\000e\000t\000r\000y\000\040\000F\000o\000r\000m\000a\000t\000i\000o\000n}{appendix.C}% 130
\BOOKMARK [2][-]{subsection.C.12}{\376\377\000R\000e\000p\000r\000e\000s\000e\000n\000t\000a\000t\000i\000o\000n\000a\000l\000\040\000P\000h\000a\000s\000e\000\040\000T\000r\000a\000n\000s\000i\000t\000i\000o\000n\000s}{appendix.C}% 131
\BOOKMARK [2][-]{subsection.C.13}{\376\377\000T\000h\000e\000\040\000D\000y\000n\000a\000m\000i\000c\000a\000l\000\040\000I\000n\000t\000e\000r\000p\000r\000e\000t\000a\000t\000i\000o\000n\000\040\000o\000f\000\040\000I\000n\000t\000e\000l\000l\000i\000g\000e\000n\000c\000e}{appendix.C}% 132
\BOOKMARK [1][-]{appendix.D}{\376\377\000F\000u\000n\000c\000t\000i\000o\000n\000a\000l\000\040\000A\000n\000a\000l\000y\000s\000i\000s\000,\000\040\000K\000e\000r\000n\000e\000l\000\040\000O\000p\000e\000r\000a\000t\000o\000r\000s\000,\000\040\000a\000n\000d\000\040\000S\000p\000e\000c\000t\000r\000a\000l\000\040\000G\000e\000o\000m\000e\000t\000r\000y}{}% 133
\BOOKMARK [2][-]{subsection.D.1}{\376\377\000R\000e\000p\000r\000e\000s\000e\000n\000t\000a\000t\000i\000o\000n\000a\000l\000\040\000O\000p\000e\000r\000a\000t\000o\000r\000s}{appendix.D}% 134
\BOOKMARK [2][-]{subsection.D.2}{\376\377\000K\000e\000r\000n\000e\000l\000\040\000R\000e\000p\000r\000e\000s\000e\000n\000t\000a\000t\000i\000o\000n\000s}{appendix.D}% 135
\BOOKMARK [2][-]{subsection.D.3}{\376\377\000L\000o\000c\000a\000l\000i\000z\000e\000d\000\040\000A\000c\000c\000o\000m\000m\000o\000d\000a\000t\000i\000o\000n\000\040\000a\000s\000\040\000S\000p\000e\000c\000t\000r\000a\000l\000\040\000P\000e\000r\000t\000u\000r\000b\000a\000t\000i\000o\000n}{appendix.D}% 136
\BOOKMARK [2][-]{subsection.D.4}{\376\377\000S\000p\000e\000c\000t\000r\000a\000l\000\040\000B\000i\000a\000s}{appendix.D}% 137
\BOOKMARK [2][-]{subsection.D.5}{\376\377\000O\000p\000e\000r\000a\000t\000o\000r\000\040\000S\000m\000o\000o\000t\000h\000n\000e\000s\000s\000\040\000a\000n\000d\000\040\000S\000o\000b\000o\000l\000e\000v\000\040\000N\000o\000r\000m\000s}{appendix.D}% 138
\BOOKMARK [2][-]{subsection.D.6}{\376\377\000M\000e\000r\000c\000e\000r\000\040\000D\000e\000c\000o\000m\000p\000o\000s\000i\000t\000i\000o\000n\000\040\000a\000n\000d\000\040\000C\000o\000g\000n\000i\000t\000i\000v\000e\000\040\000M\000o\000d\000e\000s}{appendix.D}% 139
\BOOKMARK [2][-]{subsection.D.7}{\376\377\000C\000o\000m\000p\000r\000e\000s\000s\000i\000o\000n\000\040\000a\000s\000\040\000S\000p\000e\000c\000t\000r\000a\000l\000\040\000T\000r\000u\000n\000c\000a\000t\000i\000o\000n}{appendix.D}% 140
\BOOKMARK [2][-]{subsection.D.8}{\376\377\000T\000h\000e\000\040\000S\000p\000e\000c\000t\000r\000a\000l\000\040\000I\000n\000t\000e\000r\000p\000r\000e\000t\000a\000t\000i\000o\000n\000\040\000o\000f\000\040\000O\000v\000e\000r\000f\000i\000t\000t\000i\000n\000g}{appendix.D}% 141
\BOOKMARK [2][-]{subsection.D.9}{\376\377\000A\000t\000t\000e\000n\000t\000i\000o\000n\000\040\000a\000s\000\040\000O\000p\000e\000r\000a\000t\000o\000r\000\040\000R\000e\000w\000e\000i\000g\000h\000t\000i\000n\000g}{appendix.D}% 142
\BOOKMARK [2][-]{subsection.D.10}{\376\377\000M\000e\000m\000o\000r\000y\000\040\000a\000s\000\040\000O\000p\000e\000r\000a\000t\000o\000r\000\040\000P\000e\000r\000s\000i\000s\000t\000e\000n\000c\000e}{appendix.D}% 143
\BOOKMARK [2][-]{subsection.D.11}{\376\377\000T\000h\000e\000\040\000S\000p\000e\000c\000t\000r\000a\000l\000\040\000G\000e\000o\000m\000e\000t\000r\000y\000\040\000o\000f\000\040\000E\000x\000p\000e\000r\000t\000i\000s\000e}{appendix.D}% 144
\BOOKMARK [2][-]{subsection.D.12}{\376\377\000O\000p\000e\000r\000a\000t\000o\000r\000\040\000P\000h\000a\000s\000e\000\040\000T\000r\000a\000n\000s\000i\000t\000i\000o\000n\000s}{appendix.D}% 145
\BOOKMARK [2][-]{subsection.D.13}{\376\377\000T\000o\000w\000a\000r\000d\000\040\000a\000\040\000S\000p\000e\000c\000t\000r\000a\000l\000\040\000T\000h\000e\000o\000r\000y\000\040\000o\000f\000\040\000C\000o\000g\000n\000i\000t\000i\000o\000n}{appendix.D}% 146
\BOOKMARK [1][-]{appendix.E}{\376\377\000C\000a\000t\000e\000g\000o\000r\000y\000\040\000T\000h\000e\000o\000r\000y\000,\000\040\000S\000h\000e\000a\000f\000\040\000S\000t\000r\000u\000c\000t\000u\000r\000e\000s\000,\000\040\000a\000n\000d\000\040\000C\000o\000g\000n\000i\000t\000i\000v\000e\000\040\000G\000l\000u\000i\000n\000g}{}% 147
\BOOKMARK [2][-]{subsection.E.1}{\376\377\000R\000e\000p\000r\000e\000s\000e\000n\000t\000a\000t\000i\000o\000n\000s\000\040\000a\000s\000\040\000M\000o\000r\000p\000h\000i\000s\000m\000s}{appendix.E}% 148
\BOOKMARK [2][-]{subsection.E.2}{\376\377\000R\000e\000p\000r\000e\000s\000e\000n\000t\000a\000t\000i\000o\000n\000a\000l\000\040\000F\000u\000n\000c\000t\000o\000r\000s}{appendix.E}% 149
\BOOKMARK [2][-]{subsection.E.3}{\376\377\000L\000o\000c\000a\000l\000\040\000R\000e\000p\000r\000e\000s\000e\000n\000t\000a\000t\000i\000o\000n\000a\000l\000\040\000N\000e\000i\000g\000h\000b\000o\000r\000h\000o\000o\000d\000s}{appendix.E}% 150
\BOOKMARK [2][-]{subsection.E.4}{\376\377\000G\000l\000u\000i\000n\000g\000\040\000C\000o\000n\000d\000i\000t\000i\000o\000n\000s}{appendix.E}% 151
\BOOKMARK [2][-]{subsection.E.5}{\376\377\000C\000o\000m\000p\000r\000e\000s\000s\000i\000o\000n\000\040\000a\000s\000\040\000F\000o\000r\000c\000e\000d\000\040\000G\000l\000o\000b\000a\000l\000i\000z\000a\000t\000i\000o\000n}{appendix.E}% 152
\BOOKMARK [2][-]{subsection.E.6}{\376\377\000L\000o\000c\000a\000l\000i\000z\000e\000d\000\040\000A\000c\000c\000o\000m\000m\000o\000d\000a\000t\000i\000o\000n\000\040\000a\000n\000d\000\040\000C\000o\000h\000o\000m\000o\000l\000o\000g\000i\000c\000a\000l\000\040\000O\000b\000s\000t\000r\000u\000c\000t\000i\000o\000n}{appendix.E}% 153
\BOOKMARK [2][-]{subsection.E.7}{\376\377\000E\000x\000c\000e\000s\000s\000\040\000C\000a\000p\000a\000c\000i\000t\000y\000\040\000a\000n\000d\000\040\000L\000o\000c\000a\000l\000\040\000R\000e\000s\000o\000l\000u\000t\000i\000o\000n}{appendix.E}% 154
\BOOKMARK [2][-]{subsection.E.8}{\376\377\000R\000e\000p\000r\000e\000s\000e\000n\000t\000a\000t\000i\000o\000n\000a\000l\000\040\000F\000i\000b\000e\000r\000\040\000B\000u\000n\000d\000l\000e\000s}{appendix.E}% 155
\BOOKMARK [2][-]{subsection.E.9}{\376\377\000A\000t\000t\000e\000n\000t\000i\000o\000n\000\040\000a\000s\000\040\000L\000o\000c\000a\000l\000\040\000T\000r\000i\000v\000i\000a\000l\000i\000z\000a\000t\000i\000o\000n}{appendix.E}% 156
\BOOKMARK [2][-]{subsection.E.10}{\376\377\000F\000u\000n\000c\000t\000o\000r\000i\000a\000l\000\040\000G\000e\000n\000e\000r\000a\000l\000i\000z\000a\000t\000i\000o\000n}{appendix.E}% 157
\BOOKMARK [2][-]{subsection.E.11}{\376\377\000N\000a\000t\000u\000r\000a\000l\000\040\000T\000r\000a\000n\000s\000f\000o\000r\000m\000a\000t\000i\000o\000n\000s\000\040\000a\000n\000d\000\040\000L\000e\000a\000r\000n\000i\000n\000g\000\040\000D\000y\000n\000a\000m\000i\000c\000s}{appendix.E}% 158
\BOOKMARK [2][-]{subsection.E.12}{\376\377\000H\000i\000e\000r\000a\000r\000c\000h\000i\000c\000a\000l\000\040\000S\000h\000e\000a\000f\000\040\000S\000t\000r\000u\000c\000t\000u\000r\000e}{appendix.E}% 159
\BOOKMARK [2][-]{subsection.E.13}{\376\377\000T\000h\000e\000\040\000O\000n\000e\000-\000S\000y\000s\000t\000e\000m\000\040\000H\000y\000p\000o\000t\000h\000e\000s\000i\000s\000\040\000R\000e\000v\000i\000s\000i\000t\000e\000d\000\040\000C\000a\000t\000e\000g\000o\000r\000i\000c\000a\000l\000l\000y}{appendix.E}% 160
\BOOKMARK [2][-]{subsection.E.14}{\376\377\000T\000o\000w\000a\000r\000d\000\040\000a\000\040\000S\000h\000e\000a\000f\000-\000T\000h\000e\000o\000r\000e\000t\000i\000c\000\040\000T\000h\000e\000o\000r\000y\000\040\000o\000f\000\040\000C\000o\000g\000n\000i\000t\000i\000o\000n}{appendix.E}% 161
\BOOKMARK [1][-]{appendix.F}{\376\377\000T\000h\000e\000r\000m\000o\000d\000y\000n\000a\000m\000i\000c\000s\000,\000\040\000E\000n\000t\000r\000o\000p\000y\000,\000\040\000a\000n\000d\000\040\000R\000e\000p\000r\000e\000s\000e\000n\000t\000a\000t\000i\000o\000n\000a\000l\000\040\000P\000h\000a\000s\000e\000\040\000S\000p\000a\000c\000e}{}% 162
\BOOKMARK [2][-]{subsection.F.1}{\376\377\000R\000e\000p\000r\000e\000s\000e\000n\000t\000a\000t\000i\000o\000n\000a\000l\000\040\000P\000h\000a\000s\000e\000\040\000S\000p\000a\000c\000e\000s}{appendix.F}% 163
\BOOKMARK [2][-]{subsection.F.2}{\376\377\000R\000e\000p\000r\000e\000s\000e\000n\000t\000a\000t\000i\000o\000n\000a\000l\000\040\000E\000n\000t\000r\000o\000p\000y}{appendix.F}% 164
\BOOKMARK [2][-]{subsection.F.3}{\376\377\000E\000x\000p\000e\000r\000i\000e\000n\000t\000i\000a\000l\000\040\000E\000n\000t\000r\000o\000p\000y\000\040\000a\000n\000d\000\040\000C\000a\000p\000a\000c\000i\000t\000y}{appendix.F}% 165
\BOOKMARK [2][-]{subsection.F.4}{\376\377\000F\000r\000e\000e\000\040\000E\000n\000e\000r\000g\000y\000\040\000a\000n\000d\000\040\000P\000r\000e\000d\000i\000c\000t\000i\000v\000e\000\040\000S\000t\000a\000b\000i\000l\000i\000z\000a\000t\000i\000o\000n}{appendix.F}% 166
\BOOKMARK [2][-]{subsection.F.5}{\376\377\000R\000e\000p\000r\000e\000s\000e\000n\000t\000a\000t\000i\000o\000n\000a\000l\000\040\000T\000e\000m\000p\000e\000r\000a\000t\000u\000r\000e}{appendix.F}% 167
\BOOKMARK [2][-]{subsection.F.6}{\376\377\000P\000h\000a\000s\000e\000\040\000T\000r\000a\000n\000s\000i\000t\000i\000o\000n\000s\000\040\000B\000e\000t\000w\000e\000e\000n\000\040\000R\000e\000g\000i\000m\000e\000s}{appendix.F}% 168
\BOOKMARK [2][-]{subsection.F.7}{\376\377\000L\000o\000c\000a\000l\000i\000z\000e\000d\000\040\000A\000c\000c\000o\000m\000m\000o\000d\000a\000t\000i\000o\000n\000\040\000a\000s\000\040\000E\000n\000t\000r\000o\000p\000i\000c\000\040\000I\000s\000o\000l\000a\000t\000i\000o\000n}{appendix.F}% 169
\BOOKMARK [2][-]{subsection.F.8}{\376\377\000C\000a\000t\000a\000s\000t\000r\000o\000p\000h\000i\000c\000\040\000O\000v\000e\000r\000f\000i\000t\000t\000i\000n\000g\000\040\000a\000s\000\040\000E\000n\000t\000r\000o\000p\000i\000c\000\040\000P\000r\000o\000p\000a\000g\000a\000t\000i\000o\000n}{appendix.F}% 170
\BOOKMARK [2][-]{subsection.F.9}{\376\377\000M\000e\000m\000o\000r\000y\000\040\000a\000s\000\040\000E\000n\000t\000r\000o\000p\000y\000\040\000S\000t\000a\000b\000i\000l\000i\000z\000a\000t\000i\000o\000n}{appendix.F}% 171
\BOOKMARK [2][-]{subsection.F.10}{\376\377\000A\000t\000t\000e\000n\000t\000i\000o\000n\000\040\000a\000n\000d\000\040\000E\000n\000t\000r\000o\000p\000i\000c\000\040\000G\000r\000a\000d\000i\000e\000n\000t\000s}{appendix.F}% 172
\BOOKMARK [2][-]{subsection.F.11}{\376\377\000C\000r\000e\000a\000t\000i\000v\000i\000t\000y\000\040\000a\000n\000d\000\040\000M\000e\000t\000a\000s\000t\000a\000b\000l\000e\000\040\000E\000x\000p\000l\000o\000r\000a\000t\000i\000o\000n}{appendix.F}% 173
\BOOKMARK [2][-]{subsection.F.12}{\376\377\000B\000i\000o\000l\000o\000g\000i\000c\000a\000l\000\040\000S\000c\000a\000l\000i\000n\000g\000\040\000a\000n\000d\000\040\000E\000n\000e\000r\000g\000e\000t\000i\000c\000\040\000T\000r\000a\000d\000e\000o\000f\000f\000s}{appendix.F}% 174
\BOOKMARK [2][-]{subsection.F.13}{\376\377\000T\000o\000w\000a\000r\000d\000\040\000a\000\040\000T\000h\000e\000r\000m\000o\000d\000y\000n\000a\000m\000i\000c\000\040\000T\000h\000e\000o\000r\000y\000\040\000o\000f\000\040\000C\000o\000g\000n\000i\000t\000i\000o\000n}{appendix.F}% 175
\BOOKMARK [1][-]{appendix.G}{\376\377\000V\000a\000r\000i\000a\000t\000i\000o\000n\000a\000l\000\040\000P\000r\000i\000n\000c\000i\000p\000l\000e\000s\000\040\000a\000n\000d\000\040\000t\000h\000e\000\040\000E\000u\000l\000e\000r\040\023\000L\000a\000g\000r\000a\000n\000g\000e\000\040\000F\000o\000r\000m\000u\000l\000a\000t\000i\000o\000n\000\040\000o\000f\000\040\000R\000e\000p\000r\000e\000s\000e\000n\000t\000a\000t\000i\000o\000n\000a\000l\000\040\000D\000y\000n\000a\000m\000i\000c\000s}{}% 176
\BOOKMARK [2][-]{subsection.G.1}{\376\377\000R\000e\000p\000r\000e\000s\000e\000n\000t\000a\000t\000i\000o\000n\000a\000l\000\040\000A\000c\000t\000i\000o\000n\000\040\000F\000u\000n\000c\000t\000i\000o\000n\000a\000l\000s}{appendix.G}% 177
\BOOKMARK [2][-]{subsection.G.2}{\376\377\000T\000h\000e\000\040\000R\000e\000p\000r\000e\000s\000e\000n\000t\000a\000t\000i\000o\000n\000a\000l\000\040\000L\000a\000g\000r\000a\000n\000g\000i\000a\000n}{appendix.G}% 178
\BOOKMARK [2][-]{subsection.G.3}{\376\377\000E\000u\000l\000e\000r\040\023\000L\000a\000g\000r\000a\000n\000g\000e\000\040\000D\000y\000n\000a\000m\000i\000c\000s}{appendix.G}% 179
\BOOKMARK [2][-]{subsection.G.4}{\376\377\000I\000n\000t\000e\000r\000p\000o\000l\000a\000t\000i\000o\000n\000\040\000C\000o\000n\000s\000t\000r\000a\000i\000n\000t\000s\000\040\000a\000s\000\040\000B\000o\000u\000n\000d\000a\000r\000y\000\040\000C\000o\000n\000d\000i\000t\000i\000o\000n\000s}{appendix.G}% 180
\BOOKMARK [2][-]{subsection.G.5}{\376\377\000L\000o\000c\000a\000l\000i\000z\000e\000d\000\040\000A\000c\000c\000o\000m\000m\000o\000d\000a\000t\000i\000o\000n\000\040\000F\000i\000e\000l\000d\000s}{appendix.G}% 181
\BOOKMARK [2][-]{subsection.G.6}{\376\377\000R\000e\000p\000r\000e\000s\000e\000n\000t\000a\000t\000i\000o\000n\000a\000l\000\040\000C\000u\000r\000v\000a\000t\000u\000r\000e\000\040\000M\000i\000n\000i\000m\000i\000z\000a\000t\000i\000o\000n}{appendix.G}% 182
\BOOKMARK [2][-]{subsection.G.7}{\376\377\000N\000o\000e\000t\000h\000e\000r\000\040\000S\000y\000m\000m\000e\000t\000r\000i\000e\000s\000\040\000a\000n\000d\000\040\000C\000o\000g\000n\000i\000t\000i\000v\000e\000\040\000I\000n\000v\000a\000r\000i\000a\000n\000t\000s}{appendix.G}% 183
\BOOKMARK [2][-]{subsection.G.8}{\376\377\000A\000t\000t\000e\000n\000t\000i\000o\000n\000\040\000a\000s\000\040\000V\000a\000r\000i\000a\000t\000i\000o\000n\000a\000l\000\040\000F\000o\000c\000u\000s\000i\000n\000g}{appendix.G}% 184
\BOOKMARK [2][-]{subsection.G.9}{\376\377\000L\000e\000a\000r\000n\000i\000n\000g\000\040\000a\000s\000\040\000G\000e\000o\000d\000e\000s\000i\000c\000\040\000F\000l\000o\000w}{appendix.G}% 185
\BOOKMARK [2][-]{subsection.G.10}{\376\377\000C\000o\000n\000s\000t\000r\000a\000i\000n\000t\000\040\000P\000o\000t\000e\000n\000t\000i\000a\000l\000s\000\040\000a\000n\000d\000\040\000C\000o\000g\000n\000i\000t\000i\000v\000e\000\040\000R\000i\000g\000i\000d\000i\000t\000y}{appendix.G}% 186
\BOOKMARK [2][-]{subsection.G.11}{\376\377\000E\000n\000t\000r\000o\000p\000y\000-\000R\000e\000g\000u\000l\000a\000r\000i\000z\000e\000d\000\040\000A\000c\000t\000i\000o\000n\000\040\000P\000r\000i\000n\000c\000i\000p\000l\000e\000s}{appendix.G}% 187
\BOOKMARK [2][-]{subsection.G.12}{\376\377\000R\000e\000g\000i\000m\000e\000\040\000D\000y\000n\000a\000m\000i\000c\000s\000\040\000a\000s\000\040\000B\000i\000f\000u\000r\000c\000a\000t\000i\000o\000n\000\040\000T\000h\000e\000o\000r\000y}{appendix.G}% 188
\BOOKMARK [2][-]{subsection.G.13}{\376\377\000T\000h\000e\000\040\000V\000a\000r\000i\000a\000t\000i\000o\000n\000a\000l\000\040\000I\000n\000t\000e\000r\000p\000r\000e\000t\000a\000t\000i\000o\000n\000\040\000o\000f\000\040\000I\000n\000t\000e\000l\000l\000i\000g\000e\000n\000c\000e}{appendix.G}% 189
\BOOKMARK [1][-]{appendix.H}{\376\377\000T\000o\000p\000o\000l\000o\000g\000i\000c\000a\000l\000\040\000S\000t\000r\000u\000c\000t\000u\000r\000e\000,\000\040\000P\000e\000r\000s\000i\000s\000t\000e\000n\000t\000\040\000H\000o\000m\000o\000l\000o\000g\000y\000,\000\040\000a\000n\000d\000\040\000C\000o\000g\000n\000i\000t\000i\000v\000e\000\040\000P\000h\000a\000s\000e\000\040\000G\000e\000o\000m\000e\000t\000r\000y}{}% 190
\BOOKMARK [2][-]{subsection.H.1}{\376\377\000R\000e\000p\000r\000e\000s\000e\000n\000t\000a\000t\000i\000o\000n\000a\000l\000\040\000T\000o\000p\000o\000l\000o\000g\000y}{appendix.H}% 191
\BOOKMARK [2][-]{subsection.H.2}{\376\377\000R\000e\000p\000r\000e\000s\000e\000n\000t\000a\000t\000i\000o\000n\000a\000l\000\040\000S\000i\000m\000p\000l\000i\000c\000i\000a\000l\000\040\000C\000o\000m\000p\000l\000e\000x\000e\000s}{appendix.H}% 192
\BOOKMARK [2][-]{subsection.H.3}{\376\377\000H\000o\000m\000o\000l\000o\000g\000y\000\040\000G\000r\000o\000u\000p\000s\000\040\000a\000n\000d\000\040\000C\000o\000g\000n\000i\000t\000i\000v\000e\000\040\000S\000t\000r\000u\000c\000t\000u\000r\000e}{appendix.H}% 193
\BOOKMARK [2][-]{subsection.H.4}{\376\377\000P\000e\000r\000s\000i\000s\000t\000e\000n\000t\000\040\000H\000o\000m\000o\000l\000o\000g\000y}{appendix.H}% 194
\BOOKMARK [2][-]{subsection.H.5}{\376\377\000C\000o\000m\000p\000r\000e\000s\000s\000i\000o\000n\000\040\000a\000s\000\040\000T\000o\000p\000o\000l\000o\000g\000i\000c\000a\000l\000\040\000C\000o\000l\000l\000a\000p\000s\000e}{appendix.H}% 195
\BOOKMARK [2][-]{subsection.H.6}{\376\377\000L\000o\000c\000a\000l\000i\000z\000e\000d\000\040\000A\000c\000c\000o\000m\000m\000o\000d\000a\000t\000i\000o\000n\000\040\000a\000n\000d\000\040\000T\000o\000p\000o\000l\000o\000g\000i\000c\000a\000l\000\040\000I\000s\000o\000l\000a\000t\000i\000o\000n}{appendix.H}% 196
\BOOKMARK [2][-]{subsection.H.7}{\376\377\000T\000h\000e\000\040\000T\000o\000p\000o\000l\000o\000g\000y\000\040\000o\000f\000\040\000G\000e\000n\000e\000r\000a\000l\000i\000z\000a\000t\000i\000o\000n}{appendix.H}% 197
\BOOKMARK [2][-]{subsection.H.8}{\376\377\000T\000o\000p\000o\000l\000o\000g\000i\000c\000a\000l\000\040\000P\000h\000a\000s\000e\000\040\000T\000r\000a\000n\000s\000i\000t\000i\000o\000n\000s}{appendix.H}% 198
\BOOKMARK [2][-]{subsection.H.9}{\376\377\000C\000o\000g\000n\000i\000t\000i\000v\000e\000\040\000R\000i\000g\000i\000d\000i\000t\000y\000\040\000a\000s\000\040\000T\000o\000p\000o\000l\000o\000g\000i\000c\000a\000l\000\040\000F\000r\000e\000e\000z\000i\000n\000g}{appendix.H}% 199
\BOOKMARK [2][-]{subsection.H.10}{\376\377\000S\000e\000m\000a\000n\000t\000i\000c\000\040\000D\000i\000f\000f\000u\000s\000i\000o\000n\000\040\000a\000s\000\040\000T\000o\000p\000o\000l\000o\000g\000i\000c\000a\000l\000\040\000F\000r\000a\000g\000m\000e\000n\000t\000a\000t\000i\000o\000n}{appendix.H}% 200
\BOOKMARK [2][-]{subsection.H.11}{\376\377\000A\000t\000t\000e\000n\000t\000i\000o\000n\000\040\000a\000s\000\040\000T\000o\000p\000o\000l\000o\000g\000i\000c\000a\000l\000\040\000N\000a\000v\000i\000g\000a\000t\000i\000o\000n}{appendix.H}% 201
\BOOKMARK [2][-]{subsection.H.12}{\376\377\000M\000e\000m\000o\000r\000y\000\040\000a\000n\000d\000\040\000T\000o\000p\000o\000l\000o\000g\000i\000c\000a\000l\000\040\000P\000e\000r\000s\000i\000s\000t\000e\000n\000c\000e}{appendix.H}% 202
\BOOKMARK [2][-]{subsection.H.13}{\376\377\000T\000h\000e\000\040\000T\000o\000p\000o\000l\000o\000g\000i\000c\000a\000l\000\040\000I\000n\000t\000e\000r\000p\000r\000e\000t\000a\000t\000i\000o\000n\000\040\000o\000f\000\040\000A\000b\000s\000t\000r\000a\000c\000t\000i\000o\000n}{appendix.H}% 203
\BOOKMARK [2][-]{subsection.H.14}{\376\377\000T\000o\000w\000a\000r\000d\000\040\000a\000\040\000T\000o\000p\000o\000l\000o\000g\000i\000c\000a\000l\000\040\000T\000h\000e\000o\000r\000y\000\040\000o\000f\000\040\000C\000o\000g\000n\000i\000t\000i\000o\000n}{appendix.H}% 204
