\BOOKMARK [0][-]{chapter*.3}{\376\377\000P\000r\000e\000f\000a\000c\000e}{}% 1
\BOOKMARK [-1][-]{part.1}{\376\377\000I\000\040\000F\000o\000u\000n\000d\000a\000t\000i\000o\000n\000s}{}% 2
\BOOKMARK [0][-]{chapter.1}{\376\377\0001\000\040\000T\000h\000e\000\040\000W\000o\000r\000l\000d\000\040\000B\000e\000f\000o\000r\000e\000\040\000O\000b\000j\000e\000c\000t\000s}{part.1}% 3
\BOOKMARK [1][-]{section.1.1}{\376\377\0001\000.\0001\000\040\000W\000h\000y\000\040\000T\000r\000a\000j\000e\000c\000t\000o\000r\000i\000e\000s\000\040\000A\000r\000e\000\040\000M\000o\000r\000e\000\040\000F\000u\000n\000d\000a\000m\000e\000n\000t\000a\000l\000\040\000T\000h\000a\000n\000\040\000T\000h\000i\000n\000g\000s}{chapter.1}% 4
\BOOKMARK [1][-]{section.1.2}{\376\377\0001\000.\0002\000\040\000T\000h\000e\000\040\000M\000a\000p\040\023\000T\000e\000r\000r\000i\000t\000o\000r\000y\000\040\000D\000i\000s\000t\000i\000n\000c\000t\000i\000o\000n}{chapter.1}% 5
\BOOKMARK [1][-]{section.1.3}{\376\377\0001\000.\0003\000\040\000C\000o\000n\000s\000t\000r\000a\000i\000n\000t\000\040\000B\000e\000f\000o\000r\000e\000\040\000C\000o\000n\000t\000e\000n\000t}{chapter.1}% 6
\BOOKMARK [1][-]{section.1.4}{\376\377\0001\000.\0004\000\040\000A\000c\000c\000e\000s\000s\000i\000b\000i\000l\000i\000t\000y\000\040\000B\000e\000f\000o\000r\000e\000\040\000S\000t\000a\000t\000e}{chapter.1}% 7
\BOOKMARK [0][-]{chapter.2}{\376\377\0002\000\040\000R\000e\000g\000i\000o\000n\000s\000,\000\040\000B\000o\000u\000n\000d\000a\000r\000i\000e\000s\000,\000\040\000a\000n\000d\000\040\000C\000o\000l\000l\000a\000p\000s\000e}{part.1}% 8
\BOOKMARK [1][-]{section.2.1}{\376\377\0002\000.\0001\000\040\000C\000o\000n\000t\000a\000i\000n\000m\000e\000n\000t\000\040\000a\000s\000\040\000a\000\040\000P\000r\000i\000m\000i\000t\000i\000v\000e\000\040\000O\000p\000e\000r\000a\000t\000i\000o\000n}{chapter.2}% 9
\BOOKMARK [1][-]{section.2.2}{\376\377\0002\000.\0002\000\040\000N\000e\000s\000t\000e\000d\000\040\000S\000t\000r\000u\000c\000t\000u\000r\000e\000s}{chapter.2}% 10
\BOOKMARK [1][-]{section.2.3}{\376\377\0002\000.\0003\000\040\000R\000e\000c\000u\000r\000s\000i\000v\000e\000\040\000E\000v\000a\000l\000u\000a\000t\000i\000o\000n}{chapter.2}% 11
\BOOKMARK [1][-]{section.2.4}{\376\377\0002\000.\0004\000\040\000C\000o\000n\000s\000t\000r\000a\000i\000n\000t\000\040\000B\000o\000u\000n\000d\000a\000r\000i\000e\000s}{chapter.2}% 12
\BOOKMARK [1][-]{section.2.5}{\376\377\0002\000.\0005\000\040\000W\000h\000y\000\040\000C\000o\000l\000l\000a\000p\000s\000e\000\040\000A\000p\000p\000e\000a\000r\000s\000\040\000i\000n\000\040\000L\000o\000g\000i\000c\000,\000\040\000C\000o\000m\000p\000u\000t\000a\000t\000i\000o\000n\000,\000\040\000a\000n\000d\000\040\000P\000e\000r\000c\000e\000p\000t\000i\000o\000n}{chapter.2}% 13
\BOOKMARK [1][-]{section.2.6}{\376\377\0002\000.\0006\000\040\000B\000o\000u\000n\000d\000a\000r\000i\000e\000s\000\040\000a\000s\000\040\000I\000n\000f\000o\000r\000m\000a\000t\000i\000o\000n\000\040\000G\000e\000n\000e\000r\000a\000t\000o\000r\000s}{chapter.2}% 14
\BOOKMARK [0][-]{chapter.3}{\376\377\0003\000\040\000S\000p\000h\000e\000r\000e\000p\000o\000p\000\040\000a\000s\000\040\000V\000i\000s\000u\000a\000l\000\040\000C\000o\000m\000p\000u\000t\000a\000t\000i\000o\000n}{part.1}% 15
\BOOKMARK [1][-]{section.3.1}{\376\377\0003\000.\0001\000\040\000O\000r\000i\000g\000i\000n\000s\000\040\000o\000f\000\040\000S\000p\000h\000e\000r\000e\000p\000o\000p}{chapter.3}% 16
\BOOKMARK [1][-]{section.3.2}{\376\377\0003\000.\0002\000\040\000N\000e\000s\000t\000e\000d\000\040\000B\000u\000b\000b\000l\000e\000s}{chapter.3}% 17
\BOOKMARK [1][-]{section.3.3}{\376\377\0003\000.\0003\000\040\000R\000e\000a\000d\000i\000n\000g\000\040\000O\000r\000d\000e\000r}{chapter.3}% 18
\BOOKMARK [1][-]{section.3.4}{\376\377\0003\000.\0004\000\040\000T\000h\000e\000\040\000P\000o\000p\000\040\000O\000p\000e\000r\000a\000t\000o\000r}{chapter.3}% 19
\BOOKMARK [1][-]{section.3.5}{\376\377\0003\000.\0005\000\040\000C\000o\000l\000l\000a\000p\000s\000e\000\040\000a\000s\000\040\000E\000v\000a\000l\000u\000a\000t\000i\000o\000n}{chapter.3}% 20
\BOOKMARK [1][-]{section.3.6}{\376\377\0003\000.\0006\000\040\000V\000i\000s\000u\000a\000l\000\040\000E\000x\000a\000m\000p\000l\000e\000s\000\040\000f\000r\000o\000m\000\040\000A\000r\000i\000t\000h\000m\000e\000t\000i\000c}{chapter.3}% 21
\BOOKMARK [1][-]{section.3.7}{\376\377\0003\000.\0007\000\040\000R\000e\000l\000a\000t\000i\000o\000n\000s\000h\000i\000p\000\040\000t\000o\000\040\000L\000i\000s\000p\000\040\000T\000r\000e\000e\000s\000\040\000a\000n\000d\000\040\000E\000x\000p\000r\000e\000s\000s\000i\000o\000n\000\040\000P\000a\000r\000s\000i\000n\000g}{chapter.3}% 22
\BOOKMARK [1][-]{section.3.8}{\376\377\0003\000.\0008\000\040\000S\000p\000h\000e\000r\000e\000p\000o\000p\000\040\000B\000e\000y\000o\000n\000d\000\040\000A\000r\000i\000t\000h\000m\000e\000t\000i\000c}{chapter.3}% 23
\BOOKMARK [0][-]{chapter.4}{\376\377\0004\000\040\000C\000a\000n\000o\000n\000i\000c\000a\000l\000i\000z\000a\000t\000i\000o\000n\000\040\000a\000n\000d\000\040\000E\000q\000u\000i\000v\000a\000l\000e\000n\000c\000e}{part.1}% 24
\BOOKMARK [1][-]{section.4.1}{\376\377\0004\000.\0001\000\040\000W\000h\000y\000\040\000D\000i\000f\000f\000e\000r\000e\000n\000t\000\040\000T\000r\000a\000j\000e\000c\000t\000o\000r\000i\000e\000s\000\040\000R\000e\000p\000r\000e\000s\000e\000n\000t\000\040\000t\000h\000e\000\040\000S\000a\000m\000e\000\040\000O\000b\000j\000e\000c\000t}{chapter.4}% 25
\BOOKMARK [1][-]{section.4.2}{\376\377\0004\000.\0002\000\040\000G\000e\000s\000t\000u\000r\000e\000\040\000E\000q\000u\000i\000v\000a\000l\000e\000n\000c\000e}{chapter.4}% 26
\BOOKMARK [1][-]{section.4.3}{\376\377\0004\000.\0003\000\040\000T\000y\000p\000i\000n\000g\000\040\000E\000q\000u\000i\000v\000a\000l\000e\000n\000c\000e}{chapter.4}% 27
\BOOKMARK [1][-]{section.4.4}{\376\377\0004\000.\0004\000\040\000M\000a\000t\000h\000e\000m\000a\000t\000i\000c\000a\000l\000\040\000E\000q\000u\000i\000v\000a\000l\000e\000n\000c\000e\000\040\000C\000l\000a\000s\000s\000e\000s}{chapter.4}% 28
\BOOKMARK [1][-]{section.4.5}{\376\377\0004\000.\0005\000\040\000C\000a\000n\000o\000n\000i\000c\000a\000l\000\040\000F\000o\000r\000m\000s}{chapter.4}% 29
\BOOKMARK [1][-]{section.4.6}{\376\377\0004\000.\0006\000\040\000F\000i\000b\000e\000r\000\040\000a\000n\000d\000\040\000P\000r\000o\000j\000e\000c\000t\000i\000o\000n\000\040\000V\000i\000e\000w\000p\000o\000i\000n\000t\000s}{chapter.4}% 30
\BOOKMARK [1][-]{section.4.7}{\376\377\0004\000.\0007\000\040\000C\000a\000n\000o\000n\000i\000c\000a\000l\000i\000z\000a\000t\000i\000o\000n\000\040\000i\000n\000\040\000t\000h\000e\000\040\000R\000S\000V\000P\000\040\000F\000r\000a\000m\000e\000w\000o\000r\000k}{chapter.4}% 31
\BOOKMARK [1][-]{section.4.8}{\376\377\0004\000.\0008\000\040\000T\000h\000e\000\040\000C\000a\000n\000o\000n\000i\000c\000a\000l\000i\000z\000a\000t\000i\000o\000n\000\040\000P\000r\000i\000n\000c\000i\000p\000l\000e}{chapter.4}% 32
\BOOKMARK [-1][-]{part.2}{\376\377\000I\000I\000\040\000S\000p\000h\000e\000r\000e\000p\000o\000p\000\040\000C\000a\000l\000c\000u\000l\000u\000s}{}% 33
\BOOKMARK [0][-]{chapter.5}{\376\377\0005\000\040\000B\000a\000s\000i\000c\000\040\000S\000y\000n\000t\000a\000x}{part.2}% 34
\BOOKMARK [1][-]{section.5.1}{\376\377\0005\000.\0001\000\040\000S\000p\000h\000e\000r\000e\000s}{chapter.5}% 35
\BOOKMARK [1][-]{section.5.2}{\376\377\0005\000.\0002\000\040\000C\000o\000n\000t\000a\000i\000n\000m\000e\000n\000t}{chapter.5}% 36
\BOOKMARK [1][-]{section.5.3}{\376\377\0005\000.\0003\000\040\000O\000p\000e\000r\000a\000t\000o\000r\000s}{chapter.5}% 37
\BOOKMARK [1][-]{section.5.4}{\376\377\0005\000.\0004\000\040\000R\000e\000a\000d\000i\000n\000g\000\040\000C\000o\000n\000v\000e\000n\000t\000i\000o\000n\000s}{chapter.5}% 38
\BOOKMARK [1][-]{section.5.5}{\376\377\0005\000.\0005\000\040\000B\000r\000a\000c\000k\000e\000t\000\040\000N\000o\000t\000a\000t\000i\000o\000n}{chapter.5}% 39
\BOOKMARK [1][-]{section.5.6}{\376\377\0005\000.\0006\000\040\000T\000r\000a\000n\000s\000l\000a\000t\000i\000o\000n\000\040\000B\000e\000t\000w\000e\000e\000n\000\040\000S\000y\000m\000b\000o\000l\000i\000c\000\040\000a\000n\000d\000\040\000S\000p\000h\000e\000r\000e\000p\000o\000p\000\040\000F\000o\000r\000m\000s}{chapter.5}% 40
\BOOKMARK [0][-]{chapter.6}{\376\377\0006\000\040\000E\000v\000a\000l\000u\000a\000t\000i\000o\000n\000\040\000D\000y\000n\000a\000m\000i\000c\000s}{part.2}% 41
\BOOKMARK [1][-]{section.6.1}{\376\377\0006\000.\0001\000\040\000T\000h\000e\000\040\000P\000o\000p\000\040\000O\000p\000e\000r\000a\000t\000i\000o\000n}{chapter.6}% 42
\BOOKMARK [1][-]{section.6.2}{\376\377\0006\000.\0002\000\040\000R\000e\000f\000u\000s\000a\000l}{chapter.6}% 43
\BOOKMARK [1][-]{section.6.3}{\376\377\0006\000.\0003\000\040\000B\000i\000n\000d\000i\000n\000g}{chapter.6}% 44
\BOOKMARK [1][-]{section.6.4}{\376\377\0006\000.\0004\000\040\000C\000o\000l\000l\000a\000p\000s\000e\000\040\000O\000p\000e\000r\000a\000t\000o\000r\000s}{chapter.6}% 45
\BOOKMARK [1][-]{section.6.5}{\376\377\0006\000.\0005\000\040\000R\000e\000d\000u\000c\000t\000i\000o\000n\000\040\000S\000e\000q\000u\000e\000n\000c\000e\000s}{chapter.6}% 46
\BOOKMARK [1][-]{section.6.6}{\376\377\0006\000.\0006\000\040\000T\000e\000r\000m\000i\000n\000a\000t\000i\000o\000n\000\040\000C\000o\000n\000d\000i\000t\000i\000o\000n\000s}{chapter.6}% 47
\BOOKMARK [1][-]{section.6.7}{\376\377\0006\000.\0007\000\040\000C\000o\000n\000f\000l\000u\000e\000n\000c\000e}{chapter.6}% 48
\BOOKMARK [0][-]{chapter.7}{\376\377\0007\000\040\000G\000e\000o\000m\000e\000t\000r\000y\000\040\000o\000f\000\040\000E\000x\000p\000r\000e\000s\000s\000i\000o\000n\000s}{part.2}% 49
\BOOKMARK [1][-]{section.7.1}{\376\377\0007\000.\0001\000\040\000E\000x\000p\000r\000e\000s\000s\000i\000o\000n\000s\000\040\000a\000s\000\040\000T\000o\000p\000o\000l\000o\000g\000i\000c\000a\000l\000\040\000O\000b\000j\000e\000c\000t\000s}{chapter.7}% 50
\BOOKMARK [1][-]{section.7.2}{\376\377\0007\000.\0002\000\040\000N\000e\000s\000t\000i\000n\000g\000\040\000D\000e\000p\000t\000h\000\040\000a\000s\000\040\000a\000\040\000G\000e\000o\000m\000e\000t\000r\000i\000c\000\040\000Q\000u\000a\000n\000t\000i\000t\000y}{chapter.7}% 51
\BOOKMARK [1][-]{section.7.3}{\376\377\0007\000.\0003\000\040\000C\000o\000n\000s\000t\000r\000a\000i\000n\000t\000\040\000S\000h\000e\000l\000l\000s}{chapter.7}% 52
\BOOKMARK [1][-]{section.7.4}{\376\377\0007\000.\0004\000\040\000E\000v\000a\000l\000u\000a\000t\000i\000o\000n\000\040\000P\000a\000t\000h\000s}{chapter.7}% 53
\BOOKMARK [1][-]{section.7.5}{\376\377\0007\000.\0005\000\040\000T\000h\000e\000\040\000E\000x\000p\000r\000e\000s\000s\000i\000o\000n\000\040\000M\000a\000n\000i\000f\000o\000l\000d}{chapter.7}% 54
\BOOKMARK [1][-]{section.7.6}{\376\377\0007\000.\0006\000\040\000V\000i\000s\000u\000a\000l\000i\000z\000a\000t\000i\000o\000n\000\040\000T\000e\000c\000h\000n\000i\000q\000u\000e\000s}{chapter.7}% 55
\BOOKMARK [0][-]{chapter.8}{\376\377\0008\000\040\000S\000e\000m\000a\000n\000t\000i\000c\000\040\000R\000e\000n\000o\000r\000m\000a\000l\000i\000z\000a\000t\000i\000o\000n}{part.2}% 56
\BOOKMARK [1][-]{section.8.1}{\376\377\0008\000.\0001\000\040\000T\000h\000e\000\040\000C\000o\000l\000l\000a\000p\000s\000e\000\040\000O\000p\000e\000r\000a\000t\000o\000r\000\040\000R\000e\000v\000i\000s\000i\000t\000e\000d}{chapter.8}% 57
\BOOKMARK [1][-]{section.8.2}{\376\377\0008\000.\0002\000\040\000C\000o\000m\000p\000r\000e\000s\000s\000i\000o\000n}{chapter.8}% 58
\BOOKMARK [1][-]{section.8.3}{\376\377\0008\000.\0003\000\040\000A\000b\000s\000t\000r\000a\000c\000t\000i\000o\000n}{chapter.8}% 59
\BOOKMARK [1][-]{section.8.4}{\376\377\0008\000.\0004\000\040\000Q\000u\000o\000t\000i\000e\000n\000t\000\040\000S\000t\000r\000u\000c\000t\000u\000r\000e\000s}{chapter.8}% 60
\BOOKMARK [1][-]{section.8.5}{\376\377\0008\000.\0005\000\040\000R\000e\000l\000a\000t\000i\000o\000n\000s\000h\000i\000p\000\040\000t\000o\000\040\000A\000d\000m\000i\000s\000s\000i\000b\000i\000l\000i\000t\000y}{chapter.8}% 61
\BOOKMARK [1][-]{section.8.6}{\376\377\0008\000.\0006\000\040\000C\000o\000n\000n\000e\000c\000t\000i\000o\000n\000\040\000t\000o\000\040\000C\000L\000I\000O\000\040\000a\000n\000d\000\040\000S\000e\000m\000a\000n\000t\000i\000c\000\040\000F\000i\000e\000l\000d\000s}{chapter.8}% 62
\BOOKMARK [0][-]{chapter.9}{\376\377\0009\000\040\000A\000c\000t\000i\000o\000n\000\040\000H\000i\000s\000t\000o\000r\000i\000e\000s\000\040\000a\000n\000d\000\040\000S\000p\000h\000e\000r\000e\000p\000o\000p\000\040\000D\000y\000n\000a\000m\000i\000c\000s}{part.2}% 63
\BOOKMARK [1][-]{section.9.1}{\376\377\0009\000.\0001\000\040\000T\000h\000e\000\040\000S\000p\000h\000e\000r\000e\000p\000o\000p\000\040\000L\000a\000g\000r\000a\000n\000g\000i\000a\000n}{chapter.9}% 64
\BOOKMARK [1][-]{section.9.2}{\376\377\0009\000.\0002\000\040\000A\000c\000t\000i\000o\000n\000\040\000H\000i\000s\000t\000o\000r\000i\000e\000s}{chapter.9}% 65
\BOOKMARK [1][-]{section.9.3}{\376\377\0009\000.\0003\000\040\000C\000o\000m\000m\000i\000t\000m\000e\000n\000t\000\040\000V\000a\000r\000i\000a\000b\000l\000e\000s}{chapter.9}% 66
\BOOKMARK [1][-]{section.9.4}{\376\377\0009\000.\0004\000\040\000R\000e\000m\000a\000i\000n\000i\000n\000g\000\040\000F\000r\000e\000e\000d\000o\000m}{chapter.9}% 67
\BOOKMARK [1][-]{section.9.5}{\376\377\0009\000.\0005\000\040\000A\000c\000c\000e\000s\000s\000i\000b\000i\000l\000i\000t\000y\000\040\000M\000e\000a\000s\000u\000r\000e\000s}{chapter.9}% 68
\BOOKMARK [1][-]{section.9.6}{\376\377\0009\000.\0006\000\040\000C\000o\000n\000n\000e\000c\000t\000i\000o\000n\000\040\000t\000o\000\040\000D\000e\000c\000i\000s\000i\000o\000n\000\040\000T\000h\000e\000o\000r\000y}{chapter.9}% 69
\BOOKMARK [1][-]{section.9.7}{\376\377\0009\000.\0007\000\040\000C\000o\000n\000n\000e\000c\000t\000i\000o\000n\000\040\000t\000o\000\040\000R\000S\000V\000P}{chapter.9}% 70
\BOOKMARK [-1][-]{part.3}{\376\377\000I\000I\000I\000\040\000G\000e\000s\000t\000u\000r\000e\000\040\000B\000e\000f\000o\000r\000e\000\040\000S\000y\000m\000b\000o\000l}{}% 71
\BOOKMARK [0][-]{chapter.10}{\376\377\0001\0000\000\040\000G\000e\000s\000t\000u\000r\000e\000\040\000a\000s\000\040\000P\000r\000i\000m\000a\000r\000y\000\040\000R\000e\000a\000l\000i\000t\000y}{part.3}% 72
\BOOKMARK [1][-]{section.10.1}{\376\377\0001\0000\000.\0001\000\040\000D\000e\000v\000e\000l\000o\000p\000m\000e\000n\000t\000a\000l\000\040\000E\000v\000i\000d\000e\000n\000c\000e}{chapter.10}% 73
\BOOKMARK [1][-]{section.10.2}{\376\377\0001\0000\000.\0002\000\040\000T\000h\000e\000\040\000G\000e\000s\000t\000u\000r\000e\000\040\000M\000a\000n\000i\000f\000o\000l\000d}{chapter.10}% 74
\BOOKMARK [1][-]{section.10.3}{\376\377\0001\0000\000.\0003\000\040\000M\000o\000t\000o\000r\000\040\000S\000t\000r\000u\000c\000t\000u\000r\000e\000\040\000a\000s\000\040\000t\000h\000e\000\040\000S\000u\000b\000s\000t\000r\000a\000t\000e\000\040\000o\000f\000\040\000M\000e\000a\000n\000i\000n\000g}{chapter.10}% 75
\BOOKMARK [1][-]{section.10.4}{\376\377\0001\0000\000.\0004\000\040\000E\000v\000o\000l\000u\000t\000i\000o\000n\000a\000r\000y\000\040\000E\000v\000i\000d\000e\000n\000c\000e}{chapter.10}% 76
\BOOKMARK [0][-]{chapter.11}{\376\377\0001\0001\000\040\000T\000r\000a\000j\000e\000c\000t\000o\000r\000i\000e\000s\000\040\000a\000n\000d\000\040\000A\000d\000m\000i\000s\000s\000i\000b\000i\000l\000i\000t\000y}{part.3}% 77
\BOOKMARK [1][-]{section.11.1}{\376\377\0001\0001\000.\0001\000\040\000G\000e\000s\000t\000u\000r\000e\000\040\000M\000a\000n\000i\000f\000o\000l\000d\000s}{chapter.11}% 78
\BOOKMARK [1][-]{section.11.2}{\376\377\0001\0001\000.\0002\000\040\000C\000o\000n\000s\000t\000r\000a\000i\000n\000t\000\040\000S\000p\000a\000c\000e\000s\000\040\000o\000n\000\040\000T\000r\000a\000j\000e\000c\000t\000o\000r\000y\000\040\000S\000p\000a\000c\000e}{chapter.11}% 79
\BOOKMARK [1][-]{section.11.3}{\376\377\0001\0001\000.\0003\000\040\000M\000o\000t\000o\000r\000\040\000E\000q\000u\000i\000v\000a\000l\000e\000n\000c\000e\000\040\000C\000l\000a\000s\000s\000e\000s\000\040\000R\000e\000v\000i\000s\000i\000t\000e\000d}{chapter.11}% 80
\BOOKMARK [1][-]{section.11.4}{\376\377\0001\0001\000.\0004\000\040\000C\000a\000n\000o\000n\000i\000c\000a\000l\000\040\000G\000e\000s\000t\000u\000r\000e\000s}{chapter.11}% 81
\BOOKMARK [1][-]{section.11.5}{\376\377\0001\0001\000.\0005\000\040\000A\000c\000c\000e\000s\000s\000i\000b\000i\000l\000i\000t\000y\000\040\000o\000f\000\040\000G\000e\000s\000t\000u\000r\000e\000\040\000C\000o\000n\000t\000i\000n\000u\000a\000t\000i\000o\000n\000s}{chapter.11}% 82
\BOOKMARK [0][-]{chapter.12}{\376\377\0001\0002\000\040\000K\000e\000y\000b\000o\000a\000r\000d\000s\000\040\000a\000s\000\040\000G\000e\000s\000t\000u\000r\000e\000\040\000S\000e\000n\000s\000o\000r\000s}{part.3}% 83
\BOOKMARK [1][-]{section.12.1}{\376\377\0001\0002\000.\0001\000\040\000T\000y\000p\000i\000n\000g\000\040\000a\000s\000\040\000C\000o\000o\000r\000d\000i\000n\000a\000t\000e\000d\000\040\000M\000o\000t\000o\000r\000\040\000B\000e\000h\000a\000v\000i\000o\000r}{chapter.12}% 84
\BOOKMARK [1][-]{section.12.2}{\376\377\0001\0002\000.\0002\000\040\000T\000h\000e\000\040\000H\000i\000d\000d\000e\000n\000\040\000S\000i\000g\000n\000a\000l\000\040\000B\000e\000n\000e\000a\000t\000h\000\040\000T\000e\000x\000t}{chapter.12}% 85
\BOOKMARK [1][-]{section.12.3}{\376\377\0001\0002\000.\0003\000\040\000O\000v\000e\000r\000l\000a\000p\000,\000\040\000P\000i\000v\000o\000t\000s\000,\000\040\000a\000n\000d\000\040\000R\000e\000l\000e\000a\000s\000e\000\040\000S\000t\000r\000u\000c\000t\000u\000r\000e\000s}{chapter.12}% 86
\BOOKMARK [1][-]{section.12.4}{\376\377\0001\0002\000.\0004\000\040\000I\000n\000t\000e\000r\000-\000H\000a\000n\000d\000\040\000C\000o\000o\000r\000d\000i\000n\000a\000t\000i\000o\000n}{chapter.12}% 87
\BOOKMARK [1][-]{section.12.5}{\376\377\0001\0002\000.\0005\000\040\000K\000e\000y\000b\000o\000a\000r\000d\000\040\000G\000e\000o\000m\000e\000t\000r\000y\000\040\000R\000e\000v\000i\000s\000i\000t\000e\000d}{chapter.12}% 88
\BOOKMARK [0][-]{chapter.13}{\376\377\0001\0003\000\040\000G\000e\000s\000t\000u\000r\000e\000\040\000R\000e\000c\000o\000n\000s\000t\000r\000u\000c\000t\000i\000o\000n\000\040\000a\000s\000\040\000I\000n\000v\000e\000r\000s\000e\000\040\000I\000n\000f\000e\000r\000e\000n\000c\000e}{part.3}% 89
\BOOKMARK [1][-]{section.13.1}{\376\377\0001\0003\000.\0001\000\040\000W\000h\000y\000\040\000C\000l\000a\000s\000s\000i\000f\000i\000c\000a\000t\000i\000o\000n\000\040\000i\000s\000\040\000I\000n\000s\000u\000f\000f\000i\000c\000i\000e\000n\000t}{chapter.13}% 90
\BOOKMARK [1][-]{section.13.2}{\376\377\0001\0003\000.\0002\000\040\000T\000r\000a\000j\000e\000c\000t\000o\000r\000y\000\040\000R\000e\000c\000o\000n\000s\000t\000r\000u\000c\000t\000i\000o\000n}{chapter.13}% 91
\BOOKMARK [1][-]{section.13.3}{\376\377\0001\0003\000.\0003\000\040\000E\000m\000b\000o\000d\000i\000e\000d\000\040\000S\000e\000m\000a\000n\000t\000i\000c\000s}{chapter.13}% 92
\BOOKMARK [1][-]{section.13.4}{\376\377\0001\0003\000.\0004\000\040\000C\000o\000n\000s\000t\000r\000a\000i\000n\000t\000\040\000M\000u\000l\000t\000i\000p\000l\000i\000c\000a\000t\000i\000o\000n}{chapter.13}% 93
\BOOKMARK [1][-]{section.13.5}{\376\377\0001\0003\000.\0005\000\040\000L\000a\000t\000e\000n\000t\000\040\000I\000n\000t\000e\000n\000t\000i\000o\000n}{chapter.13}% 94
\BOOKMARK [1][-]{section.13.6}{\376\377\0001\0003\000.\0006\000\040\000T\000h\000e\000\040\000I\000n\000v\000e\000r\000s\000e\000\040\000I\000n\000f\000e\000r\000e\000n\000c\000e\000\040\000P\000r\000i\000n\000c\000i\000p\000l\000e}{chapter.13}% 95
\BOOKMARK [-1][-]{part.4}{\376\377\000I\000V\000\040\000A\000d\000m\000i\000s\000s\000i\000b\000i\000l\000i\000t\000y\000\040\000a\000n\000d\000\040\000C\000o\000n\000s\000t\000r\000a\000i\000n\000t\000\040\000T\000h\000e\000o\000r\000y}{}% 96
\BOOKMARK [0][-]{chapter.14}{\376\377\0001\0004\000\040\000A\000c\000c\000e\000s\000s\000i\000b\000i\000l\000i\000t\000y\000\040\000L\000a\000n\000d\000s\000c\000a\000p\000e\000s}{part.4}% 97
\BOOKMARK [1][-]{section.14.1}{\376\377\0001\0004\000.\0001\000\040\000A\000d\000m\000i\000s\000s\000i\000b\000l\000e\000\040\000F\000u\000t\000u\000r\000e\000s}{chapter.14}% 98
\BOOKMARK [1][-]{section.14.2}{\376\377\0001\0004\000.\0002\000\040\000C\000o\000n\000s\000t\000r\000a\000i\000n\000t\000\040\000G\000e\000o\000m\000e\000t\000r\000y}{chapter.14}% 99
\BOOKMARK [1][-]{section.14.3}{\376\377\0001\0004\000.\0003\000\040\000N\000a\000v\000i\000g\000a\000t\000i\000o\000n\000\040\000O\000v\000e\000r\000\040\000P\000o\000s\000s\000i\000b\000i\000l\000i\000t\000y\000\040\000S\000p\000a\000c\000e\000s}{chapter.14}% 100
\BOOKMARK [1][-]{section.14.4}{\376\377\0001\0004\000.\0004\000\040\000A\000c\000c\000e\000s\000s\000i\000b\000i\000l\000i\000t\000y\000\040\000W\000e\000l\000l\000s\000,\000\040\000P\000e\000a\000k\000s\000,\000\040\000a\000n\000d\000\040\000R\000i\000d\000g\000e\000s}{chapter.14}% 101
\BOOKMARK [0][-]{chapter.15}{\376\377\0001\0005\000\040\000C\000L\000I\000O\000\040\000a\000n\000d\000\040\000C\000o\000n\000s\000t\000r\000a\000i\000n\000t\000-\000L\000e\000v\000e\000r\000a\000g\000e\000d\000\040\000I\000n\000f\000e\000r\000e\000n\000c\000e}{part.4}% 102
\BOOKMARK [1][-]{section.15.1}{\376\377\0001\0005\000.\0001\000\040\000C\000o\000n\000s\000t\000r\000a\000i\000n\000t\000\040\000a\000s\000\040\000C\000o\000m\000p\000u\000t\000a\000t\000i\000o\000n}{chapter.15}% 103
\BOOKMARK [1][-]{section.15.2}{\376\377\0001\0005\000.\0002\000\040\000S\000p\000a\000r\000s\000e\000\040\000P\000r\000o\000j\000e\000c\000t\000i\000o\000n}{chapter.15}% 104
\BOOKMARK [1][-]{section.15.3}{\376\377\0001\0005\000.\0003\000\040\000S\000e\000a\000r\000c\000h\000\040\000W\000i\000t\000h\000o\000u\000t\000\040\000E\000x\000h\000a\000u\000s\000t\000i\000v\000e\000\040\000S\000e\000a\000r\000c\000h}{chapter.15}% 105
\BOOKMARK [0][-]{chapter.16}{\376\377\0001\0006\000\040\000P\000r\000o\000j\000e\000c\000t\000i\000o\000n\000\040\000E\000n\000g\000i\000n\000e\000s}{part.4}% 106
\BOOKMARK [1][-]{section.16.1}{\376\377\0001\0006\000.\0001\000\040\000O\000u\000t\000p\000u\000t\000s\000\040\000a\000s\000\040\000P\000r\000o\000j\000e\000c\000t\000i\000o\000n\000s}{chapter.16}% 107
\BOOKMARK [1][-]{section.16.2}{\376\377\0001\0006\000.\0002\000\040\000T\000e\000x\000t\000\040\000a\000s\000\040\000P\000r\000o\000j\000e\000c\000t\000i\000o\000n}{chapter.16}% 108
\BOOKMARK [1][-]{section.16.3}{\376\377\0001\0006\000.\0003\000\040\000M\000u\000s\000i\000c\000\040\000a\000s\000\040\000P\000r\000o\000j\000e\000c\000t\000i\000o\000n}{chapter.16}% 109
\BOOKMARK [1][-]{section.16.4}{\376\377\0001\0006\000.\0004\000\040\000I\000m\000a\000g\000e\000s\000\040\000a\000s\000\040\000P\000r\000o\000j\000e\000c\000t\000i\000o\000n}{chapter.16}% 110
\BOOKMARK [1][-]{section.16.5}{\376\377\0001\0006\000.\0005\000\040\000S\000h\000a\000r\000e\000d\000\040\000L\000a\000t\000e\000n\000t\000\040\000S\000t\000r\000u\000c\000t\000u\000r\000e\000s}{chapter.16}% 111
\BOOKMARK [0][-]{chapter.17}{\376\377\0001\0007\000\040\000S\000h\000e\000a\000v\000e\000s\000,\000\040\000F\000i\000b\000e\000r\000s\000,\000\040\000a\000n\000d\000\040\000G\000l\000u\000i\000n\000g}{part.4}% 112
\BOOKMARK [1][-]{section.17.1}{\376\377\0001\0007\000.\0001\000\040\000L\000o\000c\000a\000l\000\040\000C\000o\000n\000s\000i\000s\000t\000e\000n\000c\000y}{chapter.17}% 113
\BOOKMARK [1][-]{section.17.2}{\376\377\0001\0007\000.\0002\000\040\000G\000l\000o\000b\000a\000l\000\040\000C\000o\000h\000e\000r\000e\000n\000c\000e}{chapter.17}% 114
\BOOKMARK [1][-]{section.17.3}{\376\377\0001\0007\000.\0003\000\040\000K\000n\000o\000w\000l\000e\000d\000g\000e\000\040\000I\000n\000t\000e\000g\000r\000a\000t\000i\000o\000n}{chapter.17}% 115
\BOOKMARK [1][-]{section.17.4}{\376\377\0001\0007\000.\0004\000\040\000U\000s\000e\000r\000-\000I\000n\000d\000e\000p\000e\000n\000d\000e\000n\000t\000\040\000G\000e\000n\000e\000r\000a\000l\000i\000z\000a\000t\000i\000o\000n}{chapter.17}% 116
\BOOKMARK [-1][-]{part.5}{\376\377\000V\000\040\000R\000S\000V\000P\000\040\000a\000n\000d\000\040\000C\000o\000s\000m\000o\000l\000o\000g\000i\000c\000a\000l\000\040\000A\000c\000c\000e\000s\000s\000i\000b\000i\000l\000i\000t\000y}{}% 117
\BOOKMARK [0][-]{chapter.18}{\376\377\0001\0008\000\040\000T\000h\000e\000\040\000R\000e\000l\000a\000t\000i\000v\000i\000s\000t\000i\000c\000\040\000S\000c\000a\000l\000a\000r\040\023\000V\000e\000c\000t\000o\000r\000\040\000P\000l\000e\000n\000u\000m}{part.5}% 118
\BOOKMARK [1][-]{section.18.1}{\376\377\0001\0008\000.\0001\000\040\000H\000i\000s\000t\000o\000r\000i\000c\000a\000l\000\040\000D\000e\000v\000e\000l\000o\000p\000m\000e\000n\000t}{chapter.18}% 119
\BOOKMARK [1][-]{section.18.2}{\376\377\0001\0008\000.\0002\000\040\000C\000o\000r\000e\000\040\000F\000i\000e\000l\000d\000s\000:\000\040\000\050\000P\000h\000i\000,\000\040\000v\000,\000\040\000S\000\051}{chapter.18}% 120
\BOOKMARK [1][-]{section.18.3}{\376\377\0001\0008\000.\0003\000\040\000E\000n\000t\000r\000o\000p\000y\000\040\000a\000n\000d\000\040\000A\000c\000c\000e\000s\000s\000i\000b\000i\000l\000i\000t\000y}{chapter.18}% 121
\BOOKMARK [1][-]{section.18.4}{\376\377\0001\0008\000.\0004\000\040\000T\000h\000e\000\040\000R\000S\000V\000P\000\040\000F\000i\000e\000l\000d\000\040\000E\000q\000u\000a\000t\000i\000o\000n\000s}{chapter.18}% 122
\BOOKMARK [1][-]{section.18.5}{\376\377\0001\0008\000.\0005\000\040\000L\000a\000m\000p\000h\000r\000o\000n\040\023\000L\000a\000m\000p\000h\000r\000o\000d\000y\000n\000e\000\040\000D\000y\000n\000a\000m\000i\000c\000s}{chapter.18}% 123
\BOOKMARK [0][-]{chapter.19}{\376\377\0001\0009\000\040\000A\000c\000c\000e\000s\000s\000i\000b\000i\000l\000i\000t\000y\000\040\000R\000e\000l\000a\000x\000a\000t\000i\000o\000n}{part.5}% 124
\BOOKMARK [1][-]{section.19.1}{\376\377\0001\0009\000.\0001\000\040\000R\000e\000p\000l\000a\000c\000i\000n\000g\000\040\000E\000x\000p\000a\000n\000s\000i\000o\000n}{chapter.19}% 125
\BOOKMARK [1][-]{section.19.2}{\376\377\0001\0009\000.\0002\000\040\000A\000c\000c\000e\000s\000s\000i\000b\000i\000l\000i\000t\000y\000\040\000G\000r\000a\000d\000i\000e\000n\000t\000s}{chapter.19}% 126
\BOOKMARK [1][-]{section.19.3}{\376\377\0001\0009\000.\0003\000\040\000E\000n\000t\000r\000o\000p\000i\000c\000\040\000S\000m\000o\000o\000t\000h\000i\000n\000g}{chapter.19}% 127
\BOOKMARK [1][-]{section.19.4}{\376\377\0001\0009\000.\0004\000\040\000L\000a\000m\000p\000h\000r\000o\000n\040\023\000L\000a\000m\000p\000h\000r\000o\000d\000y\000n\000e\000\040\000D\000y\000n\000a\000m\000i\000c\000s\000\040\000R\000e\000v\000i\000s\000i\000t\000e\000d}{chapter.19}% 128
\BOOKMARK [0][-]{chapter.20}{\376\377\0002\0000\000\040\000T\000h\000e\000\040\000F\000a\000l\000l\000\040\000o\000f\000\040\000S\000p\000a\000c\000e}{part.5}% 129
\BOOKMARK [1][-]{section.20.1}{\376\377\0002\0000\000.\0001\000\040\000S\000p\000a\000c\000e\000\040\000a\000s\000\040\000R\000e\000l\000a\000x\000a\000t\000i\000o\000n}{chapter.20}% 130
\BOOKMARK [1][-]{section.20.2}{\376\377\0002\0000\000.\0002\000\040\000S\000t\000r\000u\000c\000t\000u\000r\000e\000\040\000W\000i\000t\000h\000o\000u\000t\000\040\000E\000x\000p\000a\000n\000s\000i\000o\000n}{chapter.20}% 131
\BOOKMARK [1][-]{section.20.3}{\376\377\0002\0000\000.\0003\000\040\000C\000o\000n\000s\000t\000r\000a\000i\000n\000t\000\040\000D\000e\000s\000c\000e\000n\000t}{chapter.20}% 132
\BOOKMARK [1][-]{section.20.4}{\376\377\0002\0000\000.\0004\000\040\000O\000b\000s\000e\000r\000v\000a\000b\000l\000e\000\040\000C\000o\000n\000s\000e\000q\000u\000e\000n\000c\000e\000s}{chapter.20}% 133
\BOOKMARK [0][-]{chapter.21}{\376\377\0002\0001\000\040\000C\000o\000s\000m\000o\000l\000o\000g\000y\000\040\000a\000s\000\040\000A\000c\000c\000e\000s\000s\000i\000b\000i\000l\000i\000t\000y\000\040\000G\000e\000o\000m\000e\000t\000r\000y}{part.5}% 134
\BOOKMARK [1][-]{section.21.1}{\376\377\0002\0001\000.\0001\000\040\000U\000n\000i\000v\000e\000r\000s\000e\000s\000\040\000a\000s\000\040\000A\000c\000c\000e\000s\000s\000i\000b\000i\000l\000i\000t\000y\000\040\000L\000a\000n\000d\000s\000c\000a\000p\000e\000s}{chapter.21}% 135
\BOOKMARK [1][-]{section.21.2}{\376\377\0002\0001\000.\0002\000\040\000T\000h\000e\000\040\000H\000o\000u\000r\000g\000l\000a\000s\000s\000\040\000a\000n\000d\000\040\000L\000o\000g\000a\000r\000i\000t\000h\000m\000i\000c\000-\000T\000i\000m\000e\000\040\000S\000k\000e\000t\000c\000h\000e\000s}{chapter.21}% 136
\BOOKMARK [1][-]{section.21.3}{\376\377\0002\0001\000.\0003\000\040\000P\000a\000s\000t\000\040\000a\000n\000d\000\040\000F\000u\000t\000u\000r\000e\000\040\000a\000s\000\040\000T\000o\000p\000o\000l\000o\000g\000i\000c\000a\000l\000\040\000S\000e\000c\000t\000o\000r\000s}{chapter.21}% 137
\BOOKMARK [1][-]{section.21.4}{\376\377\0002\0001\000.\0004\000\040\000H\000e\000a\000t\000\040\000D\000e\000a\000t\000h\000\040\000a\000s\000\040\000A\000c\000c\000e\000s\000s\000i\000b\000i\000l\000i\000t\000y\000\040\000C\000o\000l\000l\000a\000p\000s\000e}{chapter.21}% 138
\BOOKMARK [-1][-]{part.6}{\376\377\000V\000I\000\040\000C\000o\000n\000s\000c\000i\000o\000u\000s\000n\000e\000s\000s\000\040\000a\000n\000d\000\040\000S\000e\000m\000a\000n\000t\000i\000c\000\040\000F\000i\000e\000l\000d\000s}{}% 139
\BOOKMARK [0][-]{chapter.22}{\376\377\0002\0002\000\040\000S\000i\000m\000u\000l\000a\000t\000e\000d\000\040\000A\000g\000e\000n\000c\000y}{part.6}% 140
\BOOKMARK [1][-]{section.22.1}{\376\377\0002\0002\000.\0001\000\040\000P\000r\000o\000j\000e\000c\000t\000i\000o\000n\000-\000B\000a\000s\000e\000d\000\040\000C\000o\000n\000s\000c\000i\000o\000u\000s\000n\000e\000s\000s}{chapter.22}% 141
\BOOKMARK [1][-]{section.22.2}{\376\377\0002\0002\000.\0002\000\040\000S\000p\000a\000r\000s\000e\000\040\000I\000n\000f\000e\000r\000e\000n\000c\000e}{chapter.22}% 142
\BOOKMARK [1][-]{section.22.3}{\376\377\0002\0002\000.\0003\000\040\000T\000h\000e\000\040\000I\000A\000D\000\040\000C\000o\000r\000r\000e\000s\000p\000o\000n\000d\000e\000n\000c\000e}{chapter.22}% 143
\BOOKMARK [1][-]{section.22.4}{\376\377\0002\0002\000.\0004\000\040\000L\000a\000t\000e\000n\000t\000\040\000W\000o\000r\000l\000d\000s}{chapter.22}% 144
\BOOKMARK [1][-]{section.22.5}{\376\377\0002\0002\000.\0005\000\040\000C\000o\000n\000s\000c\000i\000o\000u\000s\000n\000e\000s\000s\000\040\000a\000s\000\040\000A\000c\000c\000e\000s\000s\000i\000b\000i\000l\000i\000t\000y\000\040\000N\000a\000v\000i\000g\000a\000t\000i\000o\000n}{chapter.22}% 145
\BOOKMARK [0][-]{chapter.23}{\376\377\0002\0003\000\040\000C\000h\000a\000i\000n\000\040\000o\000f\000\040\000M\000e\000m\000o\000r\000y}{part.6}% 146
\BOOKMARK [1][-]{section.23.1}{\376\377\0002\0003\000.\0001\000\040\000M\000e\000m\000o\000r\000y\000\040\000a\000s\000\040\000C\000o\000n\000s\000t\000r\000a\000i\000n\000t\000\040\000P\000r\000e\000s\000e\000r\000v\000a\000t\000i\000o\000n}{chapter.23}% 147
\BOOKMARK [1][-]{section.23.2}{\376\377\0002\0003\000.\0002\000\040\000T\000r\000a\000j\000e\000c\000t\000o\000r\000y\000\040\000R\000e\000c\000o\000n\000s\000t\000r\000u\000c\000t\000i\000o\000n}{chapter.23}% 148
\BOOKMARK [1][-]{section.23.3}{\376\377\0002\0003\000.\0003\000\040\000I\000d\000e\000n\000t\000i\000t\000y\000\040\000O\000v\000e\000r\000\040\000T\000i\000m\000e}{chapter.23}% 149
\BOOKMARK [1][-]{section.23.4}{\376\377\0002\0003\000.\0004\000\040\000T\000h\000e\000\040\000C\000h\000a\000i\000n\000\040\000O\000p\000e\000r\000a\000t\000o\000r}{chapter.23}% 150
\BOOKMARK [1][-]{section.23.5}{\376\377\0002\0003\000.\0005\000\040\000C\000o\000l\000l\000e\000c\000t\000i\000v\000e\000\040\000M\000e\000m\000o\000r\000y\000\040\000a\000n\000d\000\040\000S\000e\000m\000a\000n\000t\000i\000c\000\040\000I\000n\000f\000r\000a\000s\000t\000r\000u\000c\000t\000u\000r\000e}{chapter.23}% 151
\BOOKMARK [0][-]{chapter.24}{\376\377\0002\0004\000\040\000M\000e\000a\000n\000i\000n\000g\000\040\000a\000s\000\040\000G\000e\000o\000m\000e\000t\000r\000y}{part.6}% 152
\BOOKMARK [1][-]{section.24.1}{\376\377\0002\0004\000.\0001\000\040\000S\000e\000m\000a\000n\000t\000i\000c\000\040\000F\000i\000e\000l\000d\000s}{chapter.24}% 153
\BOOKMARK [1][-]{section.24.2}{\376\377\0002\0004\000.\0002\000\040\000Q\000u\000a\000l\000i\000a\000\040\000a\000s\000\040\000I\000n\000v\000a\000r\000i\000a\000n\000t\000s}{chapter.24}% 154
\BOOKMARK [1][-]{section.24.3}{\376\377\0002\0004\000.\0003\000\040\000C\000o\000n\000s\000t\000r\000a\000i\000n\000t\000\040\000B\000a\000s\000i\000n\000s}{chapter.24}% 155
\BOOKMARK [1][-]{section.24.4}{\376\377\0002\0004\000.\0004\000\040\000C\000o\000h\000e\000r\000e\000n\000c\000e\000\040\000S\000t\000r\000u\000c\000t\000u\000r\000e\000s}{chapter.24}% 156
\BOOKMARK [1][-]{section.24.5}{\376\377\0002\0004\000.\0005\000\040\000Z\000e\000r\000o\000\040\000O\000n\000t\000o\000l\000o\000g\000y\000\040\000a\000n\000d\000\040\000S\000e\000m\000a\000n\000t\000i\000c\000\040\000G\000e\000o\000m\000e\000t\000r\000y}{chapter.24}% 157
\BOOKMARK [-1][-]{part.7}{\376\377\000V\000I\000I\000\040\000I\000n\000f\000r\000a\000s\000t\000r\000u\000c\000t\000u\000r\000e\000\040\000a\000n\000d\000\040\000C\000i\000v\000i\000l\000i\000z\000a\000t\000i\000o\000n}{}% 158
\BOOKMARK [0][-]{chapter.25}{\376\377\0002\0005\000\040\000S\000e\000m\000a\000n\000t\000i\000c\000\040\000I\000n\000f\000r\000a\000s\000t\000r\000u\000c\000t\000u\000r\000e}{part.7}% 159
\BOOKMARK [1][-]{section.25.1}{\376\377\0002\0005\000.\0001\000\040\000B\000e\000y\000o\000n\000d\000\040\000F\000i\000l\000e\000s\000\040\000a\000n\000d\000\040\000F\000o\000l\000d\000e\000r\000s}{chapter.25}% 160
\BOOKMARK [1][-]{section.25.2}{\376\377\0002\0005\000.\0002\000\040\000S\000e\000m\000a\000n\000t\000i\000c\000\040\000M\000o\000d\000u\000l\000e\000s\000\040\000a\000n\000d\000\040\000H\000o\000m\000o\000t\000o\000p\000y\000\040\000M\000e\000r\000g\000e\000s}{chapter.25}% 161
\BOOKMARK [1][-]{section.25.3}{\376\377\0002\0005\000.\0003\000\040\000K\000n\000o\000w\000l\000e\000d\000g\000e\000\040\000E\000v\000o\000l\000u\000t\000i\000o\000n}{chapter.25}% 162
\BOOKMARK [1][-]{section.25.4}{\376\377\0002\0005\000.\0004\000\040\000S\000e\000m\000a\000n\000t\000i\000c\000\040\000V\000e\000r\000s\000i\000o\000n\000\040\000C\000o\000n\000t\000r\000o\000l}{chapter.25}% 163
\BOOKMARK [1][-]{section.25.5}{\376\377\0002\0005\000.\0005\000\040\000O\000b\000s\000t\000r\000u\000c\000t\000i\000o\000n\000\040\000C\000o\000h\000o\000m\000o\000l\000o\000g\000y}{chapter.25}% 164
\BOOKMARK [0][-]{chapter.26}{\376\377\0002\0006\000\040\000X\000y\000l\000o\000a\000r\000c\000h\000y\000\040\000a\000n\000d\000\040\000L\000i\000v\000i\000n\000g\000\040\000S\000y\000s\000t\000e\000m\000s}{part.7}% 165
\BOOKMARK [1][-]{section.26.1}{\376\377\0002\0006\000.\0001\000\040\000F\000o\000r\000e\000s\000t\000\040\000I\000n\000t\000e\000l\000l\000i\000g\000e\000n\000c\000e}{chapter.26}% 166
\BOOKMARK [1][-]{section.26.2}{\376\377\0002\0006\000.\0002\000\040\000T\000h\000e\000\040\000M\000y\000c\000o\000r\000r\000h\000i\000z\000a\000l\000\040\000N\000e\000t\000w\000o\000r\000k\000\040\000a\000s\000\040\000S\000e\000m\000a\000n\000t\000i\000c\000\040\000M\000o\000d\000u\000l\000e\000\040\000S\000y\000s\000t\000e\000m}{chapter.26}% 167
\BOOKMARK [1][-]{section.26.3}{\376\377\0002\0006\000.\0003\000\040\000P\000a\000p\000e\000r\000\040\000M\000i\000l\000l\000s\000\040\000a\000n\000d\000\040\000E\000p\000i\000s\000t\000e\000m\000i\000c\000\040\000E\000c\000o\000l\000o\000g\000y}{chapter.26}% 168
\BOOKMARK [1][-]{section.26.4}{\376\377\0002\0006\000.\0004\000\040\000C\000i\000t\000i\000e\000s\000\040\000a\000s\000\040\000O\000r\000g\000a\000n\000s}{chapter.26}% 169
\BOOKMARK [1][-]{section.26.5}{\376\377\0002\0006\000.\0005\000\040\000C\000o\000n\000s\000t\000r\000a\000i\000n\000t\000\040\000E\000c\000o\000l\000o\000g\000y}{chapter.26}% 170
\BOOKMARK [0][-]{chapter.27}{\376\377\0002\0007\000\040\000Y\000a\000r\000n\000c\000r\000a\000w\000l\000e\000r\000\040\000S\000y\000s\000t\000e\000m\000s}{part.7}% 171
\BOOKMARK [1][-]{section.27.1}{\376\377\0002\0007\000.\0001\000\040\000R\000e\000p\000a\000i\000r\000\040\000N\000e\000t\000w\000o\000r\000k\000s}{chapter.27}% 172
\BOOKMARK [1][-]{section.27.2}{\376\377\0002\0007\000.\0002\000\040\000M\000o\000v\000i\000n\000g\000\040\000I\000n\000f\000r\000a\000s\000t\000r\000u\000c\000t\000u\000r\000e}{chapter.27}% 173
\BOOKMARK [1][-]{section.27.3}{\376\377\0002\0007\000.\0003\000\040\000A\000d\000a\000p\000t\000i\000v\000e\000\040\000M\000a\000i\000n\000t\000e\000n\000a\000n\000c\000e}{chapter.27}% 174
\BOOKMARK [1][-]{section.27.4}{\376\377\0002\0007\000.\0004\000\040\000S\000t\000i\000g\000m\000e\000r\000g\000i\000c\000\040\000P\000l\000a\000n\000n\000i\000n\000g}{chapter.27}% 175
\BOOKMARK [1][-]{section.27.5}{\376\377\0002\0007\000.\0005\000\040\000C\000o\000n\000n\000e\000c\000t\000i\000o\000n\000\040\000t\000o\000\040\000S\000e\000m\000a\000n\000t\000i\000c\000\040\000I\000n\000f\000r\000a\000s\000t\000r\000u\000c\000t\000u\000r\000e}{chapter.27}% 176
\BOOKMARK [-1][-]{part.8}{\376\377\000V\000I\000I\000I\000\040\000M\000a\000t\000h\000e\000m\000a\000t\000i\000c\000a\000l\000\040\000F\000o\000u\000n\000d\000a\000t\000i\000o\000n\000s\000:\000\040\000L\000o\000g\000i\000c\000\040\000a\000n\000d\000\040\000B\000o\000o\000l\000e\000a\000n\000\040\000G\000e\000o\000m\000e\000t\000r\000y}{}% 177
\BOOKMARK [0][-]{chapter.28}{\376\377\0002\0008\000\040\000L\000o\000g\000i\000c\000\040\000a\000s\000\040\000G\000e\000o\000m\000e\000t\000r\000y\000:\000\040\000T\000h\000e\000\040\000B\000o\000o\000l\000e\000a\000n\000\040\000L\000a\000n\000d\000s\000c\000a\000p\000e}{part.8}% 178
\BOOKMARK [1][-]{section.28.1}{\376\377\0002\0008\000.\0001\000\040\000T\000h\000e\000\040\000C\000u\000r\000r\000i\000c\000u\000l\000u\000m\000\040\000Q\000u\000e\000s\000t\000i\000o\000n}{chapter.28}% 179
\BOOKMARK [1][-]{section.28.2}{\376\377\0002\0008\000.\0002\000\040\000T\000h\000e\000\040\000S\000p\000a\000c\000e\000\040\000o\000f\000\040\000B\000i\000n\000a\000r\000y\000\040\000C\000o\000n\000n\000e\000c\000t\000i\000v\000e\000s}{chapter.28}% 180
\BOOKMARK [1][-]{section.28.3}{\376\377\0002\0008\000.\0003\000\040\000L\000o\000g\000i\000c\000\040\000a\000s\000\040\000A\000c\000c\000e\000s\000s\000i\000b\000i\000l\000i\000t\000y\000\040\000G\000e\000o\000m\000e\000t\000r\000y}{chapter.28}% 181
\BOOKMARK [1][-]{section.28.4}{\376\377\0002\0008\000.\0004\000\040\000T\000h\000e\000\040\000P\000e\000n\000t\000e\000r\000a\000c\000t\000\040\000a\000n\000d\000\040\000H\000y\000p\000e\000r\000c\000u\000b\000e\000\040\000S\000p\000l\000i\000t\000t\000i\000n\000g}{chapter.28}% 182
\BOOKMARK [1][-]{section.28.5}{\376\377\0002\0008\000.\0005\000\040\000S\000e\000v\000e\000n\000\040\000C\000u\000r\000r\000i\000c\000u\000l\000a\000,\000\040\000O\000n\000e\000\040\000L\000a\000n\000d\000s\000c\000a\000p\000e}{chapter.28}% 183
\BOOKMARK [-1][-]{part.9}{\376\377\000I\000X\000\040\000S\000y\000m\000b\000o\000l\000s\000,\000\040\000A\000l\000p\000h\000a\000b\000e\000t\000s\000,\000\040\000a\000n\000d\000\040\000C\000o\000m\000p\000r\000e\000s\000s\000i\000o\000n}{}% 184
\BOOKMARK [0][-]{chapter.29}{\376\377\0002\0009\000\040\000F\000r\000o\000m\000\040\000G\000e\000s\000t\000u\000r\000e\000\040\000t\000o\000\040\000G\000l\000y\000p\000h}{part.9}% 185
\BOOKMARK [1][-]{section.29.1}{\376\377\0002\0009\000.\0001\000\040\000H\000o\000w\000\040\000M\000o\000v\000e\000m\000e\000n\000t\000\040\000B\000e\000c\000o\000m\000e\000s\000\040\000M\000a\000r\000k}{chapter.29}% 186
\BOOKMARK [1][-]{section.29.2}{\376\377\0002\0009\000.\0002\000\040\000T\000h\000e\000\040\000S\000t\000a\000b\000i\000l\000i\000z\000a\000t\000i\000o\000n\000\040\000o\000f\000\040\000T\000r\000a\000c\000e\000s}{chapter.29}% 187
\BOOKMARK [1][-]{section.29.3}{\376\377\0002\0009\000.\0003\000\040\000W\000h\000y\000\040\000W\000r\000i\000t\000i\000n\000g\000\040\000S\000y\000s\000t\000e\000m\000s\000\040\000E\000m\000e\000r\000g\000e}{chapter.29}% 188
\BOOKMARK [1][-]{section.29.4}{\376\377\0002\0009\000.\0004\000\040\000G\000e\000s\000t\000u\000r\000e\000\040\000F\000o\000s\000s\000i\000l\000i\000z\000a\000t\000i\000o\000n}{chapter.29}% 189
\BOOKMARK [0][-]{chapter.30}{\376\377\0003\0000\000\040\000T\000h\000e\000\040\000G\000e\000o\000m\000e\000t\000r\000y\000\040\000o\000f\000\040\000A\000l\000p\000h\000a\000b\000e\000t\000s}{part.9}% 190
\BOOKMARK [1][-]{section.30.1}{\376\377\0003\0000\000.\0001\000\040\000L\000e\000t\000t\000e\000r\000s\000\040\000a\000s\000\040\000C\000o\000m\000p\000r\000e\000s\000s\000e\000d\000\040\000S\000h\000a\000p\000e\000s}{chapter.30}% 191
\BOOKMARK [1][-]{section.30.2}{\376\377\0003\0000\000.\0002\000\040\000S\000y\000m\000m\000e\000t\000r\000y\000,\000\040\000R\000o\000t\000a\000t\000i\000o\000n\000,\000\040\000R\000e\000f\000l\000e\000c\000t\000i\000o\000n}{chapter.30}% 192
\BOOKMARK [1][-]{section.30.3}{\376\377\0003\0000\000.\0003\000\040\000S\000t\000r\000o\000k\000e\000\040\000E\000c\000o\000n\000o\000m\000y}{chapter.30}% 193
\BOOKMARK [1][-]{section.30.4}{\376\377\0003\0000\000.\0004\000\040\000T\000h\000e\000\040\000A\000c\000c\000e\000s\000s\000i\000b\000i\000l\000i\000t\000y\000\040\000L\000a\000n\000d\000s\000c\000a\000p\000e\000\040\000o\000f\000\040\000A\000l\000p\000h\000a\000b\000e\000t\000s}{chapter.30}% 194
\BOOKMARK [0][-]{chapter.31}{\376\377\0003\0001\000\040\000O\000r\000t\000h\000o\000g\000r\000a\000p\000h\000i\000c\000\040\000E\000v\000o\000l\000u\000t\000i\000o\000n}{part.9}% 195
\BOOKMARK [1][-]{section.31.1}{\376\377\0003\0001\000.\0001\000\040\000A\000r\000a\000b\000i\000c\000:\000\040\000C\000u\000r\000s\000i\000v\000e\000\040\000O\000p\000t\000i\000m\000i\000z\000a\000t\000i\000o\000n}{chapter.31}% 196
\BOOKMARK [1][-]{section.31.2}{\376\377\0003\0001\000.\0002\000\040\000L\000a\000t\000i\000n\000:\000\040\000F\000r\000o\000m\000\040\000M\000a\000j\000u\000s\000c\000u\000l\000e\000\040\000t\000o\000\040\000M\000i\000n\000u\000s\000c\000u\000l\000e}{chapter.31}% 197
\BOOKMARK [1][-]{section.31.3}{\376\377\0003\0001\000.\0003\000\040\000G\000r\000e\000e\000k\000,\000\040\000C\000o\000p\000t\000i\000c\000,\000\040\000a\000n\000d\000\040\000C\000o\000n\000s\000t\000r\000u\000c\000t\000e\000d\000\040\000S\000c\000r\000i\000p\000t\000s}{chapter.31}% 198
\BOOKMARK [1][-]{section.31.4}{\376\377\0003\0001\000.\0004\000\040\000C\000o\000n\000s\000t\000r\000u\000c\000t\000e\000d\000\040\000S\000c\000r\000i\000p\000t\000s\000\040\000a\000s\000\040\000C\000o\000n\000s\000t\000r\000a\000i\000n\000t\000\040\000S\000a\000t\000i\000s\000f\000a\000c\000t\000i\000o\000n}{chapter.31}% 199
\BOOKMARK [1][-]{section.31.5}{\376\377\0003\0001\000.\0005\000\040\000W\000h\000y\000\040\000A\000l\000p\000h\000a\000b\000e\000t\000s\000\040\000D\000r\000i\000f\000t\000\040\000O\000v\000e\000r\000\040\000C\000e\000n\000t\000u\000r\000i\000e\000s}{chapter.31}% 200
\BOOKMARK [0][-]{chapter.32}{\376\377\0003\0002\000\040\000S\000e\000m\000a\000n\000t\000i\000c\000\040\000C\000o\000m\000p\000r\000e\000s\000s\000i\000o\000n\000\040\000T\000h\000r\000o\000u\000g\000h\000\040\000W\000r\000i\000t\000i\000n\000g}{part.9}% 201
\BOOKMARK [1][-]{section.32.1}{\376\377\0003\0002\000.\0001\000\040\000W\000r\000i\000t\000i\000n\000g\000\040\000a\000s\000\040\000a\000\040\000S\000t\000o\000r\000a\000g\000e\000\040\000T\000e\000c\000h\000n\000o\000l\000o\000g\000y}{chapter.32}% 202
\BOOKMARK [1][-]{section.32.2}{\376\377\0003\0002\000.\0002\000\040\000T\000h\000e\000\040\000E\000c\000o\000n\000o\000m\000i\000c\000s\000\040\000o\000f\000\040\000S\000y\000m\000b\000o\000l\000s}{chapter.32}% 203
\BOOKMARK [1][-]{section.32.3}{\376\377\0003\0002\000.\0003\000\040\000C\000o\000m\000p\000r\000e\000s\000s\000i\000o\000n\000\040\000v\000e\000r\000s\000u\000s\000\040\000E\000x\000p\000r\000e\000s\000s\000i\000v\000e\000n\000e\000s\000s}{chapter.32}% 204
\BOOKMARK [1][-]{section.32.4}{\376\377\0003\0002\000.\0004\000\040\000T\000h\000e\000\040\000R\000e\000n\000o\000r\000m\000a\000l\000i\000z\000a\000t\000i\000o\000n\000\040\000o\000f\000\040\000W\000r\000i\000t\000i\000n\000g}{chapter.32}% 205
\BOOKMARK [-1][-]{part.10}{\376\377\000X\000\040\000N\000a\000v\000i\000g\000a\000t\000i\000o\000n\000\040\000T\000h\000r\000o\000u\000g\000h\000\040\000K\000n\000o\000w\000l\000e\000d\000g\000e}{}% 206
\BOOKMARK [0][-]{chapter.33}{\376\377\0003\0003\000\040\000B\000e\000y\000o\000n\000d\000\040\000F\000i\000l\000e\000s\000\040\000a\000n\000d\000\040\000F\000o\000l\000d\000e\000r\000s}{part.10}% 207
\BOOKMARK [1][-]{section.33.1}{\376\377\0003\0003\000.\0001\000\040\000T\000h\000e\000\040\000L\000i\000m\000i\000t\000a\000t\000i\000o\000n\000s\000\040\000o\000f\000\040\000H\000i\000e\000r\000a\000r\000c\000h\000i\000c\000a\000l\000\040\000S\000t\000o\000r\000a\000g\000e}{chapter.33}% 208
\BOOKMARK [1][-]{section.33.2}{\376\377\0003\0003\000.\0002\000\040\000K\000n\000o\000w\000l\000e\000d\000g\000e\000\040\000a\000s\000\040\000T\000e\000r\000r\000a\000i\000n}{chapter.33}% 209
\BOOKMARK [1][-]{section.33.3}{\376\377\0003\0003\000.\0003\000\040\000T\000h\000e\000\040\000L\000i\000n\000k\000\040\000a\000s\000\040\000t\000h\000e\000\040\000P\000r\000i\000m\000a\000r\000y\000\040\000O\000b\000j\000e\000c\000t}{chapter.33}% 210
\BOOKMARK [0][-]{chapter.34}{\376\377\0003\0004\000\040\000S\000e\000m\000a\000n\000t\000i\000c\000\040\000Z\000o\000o\000m}{part.10}% 211
\BOOKMARK [1][-]{section.34.1}{\376\377\0003\0004\000.\0001\000\040\000S\000c\000a\000l\000e\000-\000D\000e\000p\000e\000n\000d\000e\000n\000t\000\040\000R\000e\000p\000r\000e\000s\000e\000n\000t\000a\000t\000i\000o\000n\000s}{chapter.34}% 212
\BOOKMARK [1][-]{section.34.2}{\376\377\0003\0004\000.\0002\000\040\000M\000i\000c\000r\000o\000,\000\040\000M\000e\000s\000o\000,\000\040\000a\000n\000d\000\040\000M\000a\000c\000r\000o\000\040\000V\000i\000e\000w\000s}{chapter.34}% 213
\BOOKMARK [1][-]{section.34.3}{\376\377\0003\0004\000.\0003\000\040\000C\000o\000n\000t\000e\000x\000t\000-\000S\000e\000n\000s\000i\000t\000i\000v\000e\000\040\000A\000b\000s\000t\000r\000a\000c\000t\000i\000o\000n}{chapter.34}% 214
\BOOKMARK [0][-]{chapter.35}{\376\377\0003\0005\000\040\000K\000n\000o\000w\000l\000e\000d\000g\000e\000\040\000L\000a\000n\000d\000s\000c\000a\000p\000e\000s}{part.10}% 215
\BOOKMARK [1][-]{section.35.1}{\376\377\0003\0005\000.\0001\000\040\000B\000r\000o\000w\000s\000i\000n\000g\000\040\000a\000s\000\040\000N\000a\000v\000i\000g\000a\000t\000i\000o\000n}{chapter.35}% 216
\BOOKMARK [1][-]{section.35.2}{\376\377\0003\0005\000.\0002\000\040\000M\000a\000p\000s\000\040\000v\000e\000r\000s\000u\000s\000\040\000I\000n\000d\000e\000x\000e\000s}{chapter.35}% 217
\BOOKMARK [1][-]{section.35.3}{\376\377\0003\0005\000.\0003\000\040\000E\000x\000p\000l\000o\000r\000a\000t\000i\000o\000n\000\040\000a\000n\000d\000\040\000E\000x\000p\000l\000o\000i\000t\000a\000t\000i\000o\000n\000\040\000i\000n\000\040\000K\000n\000o\000w\000l\000e\000d\000g\000e}{chapter.35}% 218
\BOOKMARK [1][-]{section.35.4}{\376\377\0003\0005\000.\0004\000\040\000S\000e\000m\000a\000n\000t\000i\000c\000\040\000T\000e\000r\000r\000a\000i\000n\000\040\000a\000n\000d\000\040\000P\000h\000y\000s\000i\000c\000a\000l\000\040\000T\000e\000r\000r\000a\000i\000n}{chapter.35}% 219
\BOOKMARK [0][-]{chapter.36}{\376\377\0003\0006\000\040\000I\000n\000t\000e\000r\000f\000a\000c\000e\000s\000\040\000a\000s\000\040\000C\000o\000g\000n\000i\000t\000i\000v\000e\000\040\000P\000r\000o\000s\000t\000h\000e\000t\000i\000c\000s}{part.10}% 220
\BOOKMARK [1][-]{section.36.1}{\376\377\0003\0006\000.\0001\000\040\000T\000o\000o\000l\000s\000\040\000T\000h\000a\000t\000\040\000E\000x\000t\000e\000n\000d\000\040\000M\000e\000m\000o\000r\000y}{chapter.36}% 221
\BOOKMARK [1][-]{section.36.2}{\376\377\0003\0006\000.\0002\000\040\000T\000o\000o\000l\000s\000\040\000T\000h\000a\000t\000\040\000E\000x\000t\000e\000n\000d\000\040\000A\000t\000t\000e\000n\000t\000i\000o\000n}{chapter.36}% 222
\BOOKMARK [1][-]{section.36.3}{\376\377\0003\0006\000.\0003\000\040\000T\000o\000o\000l\000s\000\040\000T\000h\000a\000t\000\040\000E\000x\000t\000e\000n\000d\000\040\000R\000e\000a\000s\000o\000n\000i\000n\000g}{chapter.36}% 223
\BOOKMARK [-1][-]{part.11}{\376\377\000X\000I\000\040\000T\000h\000e\000\040\000A\000r\000c\000h\000i\000t\000e\000c\000t\000u\000r\000e\000\040\000o\000f\000\040\000L\000e\000a\000r\000n\000i\000n\000g}{}% 224
\BOOKMARK [0][-]{chapter.37}{\376\377\0003\0007\000\040\000L\000e\000a\000r\000n\000i\000n\000g\000\040\000a\000s\000\040\000I\000n\000f\000r\000a\000s\000t\000r\000u\000c\000t\000u\000r\000e}{part.11}% 225
\BOOKMARK [1][-]{section.37.1}{\376\377\0003\0007\000.\0001\000\040\000K\000n\000o\000w\000l\000e\000d\000g\000e\000\040\000A\000c\000c\000u\000m\000u\000l\000a\000t\000i\000o\000n}{chapter.37}% 226
\BOOKMARK [1][-]{section.37.2}{\376\377\0003\0007\000.\0002\000\040\000M\000a\000i\000n\000t\000e\000n\000a\000n\000c\000e\000\040\000C\000o\000s\000t\000s}{chapter.37}% 227
\BOOKMARK [1][-]{section.37.3}{\376\377\0003\0007\000.\0003\000\040\000F\000o\000r\000g\000e\000t\000t\000i\000n\000g\000\040\000a\000s\000\040\000A\000c\000c\000e\000s\000s\000i\000b\000i\000l\000i\000t\000y\000\040\000P\000r\000u\000n\000i\000n\000g}{chapter.37}% 228
\BOOKMARK [1][-]{section.37.4}{\376\377\0003\0007\000.\0004\000\040\000R\000e\000c\000o\000n\000s\000t\000r\000u\000c\000t\000i\000o\000n\000\040\000o\000v\000e\000r\000\040\000R\000e\000t\000e\000n\000t\000i\000o\000n}{chapter.37}% 229
\BOOKMARK [0][-]{chapter.38}{\376\377\0003\0008\000\040\000E\000x\000p\000l\000o\000r\000a\000t\000i\000o\000n\000\040\000v\000e\000r\000s\000u\000s\000\040\000E\000x\000p\000l\000o\000i\000t\000a\000t\000i\000o\000n}{part.11}% 230
\BOOKMARK [1][-]{section.38.1}{\376\377\0003\0008\000.\0001\000\040\000D\000i\000s\000c\000o\000v\000e\000r\000y}{chapter.38}% 231
\BOOKMARK [1][-]{section.38.2}{\376\377\0003\0008\000.\0002\000\040\000P\000r\000a\000c\000t\000i\000c\000e}{chapter.38}% 232
\BOOKMARK [1][-]{section.38.3}{\376\377\0003\0008\000.\0003\000\040\000M\000a\000s\000t\000e\000r\000y\000\040\000a\000n\000d\000\040\000N\000o\000v\000e\000l\000t\000y}{chapter.38}% 233
\BOOKMARK [0][-]{chapter.39}{\376\377\0003\0009\000\040\000O\000r\000g\000a\000n\000i\000z\000i\000n\000g\000\040\000a\000\040\000M\000i\000n\000d}{part.11}% 234
\BOOKMARK [1][-]{section.39.1}{\376\377\0003\0009\000.\0001\000\040\000N\000o\000t\000e\000s}{chapter.39}% 235
\BOOKMARK [1][-]{section.39.2}{\376\377\0003\0009\000.\0002\000\040\000M\000e\000m\000o\000r\000i\000e\000s}{chapter.39}% 236
\BOOKMARK [1][-]{section.39.3}{\376\377\0003\0009\000.\0003\000\040\000P\000r\000o\000j\000e\000c\000t\000s}{chapter.39}% 237
\BOOKMARK [1][-]{section.39.4}{\376\377\0003\0009\000.\0004\000\040\000A\000r\000c\000h\000i\000v\000e\000s}{chapter.39}% 238
\BOOKMARK [0][-]{chapter.40}{\376\377\0004\0000\000\040\000R\000e\000a\000d\040\023\000E\000v\000a\000l\000u\000a\000t\000e\040\023\000P\000r\000i\000n\000t\000\040\000L\000o\000o\000p\000s}{part.11}% 239
\BOOKMARK [1][-]{section.40.1}{\376\377\0004\0000\000.\0001\000\040\000F\000e\000e\000d\000b\000a\000c\000k\000\040\000C\000y\000c\000l\000e\000s\000\040\000i\000n\000\040\000L\000e\000a\000r\000n\000i\000n\000g}{chapter.40}% 240
\BOOKMARK [1][-]{section.40.2}{\376\377\0004\0000\000.\0002\000\040\000R\000e\000v\000i\000s\000i\000o\000n\000\040\000S\000y\000s\000t\000e\000m\000s}{chapter.40}% 241
\BOOKMARK [1][-]{section.40.3}{\376\377\0004\0000\000.\0003\000\040\000C\000o\000n\000s\000t\000r\000a\000i\000n\000t\000-\000G\000u\000i\000d\000e\000d\000\040\000G\000r\000o\000w\000t\000h}{chapter.40}% 242
\BOOKMARK [-1][-]{part.12}{\376\377\000X\000I\000I\000\040\000S\000i\000m\000u\000l\000a\000t\000e\000d\000\040\000W\000o\000r\000l\000d\000s}{}% 243
\BOOKMARK [0][-]{chapter.41}{\376\377\0004\0001\000\040\000G\000a\000m\000e\000s\000\040\000a\000s\000\040\000C\000o\000g\000n\000i\000t\000i\000v\000e\000\040\000L\000a\000b\000o\000r\000a\000t\000o\000r\000i\000e\000s}{part.12}% 244
\BOOKMARK [1][-]{section.41.1}{\376\377\0004\0001\000.\0001\000\040\000W\000h\000y\000\040\000G\000a\000m\000e\000s\000\040\000T\000e\000a\000c\000h}{chapter.41}% 245
\BOOKMARK [1][-]{section.41.2}{\376\377\0004\0001\000.\0002\000\040\000A\000r\000t\000i\000f\000i\000c\000i\000a\000l\000\040\000C\000o\000n\000s\000t\000r\000a\000i\000n\000t\000s\000\040\000a\000s\000\040\000E\000p\000i\000s\000t\000e\000m\000i\000c\000\040\000T\000o\000o\000l\000s}{chapter.41}% 246
\BOOKMARK [1][-]{section.41.3}{\376\377\0004\0001\000.\0003\000\040\000E\000x\000p\000l\000o\000r\000a\000t\000i\000o\000n\000\040\000U\000n\000d\000e\000r\000\040\000R\000u\000l\000e\000s}{chapter.41}% 247
\BOOKMARK [0][-]{chapter.42}{\376\377\0004\0002\000\040\000P\000r\000o\000c\000e\000d\000u\000r\000a\000l\000\040\000U\000n\000i\000v\000e\000r\000s\000e\000s}{part.12}% 248
\BOOKMARK [1][-]{section.42.1}{\376\377\0004\0002\000.\0001\000\040\000G\000e\000n\000e\000r\000a\000t\000i\000o\000n}{chapter.42}% 249
\BOOKMARK [1][-]{section.42.2}{\376\377\0004\0002\000.\0002\000\040\000E\000m\000e\000r\000g\000e\000n\000c\000e}{chapter.42}% 250
\BOOKMARK [1][-]{section.42.3}{\376\377\0004\0002\000.\0003\000\040\000C\000o\000n\000s\000t\000r\000a\000i\000n\000t\000\040\000S\000a\000t\000i\000s\000f\000a\000c\000t\000i\000o\000n\000\040\000i\000n\000\040\000W\000o\000r\000l\000d\000\040\000C\000o\000n\000s\000t\000r\000u\000c\000t\000i\000o\000n}{chapter.42}% 251
\BOOKMARK [0][-]{chapter.43}{\376\377\0004\0003\000\040\000V\000i\000r\000t\000u\000a\000l\000\040\000E\000c\000o\000l\000o\000g\000y}{part.12}% 252
\BOOKMARK [1][-]{section.43.1}{\376\377\0004\0003\000.\0001\000\040\000A\000g\000e\000n\000t\000s\000\040\000a\000n\000d\000\040\000R\000e\000s\000o\000u\000r\000c\000e\000s}{chapter.43}% 253
\BOOKMARK [1][-]{section.43.2}{\376\377\0004\0003\000.\0002\000\040\000A\000d\000a\000p\000t\000a\000t\000i\000o\000n}{chapter.43}% 254
\BOOKMARK [1][-]{section.43.3}{\376\377\0004\0003\000.\0003\000\040\000C\000i\000v\000i\000l\000i\000z\000a\000t\000i\000o\000n\000s}{chapter.43}% 255
\BOOKMARK [0][-]{chapter.44}{\376\377\0004\0004\000\040\000T\000h\000e\000\040\000U\000n\000i\000v\000e\000r\000s\000e\000\040\000a\000s\000\040\000a\000\040\000S\000i\000m\000u\000l\000a\000t\000i\000o\000n\000\040\000M\000e\000d\000i\000u\000m}{part.12}% 256
\BOOKMARK [1][-]{section.44.1}{\376\377\0004\0004\000.\0001\000\040\000N\000o\000t\000\040\000S\000i\000m\000u\000l\000a\000t\000i\000o\000n\000\040\000T\000h\000e\000o\000r\000y}{chapter.44}% 257
\BOOKMARK [1][-]{section.44.2}{\376\377\0004\0004\000.\0002\000\040\000S\000i\000m\000u\000l\000a\000t\000i\000o\000n\000\040\000a\000s\000\040\000E\000p\000i\000s\000t\000e\000m\000i\000c\000\040\000T\000e\000c\000h\000n\000i\000q\000u\000e}{chapter.44}% 258
\BOOKMARK [1][-]{section.44.3}{\376\377\0004\0004\000.\0003\000\040\000B\000u\000i\000l\000d\000i\000n\000g\000\040\000W\000o\000r\000l\000d\000s\000\040\000t\000o\000\040\000U\000n\000d\000e\000r\000s\000t\000a\000n\000d\000\040\000W\000o\000r\000l\000d\000s}{chapter.44}% 259
\BOOKMARK [-1][-]{part.13}{\376\377\000X\000I\000I\000I\000\040\000U\000n\000i\000v\000e\000r\000s\000a\000l\000\040\000C\000l\000a\000s\000s\000i\000f\000i\000c\000a\000t\000i\000o\000n}{}% 260
\BOOKMARK [0][-]{chapter.45}{\376\377\0004\0005\000\040\000T\000h\000e\000\040\000S\000e\000a\000r\000c\000h\000\040\000f\000o\000r\000\040\000S\000h\000a\000r\000e\000d\000\040\000S\000t\000r\000u\000c\000t\000u\000r\000e}{part.13}% 261
\BOOKMARK [1][-]{section.45.1}{\376\377\0004\0005\000.\0001\000\040\000P\000a\000t\000t\000e\000r\000n\000s\000\040\000T\000h\000a\000t\000\040\000R\000e\000c\000u\000r\000\040\000A\000c\000r\000o\000s\000s\000\040\000D\000o\000m\000a\000i\000n\000s}{chapter.45}% 262
\BOOKMARK [1][-]{section.45.2}{\376\377\0004\0005\000.\0002\000\040\000A\000n\000a\000l\000o\000g\000i\000c\000a\000l\000\040\000R\000e\000a\000s\000o\000n\000i\000n\000g}{chapter.45}% 263
\BOOKMARK [1][-]{section.45.3}{\376\377\0004\0005\000.\0003\000\040\000C\000r\000o\000s\000s\000-\000D\000i\000s\000c\000i\000p\000l\000i\000n\000a\000r\000y\000\040\000T\000r\000a\000n\000s\000f\000e\000r}{chapter.45}% 264
\BOOKMARK [0][-]{chapter.46}{\376\377\0004\0006\000\040\000M\000o\000r\000p\000h\000o\000l\000o\000g\000i\000c\000a\000l\000\040\000T\000a\000x\000o\000n\000o\000m\000y}{part.13}% 265
\BOOKMARK [1][-]{section.46.1}{\376\377\0004\0006\000.\0001\000\040\000S\000h\000a\000p\000e\000,\000\040\000F\000u\000n\000c\000t\000i\000o\000n\000,\000\040\000B\000e\000h\000a\000v\000i\000o\000r\000,\000\040\000C\000o\000n\000s\000t\000r\000a\000i\000n\000t}{chapter.46}% 266
\BOOKMARK [1][-]{section.46.2}{\376\377\0004\0006\000.\0002\000\040\000W\000h\000e\000n\000\040\000C\000a\000t\000e\000g\000o\000r\000i\000e\000s\000\040\000F\000a\000i\000l}{chapter.46}% 267
\BOOKMARK [1][-]{section.46.3}{\376\377\0004\0006\000.\0003\000\040\000F\000u\000n\000c\000t\000i\000o\000n\000a\000l\000\040\000C\000l\000a\000s\000s\000i\000f\000i\000c\000a\000t\000i\000o\000n}{chapter.46}% 268
\BOOKMARK [0][-]{chapter.47}{\376\377\0004\0007\000\040\000O\000n\000t\000o\000l\000o\000g\000i\000c\000a\000l\000\040\000E\000n\000g\000i\000n\000e\000e\000r\000i\000n\000g}{part.13}% 269
\BOOKMARK [1][-]{section.47.1}{\376\377\0004\0007\000.\0001\000\040\000B\000u\000i\000l\000d\000i\000n\000g\000\040\000C\000a\000t\000e\000g\000o\000r\000i\000e\000s}{chapter.47}% 270
\BOOKMARK [1][-]{section.47.2}{\376\377\0004\0007\000.\0002\000\040\000R\000e\000v\000i\000s\000i\000n\000g\000\040\000C\000a\000t\000e\000g\000o\000r\000i\000e\000s}{chapter.47}% 271
\BOOKMARK [1][-]{section.47.3}{\376\377\0004\0007\000.\0003\000\040\000W\000h\000e\000n\000\040\000C\000a\000t\000e\000g\000o\000r\000i\000e\000s\000\040\000F\000a\000i\000l\000\040\000a\000n\000d\000\040\000H\000o\000w\000\040\000t\000o\000\040\000F\000i\000x\000\040\000T\000h\000e\000m}{chapter.47}% 272
\BOOKMARK [0][-]{chapter.48}{\376\377\0004\0008\000\040\000T\000h\000e\000\040\000S\000o\000c\000i\000o\000l\000o\000g\000y\000\040\000o\000f\000\040\000K\000n\000o\000w\000l\000e\000d\000g\000e}{part.13}% 273
\BOOKMARK [1][-]{section.48.1}{\376\377\0004\0008\000.\0001\000\040\000S\000c\000i\000e\000n\000t\000i\000f\000i\000c\000\040\000I\000n\000s\000t\000i\000t\000u\000t\000i\000o\000n\000s\000\040\000a\000s\000\040\000K\000n\000o\000w\000l\000e\000d\000g\000e\000\040\000I\000n\000f\000r\000a\000s\000t\000r\000u\000c\000t\000u\000r\000e}{chapter.48}% 274
\BOOKMARK [1][-]{section.48.2}{\376\377\0004\0008\000.\0002\000\040\000C\000l\000a\000s\000s\000i\000f\000i\000c\000a\000t\000i\000o\000n\000\040\000S\000y\000s\000t\000e\000m\000s\000\040\000a\000s\000\040\000S\000o\000c\000i\000a\000l\000\040\000T\000e\000c\000h\000n\000o\000l\000o\000g\000i\000e\000s}{chapter.48}% 275
\BOOKMARK [1][-]{section.48.3}{\376\377\0004\0008\000.\0003\000\040\000E\000d\000u\000c\000a\000t\000i\000o\000n\000a\000l\000\040\000S\000t\000r\000u\000c\000t\000u\000r\000e\000s\000\040\000a\000s\000\040\000A\000c\000c\000e\000s\000s\000i\000b\000i\000l\000i\000t\000y\000\040\000E\000n\000g\000i\000n\000e\000e\000r\000i\000n\000g}{chapter.48}% 276
\BOOKMARK [1][-]{section.48.4}{\376\377\0004\0008\000.\0004\000\040\000C\000u\000l\000t\000u\000r\000a\000l\000\040\000M\000e\000m\000o\000r\000y}{chapter.48}% 277
\BOOKMARK [-1][-]{part.14}{\376\377\000X\000I\000V\000\040\000C\000i\000v\000i\000l\000i\000z\000a\000t\000i\000o\000n\000\040\000a\000s\000\040\000C\000o\000m\000p\000u\000t\000a\000t\000i\000o\000n}{}% 278
\BOOKMARK [0][-]{chapter.49}{\376\377\0004\0009\000\040\000C\000o\000l\000l\000e\000c\000t\000i\000v\000e\000\040\000M\000e\000m\000o\000r\000y}{part.14}% 279
\BOOKMARK [1][-]{section.49.1}{\376\377\0004\0009\000.\0001\000\040\000L\000i\000b\000r\000a\000r\000i\000e\000s}{chapter.49}% 280
\BOOKMARK [1][-]{section.49.2}{\376\377\0004\0009\000.\0002\000\040\000A\000r\000c\000h\000i\000v\000e\000s}{chapter.49}% 281
\BOOKMARK [1][-]{section.49.3}{\376\377\0004\0009\000.\0003\000\040\000T\000h\000e\000\040\000I\000n\000t\000e\000r\000n\000e\000t\000\040\000a\000s\000\040\000C\000o\000l\000l\000e\000c\000t\000i\000v\000e\000\040\000M\000e\000m\000o\000r\000y}{chapter.49}% 282
\BOOKMARK [1][-]{section.49.4}{\376\377\0004\0009\000.\0004\000\040\000C\000i\000v\000i\000l\000i\000z\000a\000t\000i\000o\000n\000a\000l\000\040\000R\000e\000c\000a\000l\000l}{chapter.49}% 283
\BOOKMARK [0][-]{chapter.50}{\376\377\0005\0000\000\040\000E\000d\000u\000c\000a\000t\000i\000o\000n\000a\000l\000\040\000A\000r\000c\000h\000i\000t\000e\000c\000t\000u\000r\000e}{part.14}% 284
\BOOKMARK [1][-]{section.50.1}{\376\377\0005\0000\000.\0001\000\040\000L\000e\000a\000r\000n\000i\000n\000g\000\040\000E\000n\000v\000i\000r\000o\000n\000m\000e\000n\000t\000s}{chapter.50}% 285
\BOOKMARK [1][-]{section.50.2}{\376\377\0005\0000\000.\0002\000\040\000C\000u\000r\000r\000i\000c\000u\000l\000a}{chapter.50}% 286
\BOOKMARK [1][-]{section.50.3}{\376\377\0005\0000\000.\0003\000\040\000C\000o\000n\000s\000t\000r\000a\000i\000n\000t\000-\000G\000u\000i\000d\000e\000d\000\040\000T\000e\000a\000c\000h\000i\000n\000g}{chapter.50}% 287
\BOOKMARK [0][-]{chapter.51}{\376\377\0005\0001\000\040\000K\000n\000o\000w\000l\000e\000d\000g\000e\000\040\000E\000c\000o\000s\000y\000s\000t\000e\000m\000s}{part.14}% 288
\BOOKMARK [1][-]{section.51.1}{\376\377\0005\0001\000.\0001\000\040\000R\000e\000s\000e\000a\000r\000c\000h\000e\000r\000s}{chapter.51}% 289
\BOOKMARK [1][-]{section.51.2}{\376\377\0005\0001\000.\0002\000\040\000I\000n\000s\000t\000i\000t\000u\000t\000i\000o\000n\000s}{chapter.51}% 290
\BOOKMARK [1][-]{section.51.3}{\376\377\0005\0001\000.\0003\000\040\000I\000n\000f\000o\000r\000m\000a\000t\000i\000o\000n\000\040\000F\000l\000o\000w}{chapter.51}% 291
\BOOKMARK [1][-]{section.51.4}{\376\377\0005\0001\000.\0004\000\040\000E\000c\000o\000l\000o\000g\000i\000c\000a\000l\000\040\000H\000e\000a\000l\000t\000h\000\040\000M\000e\000t\000r\000i\000c\000s}{chapter.51}% 292
\BOOKMARK [0][-]{chapter.52}{\376\377\0005\0002\000\040\000T\000o\000w\000a\000r\000d\000\040\000a\000\040\000S\000e\000m\000a\000n\000t\000i\000c\000\040\000C\000i\000v\000i\000l\000i\000z\000a\000t\000i\000o\000n}{part.14}% 293
\BOOKMARK [1][-]{section.52.1}{\376\377\0005\0002\000.\0001\000\040\000M\000e\000a\000n\000i\000n\000g\000-\000C\000e\000n\000t\000e\000r\000e\000d\000\040\000I\000n\000f\000r\000a\000s\000t\000r\000u\000c\000t\000u\000r\000e}{chapter.52}% 294
\BOOKMARK [1][-]{section.52.2}{\376\377\0005\0002\000.\0002\000\040\000C\000o\000n\000s\000t\000r\000a\000i\000n\000t\000-\000A\000w\000a\000r\000e\000\040\000S\000y\000s\000t\000e\000m\000s}{chapter.52}% 295
\BOOKMARK [1][-]{section.52.3}{\376\377\0005\0002\000.\0003\000\040\000H\000u\000m\000a\000n\040\023\000A\000I\000\040\000C\000o\000l\000l\000a\000b\000o\000r\000a\000t\000i\000o\000n}{chapter.52}% 296
\BOOKMARK [1][-]{section.52.4}{\376\377\0005\0002\000.\0004\000\040\000F\000u\000t\000u\000r\000e\000\040\000D\000i\000r\000e\000c\000t\000i\000o\000n\000s}{chapter.52}% 297
\BOOKMARK [1][-]{section.52.5}{\376\377\0005\0002\000.\0005\000\040\000T\000h\000e\000\040\000L\000a\000s\000t\000\040\000C\000o\000l\000l\000a\000p\000s\000e}{chapter.52}% 298
\BOOKMARK [0][-]{appendix*.14}{\376\377\000S\000e\000t\000s\000,\000\040\000R\000e\000l\000a\000t\000i\000o\000n\000s\000,\000\040\000a\000n\000d\000\040\000C\000o\000n\000s\000t\000r\000a\000i\000n\000t\000\040\000S\000p\000a\000c\000e\000s}{part.14}% 299
\BOOKMARK [0][-]{appendix*.15}{\376\377\000P\000r\000o\000j\000e\000c\000t\000i\000o\000n\000\040\000T\000h\000e\000o\000r\000y\000\040\000a\000n\000d\000\040\000I\000n\000f\000o\000r\000m\000a\000t\000i\000o\000n\000\040\000L\000o\000s\000s}{part.14}% 300
\BOOKMARK [0][-]{appendix*.16}{\376\377\000S\000p\000h\000e\000r\000e\000p\000o\000p\000\040\000C\000a\000l\000c\000u\000l\000u\000s}{part.14}% 301
\BOOKMARK [0][-]{appendix*.18}{\376\377\000B\000o\000o\000l\000e\000a\000n\000\040\000L\000a\000t\000t\000i\000c\000e\000s\000\040\000a\000n\000d\000\040\000L\000o\000g\000i\000c\000a\000l\000\040\000G\000e\000o\000m\000e\000t\000r\000y}{part.14}% 302
\BOOKMARK [0][-]{appendix*.20}{\376\377\000H\000y\000p\000e\000r\000c\000u\000b\000e\000s\000\040\000a\000n\000d\000\040\000D\000i\000m\000e\000n\000s\000i\000o\000n\000a\000l\000\040\000A\000g\000g\000r\000e\000g\000a\000t\000i\000o\000n}{part.14}% 303
\BOOKMARK [0][-]{appendix*.21}{\376\377\000G\000e\000s\000t\000u\000r\000e\000\040\000M\000a\000n\000i\000f\000o\000l\000d\000s\000\040\000a\000n\000d\000\040\000C\000a\000n\000o\000n\000i\000c\000a\000l\000i\000z\000a\000t\000i\000o\000n}{part.14}% 304
\BOOKMARK [0][-]{appendix*.22}{\376\377\000K\000e\000y\000b\000o\000a\000r\000d\000\040\000G\000e\000o\000m\000e\000t\000r\000y\000\040\000a\000n\000d\000\040\000M\000o\000t\000o\000r\000\040\000F\000i\000e\000l\000d\000s}{part.14}% 305
\BOOKMARK [0][-]{appendix*.23}{\376\377\000A\000d\000m\000i\000s\000s\000i\000b\000i\000l\000i\000t\000y\000\040\000a\000n\000d\000\040\000C\000o\000n\000s\000t\000r\000a\000i\000n\000t\000\040\000C\000l\000o\000s\000u\000r\000e}{part.14}% 306
\BOOKMARK [0][-]{appendix*.24}{\376\377\000S\000h\000e\000a\000f\000\040\000T\000h\000e\000o\000r\000y\000\040\000a\000n\000d\000\040\000S\000e\000m\000a\000n\000t\000i\000c\000\040\000C\000o\000h\000e\000r\000e\000n\000c\000e}{part.14}% 307
\BOOKMARK [0][-]{appendix*.25}{\376\377\000A\000c\000c\000e\000s\000s\000i\000b\000i\000l\000i\000t\000y\000\040\000G\000e\000o\000m\000e\000t\000r\000y}{part.14}% 308
\BOOKMARK [0][-]{appendix*.26}{\376\377\000T\000h\000e\000\040\000R\000e\000l\000a\000t\000i\000v\000i\000s\000t\000i\000c\000\040\000S\000c\000a\000l\000a\000r\040\023\000V\000e\000c\000t\000o\000r\000\040\000P\000l\000e\000n\000u\000m}{part.14}% 309
\BOOKMARK [0][-]{appendix*.27}{\376\377\000S\000e\000m\000a\000n\000t\000i\000c\000\040\000F\000i\000e\000l\000d\000s\000\040\000a\000n\000d\000\040\000S\000i\000m\000u\000l\000a\000t\000e\000d\000\040\000A\000g\000e\000n\000c\000y}{part.14}% 310
\BOOKMARK [0][-]{appendix*.28}{\376\377\000S\000e\000m\000a\000n\000t\000i\000c\000\040\000I\000n\000f\000r\000a\000s\000t\000r\000u\000c\000t\000u\000r\000e\000\040\000a\000n\000d\000\040\000C\000a\000t\000e\000g\000o\000r\000y\000\040\000T\000h\000e\000o\000r\000y}{part.14}% 311
\BOOKMARK [0][-]{appendix*.29}{\376\377\000L\000e\000a\000r\000n\000i\000n\000g\000\040\000G\000e\000o\000m\000e\000t\000r\000y\000\040\000a\000n\000d\000\040\000C\000u\000r\000r\000i\000c\000u\000l\000u\000m\000\040\000D\000y\000n\000a\000m\000i\000c\000s}{part.14}% 312
\BOOKMARK [0][-]{appendix*.30}{\376\377\000C\000i\000v\000i\000l\000i\000z\000a\000t\000i\000o\000n\000\040\000D\000y\000n\000a\000m\000i\000c\000s\000\040\000a\000n\000d\000\040\000C\000o\000l\000l\000e\000c\000t\000i\000v\000e\000\040\000M\000e\000m\000o\000r\000y}{part.14}% 313
\BOOKMARK [0][-]{appendix*.31}{\376\377\000B\000i\000b\000l\000i\000o\000g\000r\000a\000p\000h\000y}{part.14}% 314
