\BOOKMARK [1][-]{section.1}{\376\377\000O\000v\000e\000r\000v\000i\000e\000w\000\040\000a\000n\000d\000\040\000T\000h\000e\000m\000a\000t\000i\000c\000\040\000U\000n\000i\000v\000e\000r\000s\000e}{}% 1
\BOOKMARK [1][-]{section.2}{\376\377\000S\000e\000r\000i\000e\000s\000\040\000I\000:\000\040\000C\000o\000s\000m\000i\000c\000\040\000E\000x\000p\000a\000n\000s\000i\000o\000n\000\040\000I\000n\000s\000t\000a\000b\000i\000l\000i\000t\000y}{}% 2
\BOOKMARK [2][-]{subsection.2.1}{\376\377\000S\000o\000u\000r\000c\000e\000\040\000M\000a\000t\000e\000r\000i\000a\000l\000\040\000a\000n\000d\000\040\000S\000c\000i\000e\000n\000t\000i\000f\000i\000c\000\040\000F\000o\000u\000n\000d\000a\000t\000i\000o\000n}{section.2}% 3
\BOOKMARK [2][-]{subsection.2.2}{\376\377\000I\000s\000s\000u\000e\000\040\000S\000t\000r\000u\000c\000t\000u\000r\000e}{section.2}% 4
\BOOKMARK [3][-]{subsubsection.2.2.1}{\376\377\000I\000s\000s\000u\000e\000\040\0001\000:\000\040\000T\000h\000e\000\040\000G\000r\000e\000a\000t\000\040\000M\000i\000s\000t\000a\000k\000e}{subsection.2.2}% 5
\BOOKMARK [3][-]{subsubsection.2.2.2}{\376\377\000I\000s\000s\000u\000e\000\040\0002\000:\000\040\000T\000h\000e\000\040\000S\000a\000d\000d\000l\000e\000\040\040\024\000\040\000O\000u\000r\000\040\000U\000n\000s\000t\000a\000b\000l\000e\000\040\000B\000e\000g\000i\000n\000n\000i\000n\000g}{subsection.2.2}% 6
\BOOKMARK [3][-]{subsubsection.2.2.3}{\376\377\000I\000s\000s\000u\000e\000\040\0003\000:\000\040\000E\000n\000t\000e\000r\000\040\000t\000h\000e\000\040\000P\000l\000e\000n\000u\000m\000\040\040\024\000\040\000S\000p\000a\000c\000e\000\040\000i\000s\000\040\000A\000l\000i\000v\000e}{subsection.2.2}% 7
\BOOKMARK [3][-]{subsubsection.2.2.4}{\376\377\000I\000s\000s\000u\000e\000\040\0004\000:\000\040\000T\000h\000e\000\040\000A\000c\000c\000e\000s\000s\000i\000b\000i\000l\000i\000t\000y\000\040\000L\000a\000n\000d\000s\000c\000a\000p\000e\000\040\040\024\000\040\000D\000i\000s\000t\000a\000n\000c\000e\000\040\000D\000e\000p\000e\000n\000d\000s\000\040\000o\000n\000\040\000t\000h\000e\000\040\000T\000e\000r\000r\000a\000i\000n}{subsection.2.2}% 8
\BOOKMARK [3][-]{subsubsection.2.2.5}{\376\377\000I\000s\000s\000u\000e\000\040\0005\000:\000\040\000T\000h\000e\000\040\000F\000a\000l\000l\000\040\000o\000f\000\040\000S\000p\000a\000c\000e\000\040\040\024\000\040\000E\000x\000p\000a\000n\000s\000i\000o\000n\000\040\000i\000s\000\040\000R\000e\000l\000a\000x\000a\000t\000i\000o\000n}{subsection.2.2}% 9
\BOOKMARK [3][-]{subsubsection.2.2.6}{\376\377\000I\000s\000s\000u\000e\000\040\0006\000:\000\040\000T\000h\000e\000\040\000D\000e\000p\000t\000h\000-\000T\000w\000o\000\040\000S\000e\000c\000r\000e\000t\000\040\040\024\000\040\000T\000h\000e\000\040\000U\000n\000i\000v\000e\000r\000s\000e\000\040\000i\000s\000\040\000F\000i\000n\000i\000t\000e\000-\000L\000e\000v\000e\000l\000\040\000D\000e\000t\000e\000r\000m\000i\000n\000e\000d}{subsection.2.2}% 10
\BOOKMARK [3][-]{subsubsection.2.2.7}{\376\377\000I\000s\000s\000u\000e\000\040\0007\000:\000\040\000T\000h\000e\000\040\000S\000m\000o\000k\000i\000n\000g\000\040\000G\000u\000n\000\040\040\024\000\040\000R\000e\000d\000s\000h\000i\000f\000t\000\040\000a\000n\000d\000\040\000R\000o\000t\000a\000t\000i\000o\000n\000\040\000H\000a\000v\000e\000\040\000a\000\040\000C\000o\000m\000m\000o\000n\000\040\000S\000o\000u\000r\000c\000e}{subsection.2.2}% 11
\BOOKMARK [3][-]{subsubsection.2.2.8}{\376\377\000I\000s\000s\000u\000e\000\040\0008\000:\000\040\000T\000h\000e\000\040\000R\000S\000V\000P\000\040\000U\000n\000i\000v\000e\000r\000s\000e\000\040\040\024\000\040\000A\000\040\000C\000o\000s\000m\000o\000s\000\040\000T\000h\000a\000t\000\040\000R\000e\000l\000a\000x\000e\000s\000\040\000W\000i\000t\000h\000i\000n\000\040\000I\000t\000s\000e\000l\000f}{subsection.2.2}% 12
\BOOKMARK [2][-]{subsection.2.3}{\376\377\000V\000i\000s\000u\000a\000l\000\040\000D\000e\000s\000i\000g\000n}{section.2}% 13
\BOOKMARK [2][-]{subsection.2.4}{\376\377\000P\000r\000o\000d\000u\000c\000t\000i\000o\000n\000\040\000S\000u\000m\000m\000a\000r\000y}{section.2}% 14
\BOOKMARK [1][-]{section.3}{\376\377\000S\000e\000r\000i\000e\000s\000\040\000I\000I\000:\000\040\000T\000h\000e\000\040\000B\000a\000b\000y\000l\000o\000n\000i\000a\000n\000\040\000T\000o\000o\000t\000h\000\040\000W\000o\000r\000m\000\040\000I\000n\000v\000o\000c\000a\000t\000i\000o\000n}{}% 15
\BOOKMARK [2][-]{subsection.3.1}{\376\377\000S\000o\000u\000r\000c\000e\000\040\000M\000a\000t\000e\000r\000i\000a\000l}{section.3}% 16
\BOOKMARK [2][-]{subsection.3.2}{\376\377\000I\000s\000s\000u\000e\000\040\000S\000t\000r\000u\000c\000t\000u\000r\000e}{section.3}% 17
\BOOKMARK [3][-]{subsubsection.3.2.1}{\376\377\000I\000s\000s\000u\000e\000\040\0001\000:\000\040\000T\000h\000e\000\040\000B\000i\000r\000t\000h\000c\000h\000a\000i\000n\000\040\000o\000f\000\040\000C\000r\000e\000a\000t\000i\000o\000n}{subsection.3.2}% 18
\BOOKMARK [3][-]{subsubsection.3.2.2}{\376\377\000I\000s\000s\000u\000e\000\040\0002\000:\000\040\000T\000h\000e\000\040\000W\000o\000r\000m\000'\000s\000\040\000C\000o\000m\000p\000l\000a\000i\000n\000t\000\040\000/\000\040\000T\000h\000e\000\040\000C\000o\000m\000p\000l\000a\000i\000n\000t\000\040\000B\000e\000f\000o\000r\000e\000\040\000t\000h\000e\000\040\000S\000u\000n}{subsection.3.2}% 19
\BOOKMARK [3][-]{subsubsection.3.2.3}{\376\377\000I\000s\000s\000u\000e\000\040\0003\000:\000\040\000R\000e\000b\000e\000l\000l\000i\000o\000n\000\040\000i\000n\000\040\000t\000h\000e\000\040\000M\000o\000u\000t\000h\000\040\000o\000f\000\040\000t\000h\000e\000\040\000W\000o\000r\000l\000d\000\040\000/\000\040\000B\000e\000t\000w\000e\000e\000n\000\040\000T\000o\000o\000t\000h\000\040\000a\000n\000d\000\040\000G\000u\000m}{subsection.3.2}% 20
\BOOKMARK [3][-]{subsubsection.3.2.4}{\376\377\000I\000s\000s\000u\000e\000\040\0004\000:\000\040\000T\000h\000e\000\040\000A\000c\000c\000e\000s\000s\000i\000b\000i\000l\000i\000t\000y\000\040\000W\000a\000r}{subsection.3.2}% 21
\BOOKMARK [3][-]{subsubsection.3.2.5}{\376\377\000I\000s\000s\000u\000e\000\040\0005\000:\000\040\000T\000h\000e\000\040\000H\000o\000u\000s\000e\000\040\000o\000f\000\040\000W\000a\000t\000e\000r}{subsection.3.2}% 22
\BOOKMARK [3][-]{subsubsection.3.2.6}{\376\377\000I\000s\000s\000u\000e\000\040\0006\000:\000\040\000T\000h\000e\000\040\000T\000o\000o\000t\000h\000\040\000o\000f\000\040\000H\000e\000a\000v\000e\000n}{subsection.3.2}% 23
\BOOKMARK [3][-]{subsubsection.3.2.7}{\376\377\000I\000s\000s\000u\000e\000\040\0007\000:\000\040\000T\000h\000e\000\040\000T\000r\000i\000a\000l\000\040\000o\000f\000\040\000t\000h\000e\000\040\000W\000o\000r\000m\000\040\000/\000\040\000T\000h\000e\000\040\000T\000r\000i\000a\000l\000\040\000o\000f\000\040\000t\000h\000e\000\040\000L\000a\000s\000t\000\040\000C\000h\000i\000l\000d}{subsection.3.2}% 24
\BOOKMARK [3][-]{subsubsection.3.2.8}{\376\377\000I\000s\000s\000u\000e\000\040\0008\000:\000\040\000T\000h\000e\000\040\000S\000e\000c\000r\000e\000t\000\040\000o\000f\000\040\000t\000h\000e\000\040\000L\000a\000s\000t\000\040\000C\000h\000i\000l\000d}{subsection.3.2}% 25
\BOOKMARK [2][-]{subsection.3.3}{\376\377\000V\000i\000s\000u\000a\000l\000\040\000D\000e\000s\000i\000g\000n}{section.3}% 26
\BOOKMARK [2][-]{subsection.3.4}{\376\377\000P\000r\000o\000d\000u\000c\000t\000i\000o\000n\000\040\000S\000u\000m\000m\000a\000r\000y}{section.3}% 27
\BOOKMARK [1][-]{section.4}{\376\377\000S\000e\000r\000i\000e\000s\000\040\000I\000I\000I\000:\000\040\000O\000r\000p\000h\000i\000c\000\040\000M\000y\000s\000t\000e\000r\000y\000\040\000C\000o\000m\000i\000c\000s}{}% 28
\BOOKMARK [2][-]{subsection.4.1}{\376\377\000S\000o\000u\000r\000c\000e\000\040\000M\000a\000t\000e\000r\000i\000a\000l}{section.4}% 29
\BOOKMARK [2][-]{subsection.4.2}{\376\377\000C\000o\000n\000c\000e\000p\000t\000\040\000a\000n\000d\000\040\000T\000o\000n\000e}{section.4}% 30
\BOOKMARK [2][-]{subsection.4.3}{\376\377\000I\000s\000s\000u\000e\000\040\000S\000t\000r\000u\000c\000t\000u\000r\000e}{section.4}% 31
\BOOKMARK [3][-]{subsubsection.4.3.1}{\376\377\000I\000s\000s\000u\000e\000s\000\040\0001\040\023\0002\000:\000\040\000B\000e\000f\000o\000r\000e\000\040\000t\000h\000e\000\040\000E\000g\000g\000\040\000/\000\040\000T\000h\000e\000\040\000H\000a\000t\000c\000h\000i\000n\000g}{subsection.4.3}% 32
\BOOKMARK [3][-]{subsubsection.4.3.2}{\376\377\000I\000s\000s\000u\000e\000\040\0003\000:\000\040\000T\000h\000e\000\040\000B\000i\000r\000t\000h\000\040\000o\000f\000\040\000t\000h\000e\000\040\000C\000o\000s\000m\000o\000s}{subsection.4.3}% 33
\BOOKMARK [3][-]{subsubsection.4.3.3}{\376\377\000I\000s\000s\000u\000e\000s\000\040\0004\000\040\000o\000n\000w\000a\000r\000d\000s\000:\000\040\000T\000h\000e\000\040\000O\000r\000p\000h\000i\000c\000\040\000M\000y\000s\000t\000e\000r\000i\000e\000s\000\040\000P\000r\000o\000p\000e\000r}{subsection.4.3}% 34
\BOOKMARK [2][-]{subsection.4.4}{\376\377\000V\000i\000s\000u\000a\000l\000\040\000D\000e\000s\000i\000g\000n}{section.4}% 35
\BOOKMARK [2][-]{subsection.4.5}{\376\377\000P\000r\000o\000d\000u\000c\000t\000i\000o\000n\000\040\000S\000u\000m\000m\000a\000r\000y}{section.4}% 36
\BOOKMARK [1][-]{section.5}{\376\377\000C\000r\000o\000s\000s\000-\000S\000e\000r\000i\000e\000s\000\040\000T\000h\000e\000m\000a\000t\000i\000c\000\040\000A\000r\000c\000h\000i\000t\000e\000c\000t\000u\000r\000e}{}% 37
\BOOKMARK [2][-]{subsection.5.1}{\376\377\000T\000h\000e\000\040\000T\000h\000r\000e\000e\000\040\000C\000r\000e\000a\000t\000i\000o\000n\000\040\000C\000h\000a\000i\000n\000s}{section.5}% 38
\BOOKMARK [2][-]{subsection.5.2}{\376\377\000T\000h\000e\000\040\000T\000h\000r\000e\000e\000\040\000D\000e\000p\000t\000h\000-\000T\000w\000o\000\040\000M\000o\000m\000e\000n\000t\000s}{section.5}% 39
\BOOKMARK [2][-]{subsection.5.3}{\376\377\000T\000h\000e\000\040\000C\000o\000m\000m\000o\000n\000\040\000I\000n\000t\000u\000i\000t\000i\000o\000n}{section.5}% 40
\BOOKMARK [1][-]{section.6}{\376\377\000I\000m\000m\000e\000d\000i\000a\000t\000e\000\040\000D\000e\000v\000e\000l\000o\000p\000m\000e\000n\000t\000\040\000P\000r\000i\000o\000r\000i\000t\000i\000e\000s}{}% 41
\BOOKMARK [2][-]{subsubsection.6.0.1}{\376\377\000S\000e\000r\000i\000e\000s\000\040\000I\000:\000\040\000C\000o\000s\000m\000i\000c\000\040\000E\000x\000p\000a\000n\000s\000i\000o\000n\000\040\000I\000n\000s\000t\000a\000b\000i\000l\000i\000t\000y}{section.6}% 42
\BOOKMARK [3][-]{subsubsection.6.0.2}{\376\377\000S\000e\000r\000i\000e\000s\000\040\000I\000I\000:\000\040\000T\000h\000e\000\040\000B\000a\000b\000y\000l\000o\000n\000i\000a\000n\000\040\000T\000o\000o\000t\000h\000\040\000W\000o\000r\000m\000\040\000I\000n\000v\000o\000c\000a\000t\000i\000o\000n}{subsubsection.6.0.1}% 43
\BOOKMARK [3][-]{subsubsection.6.0.3}{\376\377\000S\000e\000r\000i\000e\000s\000\040\000I\000I\000I\000:\000\040\000O\000r\000p\000h\000i\000c\000\040\000M\000y\000s\000t\000e\000r\000y\000\040\000C\000o\000m\000i\000c\000s}{subsubsection.6.0.1}% 44
\BOOKMARK [3][-]{subsubsection.6.0.4}{\376\377\000C\000r\000o\000s\000s\000-\000S\000e\000r\000i\000e\000s}{subsubsection.6.0.1}% 45
\BOOKMARK [1][-]{section.7}{\376\377\000C\000r\000i\000t\000i\000c\000a\000l\000\040\000R\000e\000a\000d\000i\000n\000g\000\040\000a\000n\000d\000\040\000R\000e\000f\000i\000n\000e\000d\000\040\000A\000r\000c\000h\000i\000t\000e\000c\000t\000u\000r\000e}{}% 46
\BOOKMARK [2][-]{subsection.7.1}{\376\377\000T\000h\000e\000\040\000B\000o\000u\000n\000d\000a\000r\000y\000\040\000M\000o\000t\000i\000f\000:\000\040\000A\000\040\000D\000e\000e\000p\000e\000r\000\040\000C\000o\000m\000m\000o\000n\000\040\000S\000t\000r\000u\000c\000t\000u\000r\000e}{section.7}% 47
\BOOKMARK [2][-]{subsection.7.2}{\376\377\000R\000e\000f\000r\000a\000m\000i\000n\000g\000:\000\040\000T\000h\000r\000e\000e\000\040\000M\000y\000t\000h\000o\000l\000o\000g\000i\000e\000s\000\040\000o\000f\000\040\000A\000c\000c\000e\000s\000s\000i\000b\000i\000l\000i\000t\000y}{section.7}% 48
\BOOKMARK [2][-]{subsection.7.3}{\376\377\000S\000e\000r\000i\000e\000s\000\040\000S\000t\000r\000e\000n\000g\000t\000h\000s\000\040\000a\000n\000d\000\040\000R\000e\000m\000a\000i\000n\000i\000n\000g\000\040\000W\000o\000r\000k}{section.7}% 49
\BOOKMARK [2][-]{subsection.7.4}{\376\377\000I\000m\000p\000r\000i\000n\000t\000\040\000A\000r\000c\000h\000i\000t\000e\000c\000t\000u\000r\000e}{section.7}% 50
\BOOKMARK [2][-]{subsection.7.5}{\376\377\000T\000h\000e\000\040\000S\000p\000i\000n\000e}{section.7}% 51
\BOOKMARK [1][-]{section.8}{\376\377\000E\000d\000i\000t\000o\000r\000i\000a\000l\000\040\000N\000o\000t\000e\000s\000:\000\040\000S\000t\000r\000u\000c\000t\000u\000r\000a\000l\000\040\000I\000n\000t\000e\000r\000v\000e\000n\000t\000i\000o\000n\000s}{}% 52
\BOOKMARK [2][-]{subsection.8.1}{\376\377\000T\000h\000e\000\040\000O\000r\000p\000h\000i\000c\000\040\000I\000n\000i\000t\000i\000a\000t\000e}{section.8}% 53
\BOOKMARK [2][-]{subsection.8.2}{\376\377\000T\000h\000e\000\040\000R\000S\000V\000P\000\040\000D\000e\000t\000e\000c\000t\000i\000v\000e}{section.8}% 54
\BOOKMARK [2][-]{subsection.8.3}{\376\377\000T\000h\000e\000\040\000S\000i\000l\000e\000n\000t\000\040\000H\000e\000r\000a\000l\000d\000i\000c\000\040\000P\000a\000g\000e}{section.8}% 55
\BOOKMARK [2][-]{subsection.8.4}{\376\377\000P\000r\000o\000d\000u\000c\000t\000i\000o\000n\000\040\000S\000e\000q\000u\000e\000n\000c\000e}{section.8}% 56
\BOOKMARK [2][-]{subsection.8.5}{\376\377\000T\000h\000e\000\040\000P\000r\000e\000f\000e\000r\000r\000e\000d\000\040\000R\000e\000a\000d\000i\000n\000g\000\040\000O\000r\000d\000e\000r}{section.8}% 57
