\BOOKMARK [1][-]{section.1}{\376\377\000O\000v\000e\000r\000v\000i\000e\000w}{}% 1
\BOOKMARK [1][-]{section.2}{\376\377\000T\000h\000e\000\040\000D\000i\000e\000g\000e\000t\000i\000c\000\040\000A\000r\000c\000h\000i\000v\000e\000:\000\040\000I\000n\000-\000U\000n\000i\000v\000e\000r\000s\000e\000\040\000D\000o\000c\000u\000m\000e\000n\000t\000s}{}% 2
\BOOKMARK [2][-]{subsection.2.1}{\376\377\000T\000h\000e\000\040\000F\000i\000v\000e\000\040\000I\000n\000s\000t\000i\000t\000u\000t\000i\000o\000n\000a\000l\000\040\000V\000o\000i\000c\000e\000s}{section.2}% 3
\BOOKMARK [2][-]{subsection.2.2}{\376\377\000T\000h\000e\000\040\000F\000i\000v\000e\000\040\000I\000n\000s\000t\000i\000t\000u\000t\000i\000o\000n\000a\000l\000\040\000V\000o\000i\000c\000e\000s\000:\000\040\000F\000u\000l\000l\000\040\000T\000e\000x\000t\000s}{section.2}% 4
\BOOKMARK [3][-]{subsubsection.2.2.1}{\376\377\000V\000o\000i\000c\000e\000\040\0001\000:\000\040\000T\000h\000e\000\040\000U\000n\000r\000e\000a\000c\000h\000a\000b\000l\000e\000\040\000C\000i\000t\000y\000\040\040\024\000\040\0005\000\040\000L\000e\000s\000s\000o\000n\000s\000\040\000i\000n\000\040\000R\000e\000a\000l\000i\000t\000y}{subsection.2.2}% 5
\BOOKMARK [3][-]{subsubsection.2.2.2}{\376\377\000V\000o\000i\000c\000e\000\040\0002\000:\000\040\000C\000h\000r\000o\000n\000o\000l\000o\000g\000i\000c\000a\000l\000\040\000N\000a\000r\000r\000a\000t\000i\000v\000e\000\040\000o\000f\000\040\000t\000h\000e\000\040\000T\000i\000t\000a\000n\000\040\000R\000e\000s\000t\000o\000r\000a\000t\000i\000o\000n}{subsection.2.2}% 6
\BOOKMARK [3][-]{subsubsection.2.2.3}{\376\377\000V\000o\000i\000c\000e\000\040\0003\000:\000\040\000N\000a\000v\000i\000g\000a\000t\000i\000n\000g\000\040\000t\000h\000e\000\040\000I\000m\000p\000o\000s\000s\000i\000b\000l\000e\000\040\040\024\000\040\000A\000\040\000P\000r\000i\000m\000e\000r}{subsection.2.2}% 7
\BOOKMARK [3][-]{subsubsection.2.2.4}{\376\377\000V\000o\000i\000c\000e\000\040\0004\000:\000\040\000O\000m\000e\000g\000a\000\040\000S\000e\000v\000e\000n\000\040\000I\000n\000c\000i\000d\000e\000n\000t\000\040\000R\000e\000p\000o\000r\000t}{subsection.2.2}% 8
\BOOKMARK [3][-]{subsubsection.2.2.5}{\376\377\000V\000o\000i\000c\000e\000\040\0005\000:\000\040\000M\000e\000t\000a\000p\000h\000y\000s\000i\000c\000a\000l\000\040\000M\000e\000c\000h\000a\000n\000i\000c\000s\000\040\000o\000f\000\040\000T\000i\000t\000a\000n}{subsection.2.2}% 9
\BOOKMARK [2][-]{subsection.2.3}{\376\377\000K\000e\000y\000\040\000P\000h\000r\000a\000s\000e\000s\000\040\000a\000n\000d\000\040\000D\000a\000t\000a\000\040\000U\000p\000g\000r\000a\000d\000e\000d\000\040\000b\000y\000\040\000t\000h\000e\000\040\000A\000r\000c\000h\000i\000v\000e}{section.2}% 10
\BOOKMARK [2][-]{subsection.2.4}{\376\377\000T\000h\000e\000\040\000T\000h\000e\000s\000e\000u\000s\000\040\000P\000r\000e\000s\000s\000\040\000C\000o\000n\000f\000e\000r\000e\000n\000c\000e\000\040\000a\000s\000\040\000a\000\040\000R\000e\000c\000u\000r\000r\000i\000n\000g\000\040\000T\000o\000u\000c\000h\000s\000t\000o\000n\000e}{section.2}% 11
\BOOKMARK [1][-]{section.3}{\376\377\000N\000a\000r\000r\000a\000t\000i\000v\000e\000\040\000S\000t\000r\000u\000c\000t\000u\000r\000e}{}% 12
\BOOKMARK [2][-]{subsection.3.1}{\376\377\000A\000c\000t\000\040\000I\000\040\040\024\000\040\000M\000y\000s\000t\000e\000r\000y\000\040\000\050\000P\000a\000g\000e\000s\000\040\0001\040\023\0001\0000\000\051}{section.3}% 13
\BOOKMARK [2][-]{subsection.3.2}{\376\377\000A\000c\000t\000\040\000I\000I\000\040\040\024\000\040\000D\000i\000s\000c\000o\000v\000e\000r\000y\000\040\000\050\000P\000a\000g\000e\000s\000\040\0001\0001\040\023\0002\0000\000\051}{section.3}% 14
\BOOKMARK [2][-]{subsection.3.3}{\376\377\000A\000c\000t\000\040\000I\000I\000I\000\040\040\024\000\040\000R\000e\000s\000t\000o\000r\000a\000t\000i\000o\000n\000\040\000\050\000P\000a\000g\000e\000s\000\040\0002\0001\040\023\0003\0000\000\051}{section.3}% 15
\BOOKMARK [1][-]{section.4}{\376\377\000V\000i\000s\000u\000a\000l\000\040\000L\000a\000n\000g\000u\000a\000g\000e\000\040\000a\000n\000d\000\040\000S\000t\000y\000l\000e\000\040\000N\000o\000t\000e\000s}{}% 16
\BOOKMARK [2][-]{subsection.4.1}{\376\377\000C\000a\000n\000o\000n\000i\000c\000a\000l\000\040\000U\000I\000\040\000T\000e\000r\000m\000i\000n\000o\000l\000o\000g\000y}{section.4}% 17
\BOOKMARK [2][-]{subsection.4.2}{\376\377\000T\000h\000e\000\040\000Y\000a\000r\000n\000c\000r\000a\000w\000l\000e\000r\000:\000\040\000C\000a\000n\000o\000n\000i\000c\000a\000l\000\040\000S\000p\000e\000c\000i\000f\000i\000c\000a\000t\000i\000o\000n\000s}{section.4}% 18
\BOOKMARK [1][-]{section.5}{\376\377\000P\000a\000g\000e\000-\000b\000y\000-\000P\000a\000g\000e\000\040\000B\000r\000e\000a\000k\000d\000o\000w\000n}{}% 19
\BOOKMARK [1][-]{section.6}{\376\377\000M\000a\000j\000o\000r\000\040\000T\000h\000e\000m\000e\000s}{}% 20
\BOOKMARK [1][-]{section.7}{\376\377\000T\000h\000e\000\040\000W\000r\000i\000t\000e\000r\000'\000s\000\040\000M\000a\000n\000i\000f\000e\000s\000t\000o\000:\000\040\000F\000o\000u\000r\000\040\000R\000u\000l\000e\000s\000\040\000f\000o\000r\000\040\000T\000i\000t\000a\000n}{}% 21
\BOOKMARK [1][-]{section.8}{\376\377\000S\000e\000r\000i\000e\000s\000\040\000R\000o\000a\000d\000m\000a\000p}{}% 22
\BOOKMARK [1][-]{section.9}{\376\377\000P\000r\000o\000d\000u\000c\000t\000i\000o\000n\000\040\000N\000o\000t\000e\000s}{}% 23
