\BOOKMARK [0][-]{chapter*.2}{\376\377\000P\000r\000e\000f\000a\000c\000e}{}% 1
\BOOKMARK [-1][-]{part.1}{\376\377\000I\000\040\000P\000h\000a\000s\000e\000\040\000O\000n\000e\000:\000\040\000L\000o\000g\000i\000c\000,\000\040\000S\000e\000t\000s\000,\000\040\000a\000n\000d\000\040\000S\000t\000r\000u\000c\000t\000u\000r\000e}{}% 2
\BOOKMARK [0][-]{chapter.1}{\376\377\0001\000\040\000P\000r\000o\000o\000f\000s\000\040\000a\000n\000d\000\040\000M\000a\000t\000h\000e\000m\000a\000t\000i\000c\000a\000l\000\040\000W\000r\000i\000t\000i\000n\000g}{part.1}% 3
\BOOKMARK [1][-]{section.1.1}{\376\377\0001\000.\0001\000\040\000P\000r\000o\000p\000o\000s\000i\000t\000i\000o\000n\000s\000\040\000a\000n\000d\000\040\000Q\000u\000a\000n\000t\000i\000f\000i\000e\000r\000s}{chapter.1}% 4
\BOOKMARK [1][-]{section.1.2}{\376\377\0001\000.\0002\000\040\000M\000a\000t\000h\000e\000m\000a\000t\000i\000c\000a\000l\000\040\000I\000n\000d\000u\000c\000t\000i\000o\000n}{chapter.1}% 5
\BOOKMARK [1][-]{section.1.3}{\376\377\0001\000.\0003\000\040\000P\000r\000o\000o\000f\000\040\000S\000t\000r\000a\000t\000e\000g\000i\000e\000s}{chapter.1}% 6
\BOOKMARK [0][-]{chapter.2}{\376\377\0002\000\040\000S\000e\000t\000\040\000T\000h\000e\000o\000r\000y\000,\000\040\000R\000e\000l\000a\000t\000i\000o\000n\000s\000,\000\040\000a\000n\000d\000\040\000Q\000u\000o\000t\000i\000e\000n\000t\000s}{part.1}% 7
\BOOKMARK [1][-]{section.2.1}{\376\377\0002\000.\0001\000\040\000E\000q\000u\000i\000v\000a\000l\000e\000n\000c\000e\000\040\000R\000e\000l\000a\000t\000i\000o\000n\000s\000\040\000a\000n\000d\000\040\000Q\000u\000o\000t\000i\000e\000n\000t\000s}{chapter.2}% 8
\BOOKMARK [1][-]{section.2.2}{\376\377\0002\000.\0002\000\040\000C\000a\000n\000t\000o\000r\000'\000s\000\040\000T\000h\000e\000o\000r\000e\000m}{chapter.2}% 9
\BOOKMARK [0][-]{chapter.3}{\376\377\0003\000\040\000N\000u\000m\000b\000e\000r\000\040\000S\000y\000s\000t\000e\000m\000s\000\040\000a\000n\000d\000\040\000C\000o\000m\000p\000l\000e\000t\000e\000n\000e\000s\000s}{part.1}% 10
\BOOKMARK [1][-]{section.3.1}{\376\377\0003\000.\0001\000\040\000B\000u\000i\000l\000d\000i\000n\000g\000\040\000t\000h\000e\000\040\000N\000u\000m\000b\000e\000r\000\040\000S\000y\000s\000t\000e\000m\000s}{chapter.3}% 11
\BOOKMARK [0][-]{chapter.4}{\376\377\0004\000\040\000R\000e\000a\000l\000\040\000A\000n\000a\000l\000y\000s\000i\000s}{part.1}% 12
\BOOKMARK [1][-]{section.4.1}{\376\377\0004\000.\0001\000\040\000C\000o\000n\000t\000i\000n\000u\000i\000t\000y\000\040\000a\000n\000d\000\040\000t\000h\000e\000\040\000I\000n\000t\000e\000r\000m\000e\000d\000i\000a\000t\000e\000\040\000V\000a\000l\000u\000e\000\040\000T\000h\000e\000o\000r\000e\000m}{chapter.4}% 13
\BOOKMARK [0][-]{chapter.5}{\376\377\0005\000\040\000M\000e\000t\000r\000i\000c\000\040\000S\000p\000a\000c\000e\000s}{part.1}% 14
\BOOKMARK [1][-]{section.5.1}{\376\377\0005\000.\0001\000\040\000M\000e\000t\000r\000i\000c\000s\000\040\000a\000n\000d\000\040\000U\000n\000i\000q\000u\000e\000n\000e\000s\000s\000\040\000o\000f\000\040\000L\000i\000m\000i\000t\000s}{chapter.5}% 15
\BOOKMARK [0][-]{chapter.6}{\376\377\0006\000\040\000L\000i\000n\000e\000a\000r\000\040\000A\000l\000g\000e\000b\000r\000a}{part.1}% 16
\BOOKMARK [1][-]{section.6.1}{\376\377\0006\000.\0001\000\040\000T\000h\000e\000\040\000R\000a\000n\000k\000-\000N\000u\000l\000l\000i\000t\000y\000\040\000T\000h\000e\000o\000r\000e\000m}{chapter.6}% 17
\BOOKMARK [0][-]{chapter.7}{\376\377\0007\000\040\000D\000u\000a\000l\000\040\000S\000p\000a\000c\000e\000s\000,\000\040\000T\000e\000n\000s\000o\000r\000s\000,\000\040\000a\000n\000d\000\040\000D\000i\000f\000f\000e\000r\000e\000n\000t\000i\000a\000l\000\040\000F\000o\000r\000m\000s}{part.1}% 18
\BOOKMARK [1][-]{section.7.1}{\376\377\0007\000.\0001\000\040\000A\000n\000t\000i\000s\000y\000m\000m\000e\000t\000r\000y\000\040\000o\000f\000\040\000t\000h\000e\000\040\000W\000e\000d\000g\000e\000\040\000P\000r\000o\000d\000u\000c\000t}{chapter.7}% 19
\BOOKMARK [-1][-]{part.2}{\376\377\000I\000I\000\040\000P\000h\000a\000s\000e\000\040\000T\000w\000o\000:\000\040\000A\000l\000g\000e\000b\000r\000a\000i\000c\000\040\000S\000t\000r\000u\000c\000t\000u\000r\000e\000\040\000a\000n\000d\000\040\000C\000a\000t\000e\000g\000o\000r\000i\000e\000s}{}% 20
\BOOKMARK [0][-]{chapter.8}{\376\377\0008\000\040\000A\000b\000s\000t\000r\000a\000c\000t\000\040\000A\000l\000g\000e\000b\000r\000a}{part.2}% 21
\BOOKMARK [1][-]{section.8.1}{\376\377\0008\000.\0001\000\040\000G\000r\000o\000u\000p\000s\000\040\000a\000n\000d\000\040\000t\000h\000e\000\040\000F\000i\000r\000s\000t\000\040\000I\000s\000o\000m\000o\000r\000p\000h\000i\000s\000m\000\040\000T\000h\000e\000o\000r\000e\000m}{chapter.8}% 22
\BOOKMARK [0][-]{chapter.9}{\376\377\0009\000\040\000C\000a\000t\000e\000g\000o\000r\000y\000\040\000T\000h\000e\000o\000r\000y}{part.2}% 23
\BOOKMARK [1][-]{section.9.1}{\376\377\0009\000.\0001\000\040\000C\000a\000t\000e\000g\000o\000r\000i\000e\000s\000,\000\040\000F\000u\000n\000c\000t\000o\000r\000s\000,\000\040\000a\000n\000d\000\040\000U\000n\000i\000v\000e\000r\000s\000a\000l\000\040\000P\000r\000o\000p\000e\000r\000t\000i\000e\000s}{chapter.9}% 24
\BOOKMARK [-1][-]{part.3}{\376\377\000I\000I\000I\000\040\000P\000h\000a\000s\000e\000\040\000T\000h\000r\000e\000e\000:\000\040\000T\000o\000p\000o\000l\000o\000g\000y\000\040\000a\000n\000d\000\040\000G\000e\000o\000m\000e\000t\000r\000y}{}% 25
\BOOKMARK [0][-]{chapter.10}{\376\377\0001\0000\000\040\000P\000o\000i\000n\000t\000-\000S\000e\000t\000\040\000T\000o\000p\000o\000l\000o\000g\000y}{part.3}% 26
\BOOKMARK [1][-]{section.10.1}{\376\377\0001\0000\000.\0001\000\040\000F\000i\000v\000e\000\040\000Q\000u\000e\000s\000t\000i\000o\000n\000s\000\040\000o\000f\000\040\000T\000o\000p\000o\000l\000o\000g\000y}{chapter.10}% 27
\BOOKMARK [1][-]{section.10.2}{\376\377\0001\0000\000.\0002\000\040\000T\000o\000p\000o\000l\000o\000g\000i\000c\000a\000l\000\040\000S\000p\000a\000c\000e\000s\000\040\000a\000n\000d\000\040\000C\000o\000m\000p\000a\000c\000t\000n\000e\000s\000s}{chapter.10}% 28
\BOOKMARK [0][-]{chapter.11}{\376\377\0001\0001\000\040\000T\000h\000e\000\040\000I\000n\000v\000e\000r\000s\000e\000\040\000F\000u\000n\000c\000t\000i\000o\000n\000\040\000T\000h\000e\000o\000r\000e\000m}{part.3}% 29
\BOOKMARK [1][-]{section.11.1}{\376\377\0001\0001\000.\0001\000\040\000T\000h\000e\000\040\000D\000e\000r\000i\000v\000a\000t\000i\000v\000e\000\040\000a\000s\000\040\000L\000i\000n\000e\000a\000r\000\040\000A\000p\000p\000r\000o\000x\000i\000m\000a\000t\000i\000o\000n}{chapter.11}% 30
\BOOKMARK [1][-]{section.11.2}{\376\377\0001\0001\000.\0002\000\040\000T\000h\000e\000\040\000I\000n\000v\000e\000r\000s\000e\000\040\000F\000u\000n\000c\000t\000i\000o\000n\000\040\000T\000h\000e\000o\000r\000e\000m}{chapter.11}% 31
\BOOKMARK [0][-]{chapter.12}{\376\377\0001\0002\000\040\000S\000m\000o\000o\000t\000h\000\040\000M\000a\000n\000i\000f\000o\000l\000d\000s}{part.3}% 32
\BOOKMARK [1][-]{section.12.1}{\376\377\0001\0002\000.\0001\000\040\000C\000o\000o\000r\000d\000i\000n\000a\000t\000e\000\040\000I\000n\000d\000e\000p\000e\000n\000d\000e\000n\000c\000e\000\040\000o\000f\000\040\000S\000m\000o\000o\000t\000h\000n\000e\000s\000s}{chapter.12}% 33
\BOOKMARK [0][-]{chapter.13}{\376\377\0001\0003\000\040\000T\000a\000n\000g\000e\000n\000t\000\040\000S\000p\000a\000c\000e\000s\000\040\000a\000n\000d\000\040\000V\000e\000c\000t\000o\000r\000\040\000F\000i\000e\000l\000d\000s}{part.3}% 34
\BOOKMARK [1][-]{section.13.1}{\376\377\0001\0003\000.\0001\000\040\000D\000e\000r\000i\000v\000a\000t\000i\000o\000n\000s\000\040\000a\000n\000d\000\040\000F\000l\000o\000w\000s}{chapter.13}% 35
\BOOKMARK [0][-]{chapter.14}{\376\377\0001\0004\000\040\000D\000i\000f\000f\000e\000r\000e\000n\000t\000i\000a\000l\000\040\000F\000o\000r\000m\000s\000\040\000a\000n\000d\000\040\000S\000t\000o\000k\000e\000s\000'\000\040\000T\000h\000e\000o\000r\000e\000m}{part.3}% 36
\BOOKMARK [1][-]{section.14.1}{\376\377\0001\0004\000.\0001\000\040\000E\000x\000t\000e\000r\000i\000o\000r\000\040\000D\000e\000r\000i\000v\000a\000t\000i\000v\000e\000\040\000a\000n\000d\000\040\000S\000t\000o\000k\000e\000s}{chapter.14}% 37
\BOOKMARK [-1][-]{part.4}{\376\377\000I\000V\000\040\000P\000h\000a\000s\000e\000\040\000F\000o\000u\000r\000:\000\040\000D\000y\000n\000a\000m\000i\000c\000s\000\040\000a\000n\000d\000\040\000A\000n\000a\000l\000y\000s\000i\000s}{}% 38
\BOOKMARK [0][-]{chapter.15}{\376\377\0001\0005\000\040\000V\000a\000r\000i\000a\000t\000i\000o\000n\000a\000l\000\040\000C\000a\000l\000c\000u\000l\000u\000s}{part.4}% 39
\BOOKMARK [1][-]{section.15.1}{\376\377\0001\0005\000.\0001\000\040\000T\000h\000e\000\040\000E\000u\000l\000e\000r\000-\000L\000a\000g\000r\000a\000n\000g\000e\000\040\000E\000q\000u\000a\000t\000i\000o\000n}{chapter.15}% 40
\BOOKMARK [0][-]{chapter.16}{\376\377\0001\0006\000\040\000M\000e\000a\000s\000u\000r\000e\000\040\000T\000h\000e\000o\000r\000y}{part.4}% 41
\BOOKMARK [1][-]{section.16.1}{\376\377\0001\0006\000.\0001\000\040\000M\000e\000a\000s\000u\000r\000e\000s\000\040\000a\000n\000d\000\040\000t\000h\000e\000\040\000M\000o\000n\000o\000t\000o\000n\000e\000\040\000C\000o\000n\000v\000e\000r\000g\000e\000n\000c\000e\000\040\000T\000h\000e\000o\000r\000e\000m}{chapter.16}% 42
\BOOKMARK [0][-]{chapter.17}{\376\377\0001\0007\000\040\000F\000u\000n\000c\000t\000i\000o\000n\000a\000l\000\040\000A\000n\000a\000l\000y\000s\000i\000s}{part.4}% 43
\BOOKMARK [1][-]{section.17.1}{\376\377\0001\0007\000.\0001\000\040\000C\000o\000m\000p\000l\000e\000t\000e\000n\000e\000s\000s\000\040\000o\000f\000\040\000C\000\050\000[\000a\000,\000b\000]\000\051}{chapter.17}% 44
\BOOKMARK [-1][-]{part.5}{\376\377\000V\000\040\000P\000h\000a\000s\000e\000\040\000F\000i\000v\000e\000:\000\040\000A\000l\000g\000e\000b\000r\000a\000i\000c\000\040\000T\000o\000p\000o\000l\000o\000g\000y\000\040\000a\000n\000d\000\040\000S\000h\000e\000a\000v\000e\000s}{}% 45
\BOOKMARK [0][-]{chapter.18}{\376\377\0001\0008\000\040\000H\000o\000m\000o\000t\000o\000p\000y\000\040\000a\000n\000d\000\040\000F\000u\000n\000d\000a\000m\000e\000n\000t\000a\000l\000\040\000G\000r\000o\000u\000p\000s}{part.5}% 46
\BOOKMARK [1][-]{section.18.1}{\376\377\0001\0008\000.\0001\000\040\000T\000h\000e\000\040\000F\000u\000n\000d\000a\000m\000e\000n\000t\000a\000l\000\040\000G\000r\000o\000u\000p}{chapter.18}% 47
\BOOKMARK [0][-]{chapter.19}{\376\377\0001\0009\000\040\000H\000o\000m\000o\000l\000o\000g\000y}{part.5}% 48
\BOOKMARK [1][-]{section.19.1}{\376\377\0001\0009\000.\0001\000\040\000T\000h\000e\000\040\000B\000o\000u\000n\000d\000a\000r\000y\000\040\000O\000p\000e\000r\000a\000t\000o\000r\000\040\000a\000n\000d\000\040\0002\000\040\000=\000\040\0000}{chapter.19}% 49
\BOOKMARK [0][-]{chapter.20}{\376\377\0002\0000\000\040\000C\000o\000h\000o\000m\000o\000l\000o\000g\000y}{part.5}% 50
\BOOKMARK [1][-]{section.20.1}{\376\377\0002\0000\000.\0001\000\040\000C\000o\000c\000h\000a\000i\000n\000s\000\040\000a\000n\000d\000\040\000t\000h\000e\000\040\000C\000o\000b\000o\000u\000n\000d\000a\000r\000y\000\040\000O\000p\000e\000r\000a\000t\000o\000r}{chapter.20}% 51
\BOOKMARK [1][-]{section.20.2}{\376\377\0002\0000\000.\0002\000\040\000C\000o\000h\000o\000m\000o\000l\000o\000g\000y\000\040\000a\000s\000\040\000O\000b\000s\000t\000r\000u\000c\000t\000i\000o\000n}{chapter.20}% 52
\BOOKMARK [1][-]{section.20.3}{\376\377\0002\0000\000.\0003\000\040\000T\000h\000e\000\040\000C\000u\000p\000\040\000P\000r\000o\000d\000u\000c\000t}{chapter.20}% 53
\BOOKMARK [0][-]{chapter.21}{\376\377\0002\0001\000\040\000S\000h\000e\000a\000f\000\040\000T\000h\000e\000o\000r\000y}{part.5}% 54
\BOOKMARK [1][-]{section.21.1}{\376\377\0002\0001\000.\0001\000\040\000S\000h\000e\000a\000v\000e\000s\000\040\000a\000n\000d\000\040\000t\000h\000e\000\040\000G\000l\000u\000i\000n\000g\000\040\000A\000x\000i\000o\000m}{chapter.21}% 55
\BOOKMARK [0][-]{chapter.22}{\376\377\0002\0002\000\040\000O\000r\000d\000e\000r\000\040\000T\000h\000e\000o\000r\000y\000\040\000a\000n\000d\000\040\000D\000o\000m\000a\000i\000n\000\040\000T\000h\000e\000o\000r\000y}{part.5}% 56
\BOOKMARK [1][-]{section.22.1}{\376\377\0002\0002\000.\0001\000\040\000C\000o\000m\000p\000l\000e\000t\000e\000\040\000P\000a\000r\000t\000i\000a\000l\000\040\000O\000r\000d\000e\000r\000s\000\040\000a\000n\000d\000\040\000F\000i\000x\000e\000d\000\040\000P\000o\000i\000n\000t\000s}{chapter.22}% 57
\BOOKMARK [-1][-]{part.6}{\376\377\000V\000I\000\040\000P\000h\000a\000s\000e\000\040\000S\000i\000x\000:\000\040\000R\000S\000V\000P\000\040\000S\000y\000n\000t\000h\000e\000s\000i\000s}{}% 58
\BOOKMARK [0][-]{chapter.23}{\376\377\0002\0003\000\040\000R\000S\000V\000P\000:\000\040\000A\000s\000s\000e\000m\000b\000l\000i\000n\000g\000\040\000t\000h\000e\000\040\000M\000a\000t\000h\000e\000m\000a\000t\000i\000c\000s}{part.6}% 59
\BOOKMARK [1][-]{section.23.1}{\376\377\0002\0003\000.\0001\000\040\000D\000e\000p\000e\000n\000d\000e\000n\000c\000y\000\040\000G\000r\000a\000p\000h\000\040\000o\000f\000\040\000t\000h\000e\000\040\000B\000o\000o\000k}{chapter.23}% 60
\BOOKMARK [1][-]{section.23.2}{\376\377\0002\0003\000.\0002\000\040\000T\000h\000e\000\040\000F\000i\000e\000l\000d\000\040\000T\000r\000i\000p\000l\000e}{chapter.23}% 61
\BOOKMARK [1][-]{section.23.3}{\376\377\0002\0003\000.\0003\000\040\000A\000d\000m\000i\000s\000s\000i\000b\000i\000l\000i\000t\000y}{chapter.23}% 62
\BOOKMARK [1][-]{section.23.4}{\376\377\0002\0003\000.\0004\000\040\000T\000h\000e\000\040\000A\000c\000t\000i\000o\000n\000\040\000a\000n\000d\000\040\000F\000i\000e\000l\000d\000\040\000E\000q\000u\000a\000t\000i\000o\000n\000s}{chapter.23}% 63
\BOOKMARK [1][-]{section.23.5}{\376\377\0002\0003\000.\0005\000\040\000T\000h\000e\000\040\000T\000h\000e\000o\000r\000e\000m\000-\000S\000c\000h\000e\000m\000a}{chapter.23}% 64
\BOOKMARK [1][-]{section.23.6}{\376\377\0002\0003\000.\0006\000\040\000S\000p\000h\000e\000r\000e\000p\000o\000p\000,\000\040\000T\000A\000R\000T\000A\000N\000,\000\040\000a\000n\000d\000\040\000C\000L\000I\000O}{chapter.23}% 65
\BOOKMARK [1][-]{section.23.7}{\376\377\0002\0003\000.\0007\000\040\000W\000h\000a\000t\000\040\000S\000u\000r\000v\000i\000v\000e\000s\000\040\000a\000n\000d\000\040\000W\000h\000a\000t\000\040\000I\000s\000\040\000F\000o\000r\000g\000o\000t\000t\000e\000n}{chapter.23}% 66
\BOOKMARK [0][-]{chapter*.8}{\376\377\000A\000p\000p\000e\000n\000d\000i\000x\000:\000\040\000R\000e\000c\000o\000m\000m\000e\000n\000d\000e\000d\000\040\000R\000e\000a\000d\000i\000n\000g\000\040\000b\000y\000\040\000C\000h\000a\000p\000t\000e\000r}{part.6}% 67
