\BOOKMARK [0][-]{chapter*.2}{\376\377\000P\000r\000e\000f\000a\000c\000e}{}% 1
\BOOKMARK [-1][-]{part.1}{\376\377\000I\000\040\000A\000n\000d\000e\000r\000s\000o\000n\000'\000s\000\040\000E\000p\000i\000s\000t\000e\000m\000o\000l\000o\000g\000i\000c\000a\000l\000\040\000S\000y\000s\000t\000e\000m}{}% 2
\BOOKMARK [0][-]{chapter.1}{\376\377\000I\000n\000t\000e\000l\000l\000i\000g\000e\000n\000c\000e\000,\000\040\000U\000n\000d\000e\000r\000s\000t\000a\000n\000d\000i\000n\000g\000,\000\040\000a\000n\000d\000\040\000R\000e\000a\000s\000o\000n\000i\000n\000g}{part.1}% 3
\BOOKMARK [1][-]{section.1.1}{\376\377\000T\000h\000e\000\040\000C\000e\000n\000t\000r\000a\000l\000\040\000D\000e\000c\000o\000m\000p\000o\000s\000i\000t\000i\000o\000n}{chapter.1}% 4
\BOOKMARK [1][-]{section.1.2}{\376\377\000P\000r\000o\000p\000e\000r\000t\000i\000e\000s\000\040\000o\000f\000\040\000t\000h\000e\000\040\000T\000w\000o\000\040\000F\000a\000c\000u\000l\000t\000i\000e\000s}{chapter.1}% 5
\BOOKMARK [1][-]{section.1.3}{\376\377\000T\000h\000e\000\040\000P\000r\000i\000o\000r\000i\000t\000y\000\040\000T\000h\000e\000s\000i\000s}{chapter.1}% 6
\BOOKMARK [0][-]{chapter.2}{\376\377\000M\000o\000d\000e\000l\000s\000,\000\040\000R\000e\000d\000u\000c\000t\000i\000o\000n\000i\000s\000m\000,\000\040\000a\000n\000d\000\040\000t\000h\000e\000\040\000P\000a\000t\000h\000o\000l\000o\000g\000y\000\040\000o\000f\000\040\000P\000r\000o\000j\000e\000c\000t\000i\000o\000n}{part.1}% 7
\BOOKMARK [1][-]{section.2.1}{\376\377\000W\000h\000a\000t\000\040\000a\000\040\000M\000o\000d\000e\000l\000\040\000I\000s}{chapter.2}% 8
\BOOKMARK [1][-]{section.2.2}{\376\377\000T\000h\000e\000\040\000M\000o\000d\000e\000l\040\023\000P\000r\000o\000j\000e\000c\000t\000i\000o\000n\000\040\000C\000o\000r\000r\000e\000s\000p\000o\000n\000d\000e\000n\000c\000e}{chapter.2}% 9
\BOOKMARK [1][-]{section.2.3}{\376\377\000C\000o\000m\000p\000r\000e\000s\000s\000i\000o\000n\000,\000\040\000U\000t\000i\000l\000i\000t\000y\000,\000\040\000a\000n\000d\000\040\000t\000h\000e\000\040\000U\000t\000i\000l\000i\000t\000y\000\040\000T\000h\000r\000e\000s\000h\000o\000l\000d}{chapter.2}% 10
\BOOKMARK [1][-]{section.2.4}{\376\377\000T\000h\000e\000\040\000P\000a\000t\000h\000o\000l\000o\000g\000y\000:\000\040\000P\000r\000o\000j\000e\000c\000t\000i\000o\000n\000\040\000S\000u\000p\000r\000e\000m\000a\000c\000y}{chapter.2}% 11
\BOOKMARK [1][-]{section.2.5}{\376\377\000W\000h\000y\000\040\000M\000o\000d\000e\000l\000s\000\040\000C\000a\000n\000n\000o\000t\000\040\000P\000r\000o\000d\000u\000c\000e\000\040\000U\000n\000d\000e\000r\000s\000t\000a\000n\000d\000i\000n\000g}{chapter.2}% 12
\BOOKMARK [0][-]{chapter.3}{\376\377\000H\000o\000l\000i\000s\000m\000,\000\040\000E\000p\000i\000s\000t\000e\000m\000i\000c\000\040\000R\000e\000d\000u\000c\000t\000i\000o\000n\000,\000\040\000a\000n\000d\000\040\000B\000i\000z\000a\000r\000r\000e\000\040\000D\000o\000m\000a\000i\000n\000s}{part.1}% 13
\BOOKMARK [1][-]{section.3.1}{\376\377\000B\000i\000z\000a\000r\000r\000e\000\040\000D\000o\000m\000a\000i\000n\000s}{chapter.3}% 14
\BOOKMARK [1][-]{section.3.2}{\376\377\000S\000a\000l\000i\000e\000n\000c\000e\000\040\000a\000n\000d\000\040\000t\000h\000e\000\040\000U\000p\000h\000i\000l\000l\000\040\000R\000i\000v\000e\000r}{chapter.3}% 15
\BOOKMARK [0][-]{chapter.4}{\376\377\000C\000o\000r\000p\000u\000s\000\040\000C\000o\000n\000g\000r\000u\000e\000n\000c\000e\000,\000\040\000M\000a\000c\000h\000i\000n\000e\000\040\000U\000n\000d\000e\000r\000s\000t\000a\000n\000d\000i\000n\000g\000,\000\040\000a\000n\000d\000\040\000t\000h\000e\000\040\000A\000G\000I\000\040\000M\000y\000t\000h}{part.1}% 16
\BOOKMARK [-1][-]{part.2}{\376\377\000I\000I\000\040\000G\000e\000o\000m\000e\000t\000r\000i\000c\000\040\000M\000a\000c\000h\000i\000n\000e\000r\000y}{}% 17
\BOOKMARK [0][-]{chapter.5}{\376\377\000T\000r\000a\000j\000e\000c\000t\000o\000r\000y\000\040\000S\000p\000a\000c\000e\000s\000\040\000a\000n\000d\000\040\000t\000h\000e\000\040\000A\000d\000m\000i\000s\000s\000i\000b\000i\000l\000i\000t\000y\000\040\000O\000p\000e\000r\000a\000t\000o\000r}{part.2}% 18
\BOOKMARK [1][-]{section.5.1}{\376\377\000T\000w\000o\000\040\000S\000e\000t\000t\000i\000n\000g\000s}{chapter.5}% 19
\BOOKMARK [0][-]{chapter.6}{\376\377\000T\000h\000e\000\040\000A\000d\000m\000i\000s\000s\000i\000b\000i\000l\000i\000t\000y\000\040\000Q\000u\000o\000t\000i\000e\000n\000t\000\040\000a\000n\000d\000\040\000R\000e\000p\000r\000e\000s\000e\000n\000t\000a\000t\000i\000o\000n\000a\000l\000\040\000M\000a\000n\000i\000f\000o\000l\000d\000s}{part.2}% 20
\BOOKMARK [1][-]{section.6.1}{\376\377\000T\000w\000o\000\040\000N\000o\000t\000i\000o\000n\000s\000\040\000o\000f\000\040\000A\000d\000m\000i\000s\000s\000i\000b\000i\000l\000i\000t\000y\000-\000P\000r\000e\000s\000e\000r\000v\000i\000n\000g\000\040\000P\000r\000o\000j\000e\000c\000t\000i\000o\000n}{chapter.6}% 21
\BOOKMARK [1][-]{section.6.2}{\376\377\000T\000h\000e\000\040\000Q\000u\000o\000t\000i\000e\000n\000t\000\040\000C\000o\000n\000s\000t\000r\000u\000c\000t\000i\000o\000n}{chapter.6}% 22
\BOOKMARK [1][-]{section.6.3}{\376\377\000T\000h\000e\000\040\000U\000n\000i\000v\000e\000r\000s\000a\000l\000\040\000P\000r\000o\000p\000e\000r\000t\000y\000\040\000a\000n\000d\000\040\000I\000n\000f\000o\000r\000m\000a\000t\000i\000o\000n\000\040\000M\000i\000n\000i\000m\000a\000l\000i\000t\000y}{chapter.6}% 23
\BOOKMARK [1][-]{section.6.4}{\376\377\000E\000n\000t\000r\000o\000p\000y\000\040\000P\000r\000e\000s\000e\000r\000v\000a\000t\000i\000o\000n\000\040\000a\000s\000\040\000N\000e\000c\000e\000s\000s\000a\000r\000y\000\040\000C\000o\000n\000d\000i\000t\000i\000o\000n}{chapter.6}% 24
\BOOKMARK [0][-]{chapter.7}{\376\377\000S\000a\000l\000i\000e\000n\000c\000e\000,\000\040\000N\000o\000v\000e\000l\000t\000y\000,\000\040\000a\000n\000d\000\040\000t\000h\000e\000\040\000F\000a\000m\000i\000l\000i\000a\000r\000i\000t\000y\000\040\000P\000o\000t\000e\000n\000t\000i\000a\000l}{part.2}% 25
\BOOKMARK [1][-]{section.7.1}{\376\377\000F\000o\000r\000m\000a\000l\000\040\000S\000a\000l\000i\000e\000n\000c\000e\000\040\000\050\000M\000e\000t\000r\000i\000c\000\040\000S\000e\000t\000t\000i\000n\000g\000\051}{chapter.7}% 26
\BOOKMARK [1][-]{section.7.2}{\376\377\000D\000i\000f\000f\000e\000r\000e\000n\000t\000i\000a\000l\000\040\000S\000a\000l\000i\000e\000n\000c\000e\000\040\000\050\000S\000m\000o\000o\000t\000h\000\040\000R\000S\000V\000P\000\040\000S\000e\000t\000t\000i\000n\000g\000\051}{chapter.7}% 27
\BOOKMARK [1][-]{section.7.3}{\376\377\000T\000h\000e\000\040\000S\000m\000o\000o\000t\000h\000e\000d\000\040\000F\000a\000m\000i\000l\000i\000a\000r\000i\000t\000y\000\040\000P\000o\000t\000e\000n\000t\000i\000a\000l}{chapter.7}% 28
\BOOKMARK [-1][-]{part.3}{\376\377\000I\000I\000I\000\040\000A\000n\000d\000e\000r\000s\000o\000n\000'\000s\000\040\000E\000p\000i\000s\000t\000e\000m\000o\000l\000o\000g\000y\000\040\000a\000s\000\040\000T\000h\000e\000o\000r\000e\000m}{}% 29
\BOOKMARK [0][-]{chapter.8}{\376\377\000T\000h\000e\000\040\000P\000r\000i\000o\000r\000i\000t\000y\000\040\000o\000f\000\040\000U\000n\000d\000e\000r\000s\000t\000a\000n\000d\000i\000n\000g}{part.3}% 30
\BOOKMARK [0][-]{chapter.9}{\376\377\000T\000h\000e\000\040\000I\000d\000e\000n\000t\000i\000f\000i\000c\000a\000t\000i\000o\000n\000\040\000T\000h\000e\000o\000r\000e\000m\000:\000\040\000U\000n\000d\000e\000r\000s\000t\000a\000n\000d\000i\000n\000g\000\040\000i\000s\000\040\000t\000h\000e\000\040\000Q\000u\000o\000t\000i\000e\000n\000t\000\040\000C\000o\000n\000s\000t\000r\000u\000c\000t\000i\000o\000n}{part.3}% 31
\BOOKMARK [1][-]{section.9.1}{\376\377\000T\000h\000e\000\040\000P\000h\000i\000l\000o\000s\000o\000p\000h\000i\000c\000a\000l\000\040\000G\000a\000p}{chapter.9}% 32
\BOOKMARK [1][-]{section.9.2}{\376\377\000A\000n\000d\000e\000r\000s\000o\000n\000'\000s\000\040\000I\000n\000v\000e\000n\000t\000o\000r\000y\000\040\000o\000f\000\040\000U\000n\000d\000e\000r\000s\000t\000a\000n\000d\000i\000n\000g}{chapter.9}% 33
\BOOKMARK [1][-]{section.9.3}{\376\377\000T\000h\000e\000\040\000I\000d\000e\000n\000t\000i\000f\000i\000c\000a\000t\000i\000o\000n\000\040\000T\000h\000e\000o\000r\000e\000m}{chapter.9}% 34
\BOOKMARK [1][-]{section.9.4}{\376\377\000W\000h\000a\000t\000\040\000t\000h\000e\000\040\000I\000d\000e\000n\000t\000i\000f\000i\000c\000a\000t\000i\000o\000n\000\040\000E\000s\000t\000a\000b\000l\000i\000s\000h\000e\000s}{chapter.9}% 35
\BOOKMARK [1][-]{section.9.5}{\376\377\000W\000h\000a\000t\000\040\000t\000h\000e\000\040\000I\000d\000e\000n\000t\000i\000f\000i\000c\000a\000t\000i\000o\000n\000\040\000D\000o\000e\000s\000\040\000N\000o\000t\000\040\000E\000s\000t\000a\000b\000l\000i\000s\000h}{chapter.9}% 36
\BOOKMARK [0][-]{chapter.10}{\376\377\000T\000h\000e\000\040\000A\000n\000d\000e\000r\000s\000o\000n\000\040\000P\000r\000o\000j\000e\000c\000t\000i\000o\000n\000\040\000T\000h\000e\000o\000r\000e\000m}{part.3}% 37
\BOOKMARK [0][-]{chapter.11}{\376\377\000T\000h\000e\000\040\000C\000L\000I\000O\000\040\000O\000p\000e\000r\000a\000t\000o\000r\000\040\000a\000n\000d\000\040\000C\000o\000r\000p\000u\000s\000-\000D\000r\000i\000v\000e\000n\000\040\000L\000e\000a\000r\000n\000i\000n\000g}{part.3}% 38
\BOOKMARK [1][-]{section.11.1}{\376\377\000T\000h\000e\000\040\000C\000L\000I\000O\000\040\000F\000u\000n\000c\000t\000i\000o\000n\000a\000l}{chapter.11}% 39
\BOOKMARK [0][-]{chapter.12}{\376\377\000A\000d\000m\000i\000s\000s\000i\000b\000i\000l\000i\000t\000y\000-\000C\000o\000m\000p\000a\000t\000i\000b\000l\000e\000\040\000L\000e\000a\000r\000n\000i\000n\000g\000\040\000a\000n\000d\000\040\000L\000o\000c\000a\000l\000\040\000E\000x\000t\000e\000n\000s\000i\000o\000n\000\040\000S\000t\000a\000b\000i\000l\000i\000t\000y}{part.3}% 40
\BOOKMARK [1][-]{section.12.1}{\376\377\000F\000o\000r\000m\000a\000l\000i\000z\000a\000t\000i\000o\000n\000\040\000o\000f\000\040\000L\000e\000a\000r\000n\000i\000n\000g}{chapter.12}% 41
\BOOKMARK [1][-]{section.12.2}{\376\377\000L\000o\000c\000a\000l\000\040\000E\000x\000t\000e\000n\000s\000i\000o\000n\000\040\000S\000t\000a\000b\000i\000l\000i\000t\000y}{chapter.12}% 42
\BOOKMARK [0][-]{chapter.13}{\376\377\000W\000h\000y\000\040\000D\000e\000e\000p\000\040\000L\000e\000a\000r\000n\000i\000n\000g\000\040\000W\000o\000r\000k\000s\000:\000\040\000A\000p\000p\000r\000o\000x\000i\000m\000a\000t\000e\000\040\000A\000d\000m\000i\000s\000s\000i\000b\000i\000l\000i\000t\000y\000\040\000R\000e\000d\000u\000c\000t\000i\000o\000n}{part.3}% 43
\BOOKMARK [1][-]{section.13.1}{\376\377\000A\000n\000d\000e\000r\000s\000o\000n\000'\000s\000\040\000C\000l\000a\000i\000m}{chapter.13}% 44
\BOOKMARK [1][-]{section.13.2}{\376\377\000D\000e\000e\000p\000\040\000L\000e\000a\000r\000n\000i\000n\000g\000\040\000a\000s\000\040\000S\000e\000q\000u\000e\000n\000t\000i\000a\000l\000\040\000P\000a\000r\000t\000i\000a\000l\000\040\000Q\000u\000o\000t\000i\000e\000n\000t}{chapter.13}% 45
\BOOKMARK [1][-]{section.13.3}{\376\377\000W\000h\000y\000\040\000D\000e\000e\000p\000\040\000L\000e\000a\000r\000n\000i\000n\000g\000\040\000M\000u\000s\000t\000\040\000B\000e\000\040\000D\000e\000e\000p\000:\000\040\000A\000\040\000D\000e\000r\000i\000v\000e\000d\000\040\000T\000h\000e\000o\000r\000e\000m}{chapter.13}% 46
\BOOKMARK [1][-]{section.13.4}{\376\377\000D\000e\000e\000p\000\040\000L\000e\000a\000r\000n\000i\000n\000g\000\040\000C\000o\000n\000v\000e\000r\000g\000e\000s\000\040\000t\000o\000\040\000t\000h\000e\000\040\000A\000d\000m\000i\000s\000s\000i\000b\000i\000l\000i\000t\000y\000\040\000Q\000u\000o\000t\000i\000e\000n\000t}{chapter.13}% 47
\BOOKMARK [1][-]{section.13.5}{\376\377\000W\000h\000a\000t\000\040\000D\000e\000e\000p\000\040\000L\000e\000a\000r\000n\000i\000n\000g\000\040\000C\000a\000n\000n\000o\000t\000\040\000D\000o}{chapter.13}% 48
\BOOKMARK [0][-]{chapter.14}{\376\377\000B\000r\000i\000t\000t\000l\000e\000n\000e\000s\000s\000,\000\040\000P\000r\000o\000j\000e\000c\000t\000i\000o\000n\000\040\000S\000u\000p\000r\000e\000m\000a\000c\000y\000,\000\040\000a\000n\000d\000\040\000H\000o\000l\000i\000s\000t\000i\000c\000\040\000R\000o\000b\000u\000s\000t\000n\000e\000s\000s}{part.3}% 49
\BOOKMARK [1][-]{section.14.1}{\376\377\000I\000n\000t\000e\000r\000p\000r\000e\000t\000i\000v\000e\000\040\000A\000t\000t\000r\000a\000c\000t\000o\000r\000s\000\040\000a\000n\000d\000\040\000E\000p\000i\000s\000t\000e\000m\000i\000c\000\040\000I\000d\000e\000n\000t\000i\000t\000y}{chapter.14}% 50
\BOOKMARK [1][-]{section.14.2}{\376\377\000C\000o\000m\000m\000u\000n\000i\000t\000i\000e\000s\000\040\000a\000s\000\040\000S\000h\000a\000r\000e\000d\000\040\000C\000o\000r\000p\000o\000r\000a}{chapter.14}% 51
\BOOKMARK [1][-]{section.14.3}{\376\377\000P\000r\000o\000j\000e\000c\000t\000i\000o\000n\000\040\000C\000a\000p\000t\000u\000r\000e\000\040\000a\000n\000d\000\040\000E\000p\000i\000s\000t\000e\000m\000i\000c\000\040\000R\000i\000g\000i\000d\000i\000t\000y}{chapter.14}% 52
\BOOKMARK [0][-]{chapter.15}{\376\377\000C\000o\000r\000p\000u\000s\000\040\000C\000o\000n\000g\000r\000u\000e\000n\000c\000e\000\040\000a\000s\000\040\000P\000o\000t\000e\000n\000t\000i\000a\000l\000\040\000F\000i\000e\000l\000d}{part.3}% 53
\BOOKMARK [-1][-]{part.4}{\376\377\000I\000V\000\040\000E\000x\000t\000e\000n\000s\000i\000o\000n\000s\000\040\000a\000n\000d\000\040\000A\000p\000p\000l\000i\000c\000a\000t\000i\000o\000n\000s}{}% 54
\BOOKMARK [0][-]{chapter.16}{\376\377\000A\000r\000t\000i\000f\000i\000c\000i\000a\000l\000\040\000I\000n\000t\000u\000i\000t\000i\000o\000n\000\040\000a\000s\000\040\000L\000e\000a\000r\000n\000e\000d\000\040\000P\000r\000o\000j\000e\000c\000t\000i\000o\000n}{part.4}% 55
\BOOKMARK [1][-]{section.16.1}{\376\377\000T\000h\000e\000\040\0002\0000\0000\0007\000\040\000F\000r\000a\000m\000e\000w\000o\000r\000k\000\040\000a\000n\000d\000\040\000I\000t\000s\000\040\000C\000e\000n\000t\000r\000a\000l\000\040\000C\000l\000a\000i\000m}{chapter.16}% 56
\BOOKMARK [1][-]{section.16.2}{\376\377\000A\000r\000t\000i\000f\000i\000c\000i\000a\000l\000\040\000I\000n\000t\000u\000i\000t\000i\000o\000n\000\040\000D\000e\000f\000i\000n\000e\000d}{chapter.16}% 57
\BOOKMARK [1][-]{section.16.3}{\376\377\000I\000n\000t\000u\000i\000t\000i\000v\000e\000\040\000S\000t\000a\000t\000e\000s\000\040\000a\000n\000d\000\040\000A\000d\000m\000i\000s\000s\000i\000b\000i\000l\000i\000t\000y\000\040\000N\000e\000i\000g\000h\000b\000o\000r\000h\000o\000o\000d\000s}{chapter.16}% 58
\BOOKMARK [1][-]{section.16.4}{\376\377\000P\000r\000e\000d\000i\000c\000t\000i\000o\000n\000\040\000a\000s\000\040\000A\000d\000m\000i\000s\000s\000i\000b\000i\000l\000i\000t\000y\000\040\000E\000s\000t\000i\000m\000a\000t\000i\000o\000n}{chapter.16}% 59
\BOOKMARK [1][-]{section.16.5}{\376\377\000T\000h\000e\000\040\000N\000e\000s\000t\000e\000d\000\040\000P\000r\000e\000d\000i\000c\000t\000i\000o\000n\000\040\000H\000i\000e\000r\000a\000r\000c\000h\000y\000\040\000a\000n\000d\000\040\000E\000m\000e\000r\000g\000e\000n\000t\000\040\000S\000e\000m\000a\000n\000t\000i\000c\000s}{chapter.16}% 60
\BOOKMARK [1][-]{section.16.6}{\376\377\000T\000h\000e\000\040\000T\000h\000e\000o\000r\000y\000-\000F\000r\000e\000e\000\040\000L\000e\000a\000r\000n\000i\000n\000g\000\040\000T\000h\000e\000o\000r\000e\000m}{chapter.16}% 61
\BOOKMARK [1][-]{section.16.7}{\376\377\000P\000r\000e\000d\000i\000c\000t\000i\000o\000n\000\040\000G\000e\000n\000e\000r\000a\000t\000e\000s\000\040\000t\000h\000e\000\040\000Q\000u\000o\000t\000i\000e\000n\000t\000\040\000H\000i\000e\000r\000a\000r\000c\000h\000y}{chapter.16}% 62
\BOOKMARK [1][-]{section.16.8}{\376\377\000A\000m\000b\000i\000g\000u\000i\000t\000y\000,\000\040\000I\000n\000t\000e\000r\000p\000r\000e\000t\000a\000t\000i\000o\000n\000\040\000B\000u\000n\000d\000l\000e\000s\000,\000\040\000a\000n\000d\000\040\000P\000r\000e\000m\000a\000t\000u\000r\000e\000\040\000C\000o\000l\000l\000a\000p\000s\000e}{chapter.16}% 63
\BOOKMARK [1][-]{section.16.9}{\376\377\000R\000o\000b\000u\000s\000t\000n\000e\000s\000s\000\040\000a\000n\000d\000\040\000R\000e\000l\000i\000a\000b\000i\000l\000i\000t\000y\000\040\000a\000s\000\040\000E\000m\000e\000r\000g\000e\000n\000t\000\040\000P\000r\000o\000p\000e\000r\000t\000i\000e\000s}{chapter.16}% 64
\BOOKMARK [1][-]{section.16.10}{\376\377\000T\000h\000e\000\040\000A\000r\000t\000i\000f\000i\000c\000i\000a\000l\000\040\000I\000n\000t\000u\000i\000t\000i\000o\000n\000\040\000V\000a\000r\000i\000a\000t\000i\000o\000n\000a\000l\000\040\000P\000r\000i\000n\000c\000i\000p\000l\000e}{chapter.16}% 65
\BOOKMARK [0][-]{chapter.17}{\376\377\000T\000h\000e\000\040\000C\000a\000l\000v\000i\000n\040\023\000A\000n\000d\000e\000r\000s\000o\000n\040\023\000F\000e\000y\000e\000r\000a\000b\000e\000n\000d\000\040\000L\000i\000n\000e\000a\000g\000e}{part.4}% 66
\BOOKMARK [1][-]{section.17.1}{\376\377\000O\000v\000e\000r\000v\000i\000e\000w}{chapter.17}% 67
\BOOKMARK [1][-]{section.17.2}{\376\377\000W\000i\000l\000l\000i\000a\000m\000\040\000C\000a\000l\000v\000i\000n\000:\000\040\000T\000h\000e\000\040\000U\000p\000h\000i\000l\000l\000\040\000D\000i\000r\000e\000c\000t\000i\000o\000n}{chapter.17}% 68
\BOOKMARK [2][-]{subsection.17.2.1}{\376\377\000T\000h\000e\000\040\000B\000i\000o\000l\000o\000g\000i\000c\000a\000l\000\040\000P\000r\000o\000b\000l\000e\000m}{section.17.2}% 69
\BOOKMARK [2][-]{subsection.17.2.2}{\376\377\000T\000h\000e\000\040\000M\000a\000t\000h\000e\000m\000a\000t\000i\000c\000a\000l\000\040\000R\000e\000a\000l\000i\000z\000a\000t\000i\000o\000n}{section.17.2}% 70
\BOOKMARK [1][-]{section.17.3}{\376\377\000M\000o\000n\000i\000c\000a\000\040\000A\000n\000d\000e\000r\000s\000o\000n\000:\000\040\000T\000h\000e\000\040\000M\000e\000c\000h\000a\000n\000i\000s\000m\000\040\000a\000n\000d\000\040\000t\000h\000e\000\040\000E\000p\000i\000s\000t\000e\000m\000o\000l\000o\000g\000i\000c\000a\000l\000\040\000T\000u\000r\000n}{chapter.17}% 71
\BOOKMARK [2][-]{subsection.17.3.1}{\376\377\000T\000h\000e\000\040\000A\000I\000\040\000E\000n\000g\000i\000n\000e\000e\000r\000i\000n\000g\000\040\000C\000o\000n\000t\000e\000x\000t}{section.17.3}% 72
\BOOKMARK [2][-]{subsection.17.3.2}{\376\377\000E\000p\000i\000s\000t\000e\000m\000i\000c\000\040\000R\000e\000d\000u\000c\000t\000i\000o\000n\000\040\000a\000s\000\040\000P\000r\000e\000-\000S\000c\000i\000e\000n\000t\000i\000f\000i\000c}{section.17.3}% 73
\BOOKMARK [2][-]{subsection.17.3.3}{\376\377\000T\000h\000e\000\040\0002\0000\0001\0002\000\040\000I\000n\000f\000l\000e\000c\000t\000i\000o\000n\000\040\000a\000s\000\040\000E\000x\000p\000e\000r\000i\000m\000e\000n\000t\000a\000l\000\040\000C\000o\000n\000f\000i\000r\000m\000a\000t\000i\000o\000n}{section.17.3}% 74
\BOOKMARK [1][-]{section.17.4}{\376\377\000P\000a\000u\000l\000\040\000F\000e\000y\000e\000r\000a\000b\000e\000n\000d\000:\000\040\000T\000h\000e\000\040\000W\000a\000r\000n\000i\000n\000g\000\040\000A\000g\000a\000i\000n\000s\000t\000\040\000P\000r\000e\000m\000a\000t\000u\000r\000e\000\040\000C\000l\000o\000s\000u\000r\000e}{chapter.17}% 75
\BOOKMARK [2][-]{subsection.17.4.1}{\376\377\000T\000h\000e\000\040\000P\000r\000o\000b\000l\000e\000m\000\040\000w\000i\000t\000h\000\040\000M\000e\000t\000h\000o\000d}{section.17.4}% 76
\BOOKMARK [2][-]{subsection.17.4.2}{\376\377\000T\000h\000e\000\040\000I\000m\000p\000o\000s\000s\000i\000b\000i\000l\000i\000t\000y\000\040\000R\000e\000s\000u\000l\000t}{section.17.4}% 77
\BOOKMARK [2][-]{subsection.17.4.3}{\376\377\000A\000n\000d\000e\000r\000s\000o\000n\000\040\000a\000n\000d\000\040\000F\000e\000y\000e\000r\000a\000b\000e\000n\000d\000\040\000a\000s\000\040\000C\000o\000m\000p\000l\000e\000m\000e\000n\000t\000s}{section.17.4}% 78
\BOOKMARK [1][-]{section.17.5}{\376\377\000T\000h\000r\000e\000e\000\040\000A\000p\000p\000r\000o\000a\000c\000h\000e\000s\000\040\000t\000o\000\040\000t\000h\000e\000\040\000S\000a\000m\000e\000\040\000C\000o\000n\000s\000t\000r\000a\000i\000n\000t}{chapter.17}% 79
\BOOKMARK [1][-]{section.17.6}{\376\377\000A\000n\000d\000e\000r\000s\000o\000n\000:\000\040\000T\000h\000e\000\040\000M\000e\000c\000h\000a\000n\000i\000s\000m}{chapter.17}% 80
\BOOKMARK [1][-]{section.17.7}{\376\377\000F\000e\000y\000e\000r\000a\000b\000e\000n\000d\000:\000\040\000T\000h\000e\000\040\000W\000a\000r\000n\000i\000n\000g\000\040\000A\000g\000a\000i\000n\000s\000t\000\040\000P\000r\000e\000m\000a\000t\000u\000r\000e\000\040\000P\000r\000o\000j\000e\000c\000t\000i\000o\000n}{chapter.17}% 81
\BOOKMARK [1][-]{section.17.8}{\376\377\000T\000h\000e\000\040\000A\000d\000m\000i\000s\000s\000i\000b\000l\000e\000\040\000D\000i\000s\000c\000o\000v\000e\000r\000y\000\040\000P\000r\000i\000n\000c\000i\000p\000l\000e}{chapter.17}% 82
\BOOKMARK [0][-]{chapter.18}{\376\377\000T\000A\000R\000T\000A\000N\000,\000\040\000t\000h\000e\000\040\000W\000i\000s\000d\000o\000m\000\040\000S\000a\000l\000o\000n\000,\000\040\000a\000n\000d\000\040\000C\000o\000l\000l\000e\000c\000t\000i\000v\000e\000\040\000R\000e\000d\000u\000c\000t\000i\000o\000n}{part.4}% 83
\BOOKMARK [1][-]{section.18.1}{\376\377\000T\000h\000e\000\040\000W\000i\000s\000d\000o\000m\000\040\000S\000a\000l\000o\000n\000\040\000a\000s\000\040\000D\000i\000s\000t\000r\000i\000b\000u\000t\000e\000d\000\040\000E\000p\000i\000s\000t\000e\000m\000i\000c\000\040\000R\000e\000d\000u\000c\000t\000i\000o\000n}{chapter.18}% 84
\BOOKMARK [1][-]{section.18.2}{\376\377\000S\000h\000e\000a\000f\000-\000T\000h\000e\000o\000r\000e\000t\000i\000c\000\040\000F\000o\000r\000m\000a\000l\000i\000z\000a\000t\000i\000o\000n}{chapter.18}% 85
\BOOKMARK [0][-]{chapter.19}{\376\377\000C\000o\000n\000n\000e\000c\000t\000i\000o\000n\000s}{part.4}% 86
\BOOKMARK [1][-]{section.19.1}{\376\377\000A\000n\000d\000e\000r\000s\000o\000n\000\040\000a\000n\000d\000\040\000K\000a\000h\000n\000e\000m\000a\000n}{chapter.19}% 87
\BOOKMARK [1][-]{section.19.2}{\376\377\000A\000n\000d\000e\000r\000s\000o\000n\000\040\000a\000n\000d\000\040\000t\000h\000e\000\040\000F\000r\000a\000m\000e\000\040\000P\000r\000o\000b\000l\000e\000m}{chapter.19}% 88
\BOOKMARK [1][-]{section.19.3}{\376\377\000A\000n\000d\000e\000r\000s\000o\000n\000\040\000a\000n\000d\000\040\000t\000h\000e\000\040\000A\000u\000t\000h\000o\000r\000'\000s\000\040\000P\000r\000i\000o\000r\000\040\000W\000o\000r\000k}{chapter.19}% 89
\BOOKMARK [1][-]{section.19.4}{\376\377\000T\000h\000e\000\040\000Y\000o\000n\000e\000d\000a\000\040\000C\000o\000n\000n\000e\000c\000t\000i\000o\000n}{chapter.19}% 90
\BOOKMARK [0][-]{chapter*.3}{\376\377\000C\000o\000n\000c\000l\000u\000s\000i\000o\000n}{part.4}% 91
\BOOKMARK [0][-]{appendix.A}{\376\377\000G\000l\000o\000s\000s\000a\000r\000y}{part.4}% 92
\BOOKMARK [0][-]{appendix.B}{\376\377\000N\000o\000t\000a\000t\000i\000o\000n\000\040\000R\000e\000f\000e\000r\000e\000n\000c\000e}{part.4}% 93
\BOOKMARK [0][-]{appendix.C}{\376\377\000S\000u\000m\000m\000a\000r\000y\000\040\000o\000f\000\040\000M\000a\000i\000n\000\040\000R\000e\000s\000u\000l\000t\000s}{part.4}% 94
\BOOKMARK [0][-]{appendix*.4}{\376\377\000B\000i\000b\000l\000i\000o\000g\000r\000a\000p\000h\000y}{part.4}% 95
