\BOOKMARK [1][-]{section.1}{\376\377\000I\000n\000t\000r\000o\000d\000u\000c\000t\000i\000o\000n\000:\000\040\000T\000h\000r\000e\000e\000\040\000C\000o\000n\000v\000e\000r\000g\000e\000n\000c\000e\000s}{}% 1
\BOOKMARK [1][-]{section.2}{\376\377\000N\000o\000r\000m\000a\000l\000i\000z\000a\000t\000i\000o\000n\000\040\000a\000s\000\040\000P\000r\000o\000j\000e\000c\000t\000i\000o\000n\000:\000\040\000T\000h\000e\000\040\000H\000y\000p\000e\000r\000s\000p\000h\000e\000r\000i\000c\000a\000l\000\040\000T\000u\000r\000n}{}% 2
\BOOKMARK [2][-]{subsection.2.1}{\376\377\000T\000h\000e\000\040\000S\000t\000r\000u\000c\000t\000u\000r\000e\000\040\000o\000f\000\040\000R\000e\000s\000i\000d\000u\000a\000l\000\040\000A\000c\000t\000i\000v\000a\000t\000i\000o\000n\000s}{section.2}% 3
\BOOKMARK [2][-]{subsection.2.2}{\376\377\000N\000o\000r\000m\000a\000l\000i\000z\000a\000t\000i\000o\000n\000\040\000a\000s\000\040\000a\000\040\000C\000a\000n\000o\000n\000i\000c\000a\000l\000\040\000Q\000u\000o\000t\000i\000e\000n\000t\000\040\000M\000a\000p}{section.2}% 4
\BOOKMARK [2][-]{subsection.2.3}{\376\377\000A\000n\000g\000u\000l\000a\000r\000\040\000S\000i\000m\000i\000l\000a\000r\000i\000t\000y\000\040\000a\000s\000\040\000t\000h\000e\000\040\000N\000a\000t\000u\000r\000a\000l\000\040\000M\000e\000t\000r\000i\000c}{section.2}% 5
\BOOKMARK [2][-]{subsection.2.4}{\376\377\000T\000h\000e\000\040\000A\000s\000t\000r\000o\000n\000o\000m\000i\000c\000a\000l\000\040\000A\000n\000a\000l\000o\000g\000y\000\040\000a\000n\000d\000\040\000D\000e\000g\000r\000e\000e\000-\000o\000f\000-\000F\000r\000e\000e\000d\000o\000m\000\040\000R\000e\000d\000u\000c\000t\000i\000o\000n}{section.2}% 6
\BOOKMARK [2][-]{subsection.2.5}{\376\377\000F\000i\000r\000s\000t\000\040\000S\000t\000r\000u\000c\000t\000u\000r\000a\000l\000\040\000O\000b\000s\000e\000r\000v\000a\000t\000i\000o\000n}{section.2}% 7
\BOOKMARK [1][-]{section.3}{\376\377\000C\000o\000n\000s\000t\000r\000a\000i\000n\000t\000\040\000C\000l\000u\000s\000t\000e\000r\000s\000,\000\040\000N\000o\000t\000\040\000C\000o\000n\000c\000e\000p\000t\000\040\000C\000l\000u\000s\000t\000e\000r\000s}{}% 8
\BOOKMARK [2][-]{subsection.3.1}{\376\377\000T\000h\000e\000\040\000G\000r\000a\000p\000h\000\040\000C\000o\000n\000s\000t\000r\000u\000c\000t\000i\000o\000n}{section.3}% 9
\BOOKMARK [2][-]{subsection.3.2}{\376\377\000T\000h\000e\000\040\000C\000e\000n\000t\000r\000a\000l\000\040\000A\000n\000o\000m\000a\000l\000y}{section.3}% 10
\BOOKMARK [2][-]{subsection.3.3}{\376\377\000T\000h\000e\000\040\000R\000a\000n\000k\000-\0002\000\040\000R\000e\000s\000u\000l\000t\000\040\000i\000n\000\040\000D\000e\000t\000a\000i\000l}{section.3}% 11
\BOOKMARK [2][-]{subsection.3.4}{\376\377\000P\000r\000o\000c\000e\000s\000s\000\040\000A\000t\000t\000r\000a\000c\000t\000o\000r\000s\000\040\000v\000e\000r\000s\000u\000s\000\040\000N\000o\000u\000n\000\040\000C\000l\000u\000s\000t\000e\000r\000s}{section.3}% 12
\BOOKMARK [2][-]{subsection.3.5}{\376\377\000S\000e\000c\000o\000n\000d\000\040\000S\000t\000r\000u\000c\000t\000u\000r\000a\000l\000\040\000O\000b\000s\000e\000r\000v\000a\000t\000i\000o\000n}{section.3}% 13
\BOOKMARK [1][-]{section.4}{\376\377\000T\000h\000e\000\040\000F\000u\000t\000u\000r\000e\000\040\000E\000q\000u\000i\000v\000a\000l\000e\000n\000c\000e\000\040\000P\000r\000i\000n\000c\000i\000p\000l\000e\000\040\000a\000n\000d\000\040\000t\000h\000e\000\040\000A\000d\000m\000i\000s\000s\000i\000b\000i\000l\000i\000t\000y\000\040\000F\000i\000e\000l\000d}{}% 14
\BOOKMARK [2][-]{subsection.4.1}{\376\377\000W\000h\000y\000\040\000C\000o\000s\000i\000n\000e\000\040\000S\000i\000m\000i\000l\000a\000r\000i\000t\000y\000\040\000I\000s\000\040\000t\000h\000e\000\040\000W\000r\000o\000n\000g\000\040\000M\000e\000t\000r\000i\000c}{section.4}% 15
\BOOKMARK [2][-]{subsection.4.2}{\376\377\000T\000h\000e\000\040\000R\000e\000a\000c\000h\000a\000b\000i\000l\000i\000t\000y\000\040\000O\000p\000e\000r\000a\000t\000o\000r}{section.4}% 16
\BOOKMARK [2][-]{subsection.4.3}{\376\377\000F\000u\000t\000u\000r\000e\000\040\000P\000r\000o\000x\000i\000m\000i\000t\000y\000\040\000a\000n\000d\000\040\000E\000x\000a\000c\000t\000\040\000E\000q\000u\000i\000v\000a\000l\000e\000n\000c\000e}{section.4}% 17
\BOOKMARK [2][-]{subsection.4.4}{\376\377\000T\000h\000e\000\040\000R\000e\000a\000c\000h\000a\000b\000i\000l\000i\000t\000y\000\040\000D\000e\000t\000e\000r\000m\000i\000n\000e\000s\000\040\000R\000e\000p\000r\000e\000s\000e\000n\000t\000a\000t\000i\000o\000n\000\040\000C\000o\000n\000j\000e\000c\000t\000u\000r\000e}{section.4}% 18
\BOOKMARK [2][-]{subsection.4.5}{\376\377\000T\000h\000e\000\040\000A\000d\000m\000i\000s\000s\000i\000b\000i\000l\000i\000t\000y\000\040\000F\000i\000e\000l\000d\000:\000\040\000F\000i\000r\000s\000t\000\040\000I\000n\000t\000r\000o\000d\000u\000c\000t\000i\000o\000n\000\040\000a\000n\000d\000\040\000I\000t\000s\000\040\000L\000i\000m\000i\000t\000a\000t\000i\000o\000n\000s}{section.4}% 19
\BOOKMARK [1][-]{section.5}{\376\377\000T\000h\000e\000\040\000G\000i\000a\000n\000t\000\040\000C\000o\000m\000p\000o\000n\000e\000n\000t\000\040\000a\000n\000d\000\040\000A\000d\000m\000i\000s\000s\000i\000b\000i\000l\000i\000t\000y\000\040\000T\000o\000p\000o\000l\000o\000g\000y}{}% 20
\BOOKMARK [2][-]{subsection.5.1}{\376\377\000T\000h\000e\000\040\000C\000o\000m\000p\000o\000n\000e\000n\000t\000\040\000S\000p\000e\000c\000t\000r\000u\000m}{section.5}% 21
\BOOKMARK [2][-]{subsection.5.2}{\376\377\000T\000h\000e\000\040\000P\000e\000r\000c\000o\000l\000a\000t\000i\000o\000n\000\040\000A\000n\000a\000l\000o\000g\000y}{section.5}% 22
\BOOKMARK [2][-]{subsection.5.3}{\376\377\000A\000d\000m\000i\000s\000s\000i\000b\000i\000l\000i\000t\000y\000\040\000D\000e\000n\000s\000i\000t\000y\000\040\000a\000n\000d\000\040\000t\000h\000e\000\040\000T\000o\000p\000o\000l\000o\000g\000i\000c\000a\000l\000\040\000D\000e\000c\000o\000m\000p\000o\000s\000i\000t\000i\000o\000n}{section.5}% 23
\BOOKMARK [2][-]{subsection.5.4}{\376\377\000A\000d\000m\000i\000s\000s\000i\000b\000i\000l\000i\000t\000y\000\040\000I\000s\000l\000a\000n\000d\000s\000\040\000a\000s\000\040\000L\000i\000n\000g\000u\000i\000s\000t\000i\000c\000\040\000E\000c\000o\000s\000y\000s\000t\000e\000m\000s}{section.5}% 24
\BOOKMARK [2][-]{subsection.5.5}{\376\377\000C\000o\000n\000n\000e\000c\000t\000i\000o\000n\000\040\000t\000o\000\040\000R\000S\000V\000P\000\040\000P\000h\000a\000s\000e\000\040\000S\000t\000r\000u\000c\000t\000u\000r\000e}{section.5}% 25
\BOOKMARK [2][-]{subsection.5.6}{\376\377\000T\000h\000i\000r\000d\000\040\000S\000t\000r\000u\000c\000t\000u\000r\000a\000l\000\040\000O\000b\000s\000e\000r\000v\000a\000t\000i\000o\000n}{section.5}% 26
\BOOKMARK [1][-]{section.6}{\376\377\000C\000o\000n\000s\000t\000r\000a\000i\000n\000t\000\040\000F\000i\000e\000l\000d\000s\000\040\000a\000n\000d\000\040\000N\000a\000t\000u\000r\000a\000l\000\040\000C\000o\000o\000r\000d\000i\000n\000a\000t\000e\000s\000:\000\040\000A\000\040\000B\000r\000i\000d\000g\000e}{}% 27
\BOOKMARK [2][-]{subsection.6.1}{\376\377\000T\000w\000o\000\040\000D\000e\000s\000c\000r\000i\000p\000t\000i\000o\000n\000s\000\040\000o\000f\000\040\000t\000h\000e\000\040\000S\000a\000m\000e\000\040\000G\000e\000o\000m\000e\000t\000r\000y}{section.6}% 28
\BOOKMARK [2][-]{subsection.6.2}{\376\377\000L\000e\000v\000e\000l\000\040\000S\000e\000t\000s\000\040\000a\000n\000d\000\040\000G\000r\000a\000d\000i\000e\000n\000t\000\040\000D\000i\000r\000e\000c\000t\000i\000o\000n\000s}{section.6}% 29
\BOOKMARK [2][-]{subsection.6.3}{\376\377\000T\000h\000e\000\040\000F\000u\000n\000d\000a\000m\000e\000n\000t\000a\000l\000\040\000G\000e\000o\000m\000e\000t\000r\000i\000c\000\040\000T\000r\000i\000a\000d}{section.6}% 30
\BOOKMARK [1][-]{section.7}{\376\377\000I\000C\000A\000\040\000a\000s\000\040\000N\000a\000t\000u\000r\000a\000l\000\040\000C\000l\000e\000a\000v\000a\000g\000e\000:\000\040\000S\000t\000a\000t\000i\000s\000t\000i\000c\000a\000l\000\040\000F\000r\000a\000c\000t\000u\000r\000e\000s\000\040\000i\000n\000\040\000A\000c\000t\000i\000v\000a\000t\000i\000o\000n\000\040\000S\000p\000a\000c\000e}{}% 31
\BOOKMARK [2][-]{subsection.7.1}{\376\377\000T\000h\000e\000\040\000I\000C\000A\000L\000e\000n\000s\000\040\000S\000e\000t\000u\000p}{section.7}% 32
\BOOKMARK [2][-]{subsection.7.2}{\376\377\000N\000o\000n\000-\000G\000a\000u\000s\000s\000i\000a\000n\000i\000t\000y\000\040\000a\000s\000\040\000C\000o\000n\000s\000t\000r\000a\000i\000n\000t\000\040\000S\000e\000l\000e\000c\000t\000i\000v\000i\000t\000y}{section.7}% 33
\BOOKMARK [2][-]{subsection.7.3}{\376\377\000I\000C\000A\000\040\000D\000i\000r\000e\000c\000t\000i\000o\000n\000s\000\040\000a\000s\000\040\000G\000r\000a\000d\000i\000e\000n\000t\000\040\000D\000i\000r\000e\000c\000t\000i\000o\000n\000s\000\040\000o\000f\000\040\000t\000h\000e\000\040\000A\000d\000m\000i\000s\000s\000i\000b\000i\000l\000i\000t\000y\000\040\000F\000i\000e\000l\000d}{section.7}% 34
\BOOKMARK [2][-]{subsection.7.4}{\376\377\000E\000f\000f\000e\000c\000t\000i\000v\000e\000\040\000R\000e\000c\000e\000p\000t\000i\000v\000e\000\040\000F\000i\000e\000l\000d\000\040\000a\000s\000\040\000C\000o\000r\000r\000e\000l\000a\000t\000i\000o\000n\000\040\000L\000e\000n\000g\000t\000h}{section.7}% 35
\BOOKMARK [2][-]{subsection.7.5}{\376\377\000I\000C\000A\000\040\000v\000e\000r\000s\000u\000s\000\040\000S\000A\000E\000:\000\040\000N\000a\000t\000u\000r\000a\000l\000\040\000C\000o\000o\000r\000d\000i\000n\000a\000t\000e\000s\000\040\000v\000e\000r\000s\000u\000s\000\040\000T\000r\000a\000i\000n\000e\000d\000\040\000D\000i\000c\000t\000i\000o\000n\000a\000r\000i\000e\000s}{section.7}% 36
\BOOKMARK [2][-]{subsection.7.6}{\376\377\000F\000o\000u\000r\000t\000h\000\040\000S\000t\000r\000u\000c\000t\000u\000r\000a\000l\000\040\000O\000b\000s\000e\000r\000v\000a\000t\000i\000o\000n}{section.7}% 37
\BOOKMARK [1][-]{section.8}{\376\377\000W\000M\000S\000D\000:\000\040\000V\000e\000l\000o\000c\000i\000t\000y\000\040\000F\000i\000e\000l\000d\000s\000\040\000O\000v\000e\000r\000\040\000P\000o\000s\000s\000i\000b\000i\000l\000i\000t\000y\000\040\000S\000p\000a\000c\000e}{}% 38
\BOOKMARK [2][-]{subsection.8.1}{\376\377\000T\000h\000e\000\040\000T\000e\000a\000c\000h\000e\000r\000-\000S\000t\000u\000d\000e\000n\000t\000\040\000A\000s\000y\000m\000m\000e\000t\000r\000y}{section.8}% 39
\BOOKMARK [2][-]{subsection.8.2}{\376\377\000W\000h\000a\000t\000\040\000t\000h\000e\000\040\000S\000t\000u\000d\000e\000n\000t\000\040\000M\000u\000s\000t\000\040\000L\000e\000a\000r\000n}{section.8}% 40
\BOOKMARK [2][-]{subsection.8.3}{\376\377\000T\000h\000e\000\040\000V\000e\000l\000o\000c\000i\000t\000y\000\040\000F\000i\000e\000l\000d\000\040\000F\000o\000r\000m\000a\000l\000i\000s\000m}{section.8}% 41
\BOOKMARK [2][-]{subsection.8.4}{\376\377\000P\000r\000o\000p\000o\000s\000i\000t\000i\000o\000n\000\040\0001\000:\000\040\000L\000o\000c\000a\000l\000\040\000A\000g\000r\000e\000e\000m\000e\000n\000t\000\040\000C\000o\000n\000t\000r\000o\000l\000s\000\040\000G\000l\000o\000b\000a\000l\000\040\000R\000e\000a\000c\000h\000a\000b\000i\000l\000i\000t\000y}{section.8}% 42
\BOOKMARK [2][-]{subsection.8.5}{\376\377\000F\000r\000o\000m\000\040\000T\000r\000a\000j\000e\000c\000t\000o\000r\000y\000\040\000S\000t\000a\000b\000i\000l\000i\000t\000y\000\040\000t\000o\000\040\000D\000i\000s\000t\000r\000i\000b\000u\000t\000i\000o\000n\000a\000l\000\040\000S\000t\000a\000b\000i\000l\000i\000t\000y}{section.8}% 43
\BOOKMARK [2][-]{subsection.8.6}{\376\377\000G\000e\000n\000e\000r\000a\000t\000i\000o\000n\000-\000V\000e\000r\000i\000f\000i\000c\000a\000t\000i\000o\000n\000\040\000A\000s\000y\000m\000m\000e\000t\000r\000y\000\040\000a\000s\000\040\000A\000d\000m\000i\000s\000s\000i\000b\000i\000l\000i\000t\000y\000\040\000F\000i\000l\000t\000e\000r\000i\000n\000g}{section.8}% 44
\BOOKMARK [2][-]{subsection.8.7}{\376\377\000F\000i\000f\000t\000h\000\040\000S\000t\000r\000u\000c\000t\000u\000r\000a\000l\000\040\000O\000b\000s\000e\000r\000v\000a\000t\000i\000o\000n}{section.8}% 45
\BOOKMARK [1][-]{section.9}{\376\377\000D\000i\000s\000t\000i\000l\000l\000a\000t\000i\000o\000n\000\040\000a\000s\000\040\000A\000d\000m\000i\000s\000s\000i\000b\000i\000l\000i\000t\000y\000-\000P\000r\000e\000s\000e\000r\000v\000i\000n\000g\000\040\000P\000r\000o\000j\000e\000c\000t\000i\000o\000n}{}% 46
\BOOKMARK [2][-]{subsection.9.1}{\376\377\000T\000h\000e\000\040\000C\000o\000m\000p\000r\000e\000s\000s\000i\000o\000n\000\040\000Q\000u\000e\000s\000t\000i\000o\000n}{section.9}% 47
\BOOKMARK [2][-]{subsection.9.2}{\376\377\000T\000h\000e\000\040\000T\000a\000s\000k\000\040\000S\000u\000f\000f\000i\000c\000i\000e\000n\000c\000y\000\040\000P\000r\000o\000j\000e\000c\000t\000i\000o\000n\000\040\000P\000r\000i\000n\000c\000i\000p\000l\000e}{section.9}% 48
\BOOKMARK [2][-]{subsection.9.3}{\376\377\000T\000h\000e\000\040\000R\000o\000l\000e\000\040\000o\000f\000\040\000t\000h\000e\000\040\000R\000e\000w\000a\000r\000d\000\040\000i\000n\000\040\000R\000e\000s\000h\000a\000p\000i\000n\000g\000\040\000t\000h\000e\000\040\000G\000e\000o\000m\000e\000t\000r\000y}{section.9}% 49
\BOOKMARK [2][-]{subsection.9.4}{\376\377\000D\000e\000t\000a\000i\000l\000e\000d\000\040\000I\000n\000s\000t\000r\000u\000c\000t\000i\000o\000n\000s\000\040\000a\000s\000\040\000P\000r\000o\000j\000e\000c\000t\000i\000o\000n\000\040\000A\000r\000t\000i\000f\000a\000c\000t\000s}{section.9}% 50
\BOOKMARK [1][-]{section.10}{\376\377\000F\000r\000o\000z\000e\000n\000\040\000P\000r\000o\000c\000e\000s\000s\000e\000s\000\040\000a\000n\000d\000\040\000t\000h\000e\000\040\000O\000n\000t\000o\000l\000o\000g\000i\000c\000a\000l\000\040\000I\000n\000v\000e\000r\000s\000i\000o\000n}{}% 51
\BOOKMARK [2][-]{subsection.10.1}{\376\377\000A\000\040\000R\000e\000c\000u\000r\000r\000i\000n\000g\000\040\000P\000a\000t\000t\000e\000r\000n}{section.10}% 52
\BOOKMARK [2][-]{subsection.10.2}{\376\377\000T\000h\000e\000\040\000E\000m\000p\000i\000r\000i\000c\000a\000l\000\040\000I\000n\000v\000e\000r\000s\000i\000o\000n\000\040\000T\000a\000b\000l\000e}{section.10}% 53
\BOOKMARK [2][-]{subsection.10.3}{\376\377\000N\000o\000u\000n\000s\000\040\000a\000s\000\040\000F\000r\000o\000z\000e\000n\000\040\000V\000e\000r\000b\000s\000:\000\040\000A\000\040\000M\000e\000c\000h\000a\000n\000i\000s\000t\000i\000c\000\040\000R\000e\000a\000d\000i\000n\000g}{section.10}% 54
\BOOKMARK [2][-]{subsection.10.4}{\376\377\000T\000h\000e\000\040\000I\000n\000v\000e\000r\000s\000i\000o\000n\000\040\000a\000s\000\040\000E\000m\000p\000i\000r\000i\000c\000a\000l\000\040\000C\000o\000n\000s\000e\000q\000u\000e\000n\000c\000e}{section.10}% 55
\BOOKMARK [1][-]{section.11}{\376\377\000T\000h\000e\000\040\000A\000d\000m\000i\000s\000s\000i\000b\000i\000l\000i\000t\000y\000\040\000F\000i\000e\000l\000d\000\040\000H\000y\000p\000o\000t\000h\000e\000s\000i\000s}{}% 56
\BOOKMARK [2][-]{subsection.11.1}{\376\377\000A\000\040\000N\000o\000t\000e\000\040\000o\000n\000\040\000O\000n\000t\000o\000l\000o\000g\000i\000c\000a\000l\000\040\000S\000t\000a\000t\000u\000s}{section.11}% 57
\BOOKMARK [2][-]{subsection.11.2}{\376\377\000T\000h\000e\000\040\000R\000e\000a\000c\000h\000a\000b\000i\000l\000i\000t\000y\000\040\000B\000u\000n\000d\000l\000e\000\040\000a\000n\000d\000\040\000t\000h\000e\000\040\000R\000e\000a\000c\000h\000a\000b\000i\000l\000i\000t\000y\000\040\000M\000e\000t\000r\000i\000c}{section.11}% 58
\BOOKMARK [2][-]{subsection.11.3}{\376\377\000T\000h\000e\000\040\000G\000e\000o\000m\000e\000t\000r\000i\000c\000\040\000I\000n\000t\000e\000r\000p\000r\000e\000t\000a\000b\000i\000l\000i\000t\000y\000\040\000C\000o\000r\000r\000e\000s\000p\000o\000n\000d\000e\000n\000c\000e}{section.11}% 59
\BOOKMARK [2][-]{subsection.11.4}{\376\377\000F\000o\000r\000m\000a\000l\000\040\000D\000e\000f\000i\000n\000i\000t\000i\000o\000n\000\040\000o\000f\000\040\000t\000h\000e\000\040\000A\000d\000m\000i\000s\000s\000i\000b\000i\000l\000i\000t\000y\000\040\000F\000i\000e\000l\000d}{section.11}% 60
\BOOKMARK [2][-]{subsection.11.5}{\376\377\000T\000h\000e\000\040\000F\000o\000u\000r\000\040\000M\000e\000a\000s\000u\000r\000e\000m\000e\000n\000t\000s}{section.11}% 61
\BOOKMARK [2][-]{subsection.11.6}{\376\377\000T\000h\000e\000\040\000S\000y\000n\000t\000h\000e\000s\000i\000s\000\040\000P\000r\000o\000g\000r\000e\000s\000s\000i\000o\000n}{section.11}% 62
\BOOKMARK [2][-]{subsection.11.7}{\376\377\000T\000h\000e\000\040\000E\000R\000F\000\040\000G\000r\000e\000e\000n\000'\000s\000\040\000F\000u\000n\000c\000t\000i\000o\000n\000\040\000C\000o\000n\000j\000e\000c\000t\000u\000r\000e}{section.11}% 63
\BOOKMARK [2][-]{subsection.11.8}{\376\377\000O\000p\000e\000n\000\040\000F\000o\000r\000m\000a\000l\000\040\000Q\000u\000e\000s\000t\000i\000o\000n\000s}{section.11}% 64
\BOOKMARK [1][-]{section.12}{\376\377\000P\000r\000e\000d\000i\000c\000t\000i\000o\000n\000s\000\040\000a\000n\000d\000\040\000F\000a\000l\000s\000i\000f\000i\000c\000a\000t\000i\000o\000n\000\040\000C\000r\000i\000t\000e\000r\000i\000a}{}% 65
\BOOKMARK [1][-]{section.13}{\376\377\000C\000o\000n\000c\000l\000u\000s\000i\000o\000n}{}% 66
\BOOKMARK [2][-]{subsection.13.1}{\376\377\000S\000u\000m\000m\000a\000r\000y\000\040\000o\000f\000\040\000t\000h\000e\000\040\000A\000r\000g\000u\000m\000e\000n\000t}{section.13}% 67
\BOOKMARK [2][-]{subsection.13.2}{\376\377\000I\000m\000p\000l\000i\000c\000a\000t\000i\000o\000n\000s\000\040\000f\000o\000r\000\040\000I\000n\000t\000e\000r\000p\000r\000e\000t\000a\000b\000i\000l\000i\000t\000y}{section.13}% 68
\BOOKMARK [2][-]{subsection.13.3}{\376\377\000I\000m\000p\000l\000i\000c\000a\000t\000i\000o\000n\000s\000\040\000f\000o\000r\000\040\000A\000l\000i\000g\000n\000m\000e\000n\000t}{section.13}% 69
\BOOKMARK [2][-]{subsection.13.4}{\376\377\000T\000h\000e\000\040\000B\000r\000o\000a\000d\000e\000r\000\040\000C\000o\000n\000v\000e\000r\000g\000e\000n\000c\000e}{section.13}% 70
