\BOOKMARK [0][-]{chapter*.1}{\376\377\000A\000b\000s\000t\000r\000a\000c\000t}{}% 1
\BOOKMARK [0][-]{chapter.1}{\376\377\000I\000n\000t\000r\000o\000d\000u\000c\000t\000i\000o\000n\000:\000\040\000T\000h\000e\000\040\000P\000r\000e\000d\000i\000c\000t\000i\000o\000n\000\040\000A\000s\000s\000u\000m\000p\000t\000i\000o\000n}{}% 2
\BOOKMARK [1][-]{section.1.1}{\376\377\000T\000h\000e\000\040\000S\000t\000a\000n\000d\000a\000r\000d\000\040\000S\000t\000o\000r\000y}{chapter.1}% 3
\BOOKMARK [1][-]{section.1.2}{\376\377\000T\000h\000e\000\040\000C\000e\000n\000t\000r\000a\000l\000\040\000T\000h\000e\000s\000i\000s}{chapter.1}% 4
\BOOKMARK [1][-]{section.1.3}{\376\377\000A\000\040\000M\000o\000t\000i\000v\000a\000t\000i\000n\000g\000\040\000O\000b\000s\000e\000r\000v\000a\000t\000i\000o\000n}{chapter.1}% 5
\BOOKMARK [1][-]{section.1.4}{\376\377\000A\000\040\000C\000o\000n\000c\000r\000e\000t\000e\000\040\000E\000n\000t\000r\000y\000\040\000P\000o\000i\000n\000t\000:\000\040\000T\000h\000e\000\040\000F\000r\000o\000z\000e\000n\000\040\000A\000r\000c\000h\000i\000v\000e}{chapter.1}% 6
\BOOKMARK [1][-]{section.1.5}{\376\377\000S\000t\000r\000u\000c\000t\000u\000r\000e\000\040\000o\000f\000\040\000t\000h\000e\000\040\000M\000o\000n\000o\000g\000r\000a\000p\000h}{chapter.1}% 7
\BOOKMARK [0][-]{chapter.2}{\376\377\000T\000h\000e\000\040\000F\000a\000i\000l\000u\000r\000e\000\040\000o\000f\000\040\000O\000b\000j\000e\000c\000t\000-\000C\000e\000n\000t\000r\000i\000c\000\040\000T\000h\000i\000n\000k\000i\000n\000g}{}% 8
\BOOKMARK [1][-]{section.2.1}{\376\377\000A\000\040\000R\000e\000c\000u\000r\000r\000i\000n\000g\000\040\000P\000a\000t\000t\000e\000r\000n}{chapter.2}% 9
\BOOKMARK [1][-]{section.2.2}{\376\377\000E\000x\000a\000m\000p\000l\000e\000s\000\040\000A\000c\000r\000o\000s\000s\000\040\000D\000o\000m\000a\000i\000n\000s}{chapter.2}% 10
\BOOKMARK [2][-]{subsection.2.2.1}{\376\377\000M\000e\000m\000o\000r\000y}{section.2.2}% 11
\BOOKMARK [2][-]{subsection.2.2.2}{\376\377\000I\000d\000e\000n\000t\000i\000t\000y\000\040\000a\000n\000d\000\040\000R\000e\000p\000a\000i\000r}{section.2.2}% 12
\BOOKMARK [2][-]{subsection.2.2.3}{\376\377\000P\000r\000o\000g\000r\000a\000m\000s\000\040\000a\000n\000d\000\040\000S\000o\000f\000t\000w\000a\000r\000e}{section.2.2}% 13
\BOOKMARK [2][-]{subsection.2.2.4}{\376\377\000I\000n\000s\000t\000i\000t\000u\000t\000i\000o\000n\000s}{section.2.2}% 14
\BOOKMARK [1][-]{section.2.3}{\376\377\000T\000h\000e\000\040\000G\000e\000n\000e\000r\000a\000l\000\040\000S\000t\000r\000u\000c\000t\000u\000r\000e}{chapter.2}% 15
\BOOKMARK [0][-]{chapter.3}{\376\377\000S\000e\000a\000r\000c\000h\000\040\000I\000s\000\040\000N\000a\000v\000i\000g\000a\000t\000i\000o\000n}{}% 16
\BOOKMARK [1][-]{section.3.1}{\376\377\000T\000w\000o\000\040\000M\000o\000d\000e\000l\000s\000\040\000o\000f\000\040\000I\000n\000t\000e\000l\000l\000i\000g\000e\000n\000c\000e}{chapter.3}% 17
\BOOKMARK [1][-]{section.3.2}{\376\377\000W\000h\000y\000\040\000N\000a\000v\000i\000g\000a\000t\000i\000o\000n\000\040\000G\000e\000n\000e\000r\000a\000l\000i\000s\000e\000s\000\040\000S\000e\000a\000r\000c\000h}{chapter.3}% 18
\BOOKMARK [1][-]{section.3.3}{\376\377\000T\000h\000e\000\040\000V\000o\000c\000a\000b\000u\000l\000a\000r\000y\000\040\000S\000i\000m\000p\000l\000e\000x\000\040\000a\000s\000\040\000N\000a\000v\000i\000g\000a\000t\000i\000o\000n\000\040\000S\000p\000a\000c\000e}{chapter.3}% 19
\BOOKMARK [0][-]{chapter.4}{\376\377\000I\000n\000d\000u\000s\000t\000r\000i\000a\000l\000\040\000C\000o\000n\000v\000e\000r\000g\000e\000n\000c\000e\000\040\000T\000o\000w\000a\000r\000d\000\040\000R\000e\000a\000c\000h\000a\000b\000i\000l\000i\000t\000y}{}% 20
\BOOKMARK [1][-]{section.4.1}{\376\377\000A\000n\000\040\000I\000n\000d\000e\000p\000e\000n\000d\000e\000n\000t\000\040\000C\000o\000n\000f\000i\000r\000m\000a\000t\000i\000o\000n}{chapter.4}% 21
\BOOKMARK [1][-]{section.4.2}{\376\377\000F\000r\000o\000m\000\040\000F\000L\000O\000P\000s\000\040\000t\000o\000\040\000A\000d\000m\000i\000s\000s\000i\000b\000i\000l\000i\000t\000y}{chapter.4}% 22
\BOOKMARK [1][-]{section.4.3}{\376\377\000A\000I\000+\000H\000W\000\040\000a\000s\000\040\000a\000n\000\040\000R\000S\000V\000P\000\040\000F\000i\000e\000l\000d}{chapter.4}% 23
\BOOKMARK [1][-]{section.4.4}{\376\377\000T\000h\000e\000\040\000C\000L\000I\000O\000\040\000F\000a\000i\000l\000u\000r\000e\000\040\000o\000f\000\040\000C\000u\000r\000r\000e\000n\000t\000\040\000M\000e\000t\000r\000i\000c\000s}{chapter.4}% 24
\BOOKMARK [1][-]{section.4.5}{\376\377\000C\000o\000n\000v\000e\000r\000g\000e\000n\000c\000e\000\040\000W\000i\000t\000h\000o\000u\000t\000\040\000C\000o\000m\000m\000o\000n\000\040\000L\000a\000n\000g\000u\000a\000g\000e}{chapter.4}% 25
\BOOKMARK [0][-]{chapter.5}{\376\377\000T\000h\000e\000\040\000B\000e\000b\000o\000p\000\040\000R\000e\000s\000u\000l\000t\000:\000\040\000O\000v\000e\000r\000l\000a\000p\000\040\000G\000o\000v\000e\000r\000n\000s\000\040\000A\000c\000c\000e\000p\000t\000a\000n\000c\000e}{}% 26
\BOOKMARK [1][-]{section.5.1}{\376\377\000B\000a\000c\000k\000g\000r\000o\000u\000n\000d\000:\000\040\000S\000p\000e\000c\000u\000l\000a\000t\000i\000v\000e\000\040\000D\000e\000c\000o\000d\000i\000n\000g\000\040\000a\000n\000d\000\040\000M\000T\000P}{chapter.5}% 27
\BOOKMARK [1][-]{section.5.2}{\376\377\000T\000h\000e\000\040\000S\000t\000a\000n\000d\000a\000r\000d\000\040\000E\000x\000p\000l\000a\000n\000a\000t\000i\000o\000n\000\040\000a\000n\000d\000\040\000I\000t\000s\000\040\000L\000i\000m\000i\000t\000a\000t\000i\000o\000n}{chapter.5}% 28
\BOOKMARK [1][-]{section.5.3}{\376\377\000T\000h\000e\000\040\000A\000c\000c\000e\000p\000t\000a\000n\000c\000e\000\040\000R\000a\000t\000e\000\040\000D\000e\000r\000i\000v\000a\000t\000i\000o\000n\000s}{chapter.5}% 29
\BOOKMARK [2][-]{subsection.5.3.1}{\376\377\000T\000a\000r\000g\000e\000t\000-\000O\000n\000l\000y\000\040\000S\000a\000m\000p\000l\000i\000n\000g}{section.5.3}% 30
\BOOKMARK [2][-]{subsection.5.3.2}{\376\377\000R\000e\000j\000e\000c\000t\000i\000o\000n\000\040\000S\000a\000m\000p\000l\000i\000n\000g}{section.5.3}% 31
\BOOKMARK [2][-]{subsection.5.3.3}{\376\377\000T\000h\000e\000\040\000T\000V\000\040\000L\000o\000s\000s}{section.5.3}% 32
\BOOKMARK [2][-]{subsection.5.3.4}{\376\377\000M\000u\000l\000t\000i\000-\000S\000t\000e\000p\000\040\000A\000c\000c\000e\000p\000t\000a\000n\000c\000e}{section.5.3}% 33
\BOOKMARK [1][-]{section.5.4}{\376\377\000T\000h\000e\000\040\000K\000e\000y\000\040\000E\000m\000p\000i\000r\000i\000c\000a\000l\000\040\000R\000e\000s\000u\000l\000t}{chapter.5}% 34
\BOOKMARK [1][-]{section.5.5}{\376\377\000W\000h\000a\000t\000\040\000t\000h\000e\000\040\000R\000e\000s\000u\000l\000t\000\040\000S\000h\000o\000w\000s}{chapter.5}% 35
\BOOKMARK [0][-]{chapter.6}{\376\377\000A\000\040\000H\000i\000e\000r\000a\000r\000c\000h\000y\000\040\000o\000f\000\040\000F\000u\000t\000u\000r\000e\000\040\000O\000r\000i\000e\000n\000t\000a\000t\000i\000o\000n}{}% 36
\BOOKMARK [1][-]{section.6.1}{\376\377\000F\000o\000u\000r\000\040\000L\000e\000v\000e\000l\000s\000\040\000o\000f\000\040\000D\000e\000s\000c\000r\000i\000p\000t\000i\000o\000n}{chapter.6}% 37
\BOOKMARK [1][-]{section.6.2}{\376\377\000L\000e\000v\000e\000l\000\040\0000\000:\000\040\000T\000o\000k\000e\000n\000\040\000P\000r\000e\000d\000i\000c\000t\000i\000o\000n}{chapter.6}% 38
\BOOKMARK [1][-]{section.6.3}{\376\377\000L\000e\000v\000e\000l\000\040\0001\000:\000\040\000D\000i\000s\000t\000r\000i\000b\000u\000t\000i\000o\000n\000a\000l\000\040\000O\000v\000e\000r\000l\000a\000p}{chapter.6}% 39
\BOOKMARK [1][-]{section.6.4}{\376\377\000L\000e\000v\000e\000l\000\040\0002\000:\000\040\000R\000e\000a\000c\000h\000a\000b\000l\000e\000\040\000T\000r\000a\000j\000e\000c\000t\000o\000r\000y\000\040\000O\000v\000e\000r\000l\000a\000p}{chapter.6}% 40
\BOOKMARK [1][-]{section.6.5}{\376\377\000L\000e\000v\000e\000l\000\040\0003\000:\000\040\000A\000d\000m\000i\000s\000s\000i\000b\000i\000l\000i\000t\000y\000\040\000O\000v\000e\000r\000l\000a\000p}{chapter.6}% 41
\BOOKMARK [2][-]{subsection.6.5.1}{\376\377\000T\000V\000\040\000O\000v\000e\000r\000l\000a\000p\000\040\000a\000s\000\040\000a\000\040\000P\000r\000o\000j\000e\000c\000t\000i\000o\000n\000\040\000o\000f\000\040\000T\000r\000a\000j\000e\000c\000t\000o\000r\000y\000\040\000O\000v\000e\000r\000l\000a\000p}{section.6.5}% 42
\BOOKMARK [1][-]{section.6.6}{\376\377\000E\000a\000c\000h\000\040\000L\000e\000v\000e\000l\000\040\000S\000u\000b\000s\000u\000m\000e\000s\000\040\000t\000h\000e\000\040\000P\000r\000e\000v\000i\000o\000u\000s}{chapter.6}% 43
\BOOKMARK [1][-]{section.6.7}{\376\377\000L\000e\000v\000e\000l\000\040\0004\000:\000\040\000O\000n\000t\000o\000l\000o\000g\000i\000c\000a\000l\000\040\000R\000e\000a\000c\000h\000a\000b\000i\000l\000i\000t\000y}{chapter.6}% 44
\BOOKMARK [0][-]{chapter.7}{\376\377\000E\000n\000t\000r\000o\000p\000y\000\040\000a\000s\000\040\000P\000r\000o\000x\000y\000\040\000f\000o\000r\000\040\000A\000d\000m\000i\000s\000s\000i\000b\000l\000e\000\040\000V\000o\000l\000u\000m\000e}{}% 45
\BOOKMARK [1][-]{section.7.1}{\376\377\000T\000h\000e\000\040\000S\000t\000a\000n\000d\000a\000r\000d\000\040\000E\000n\000t\000r\000o\000p\000y\000\040\000S\000t\000o\000r\000y}{chapter.7}% 46
\BOOKMARK [1][-]{section.7.2}{\376\377\000T\000h\000e\000\040\000G\000e\000o\000m\000e\000t\000r\000i\000c\000\040\000R\000e\000i\000n\000t\000e\000r\000p\000r\000e\000t\000a\000t\000i\000o\000n}{chapter.7}% 47
\BOOKMARK [1][-]{section.7.3}{\376\377\000A\000d\000m\000i\000s\000s\000i\000b\000l\000e\000\040\000V\000o\000l\000u\000m\000e\000\040\000a\000s\000\040\000t\000h\000e\000\040\000F\000u\000n\000d\000a\000m\000e\000n\000t\000a\000l\000\040\000V\000a\000r\000i\000a\000b\000l\000e}{chapter.7}% 48
\BOOKMARK [2][-]{subsection.7.3.1}{\376\377\000A\000d\000m\000i\000s\000s\000i\000b\000i\000l\000i\000t\000y\000\040\000I\000s\000\040\000N\000o\000t\000\040\000S\000u\000p\000p\000o\000r\000t}{section.7.3}% 49
\BOOKMARK [2][-]{subsection.7.3.2}{\376\377\000F\000r\000o\000m\000\040\000E\000n\000t\000r\000o\000p\000y\000\040\000t\000o\000\040\000D\000e\000f\000i\000c\000i\000t}{section.7.3}% 50
\BOOKMARK [1][-]{section.7.4}{\376\377\000B\000r\000e\000a\000k\000i\000n\000g\000\040\000t\000h\000e\000\040\000E\000n\000t\000r\000o\000p\000y\000\040\000B\000o\000u\000n\000d\000\040\000v\000s\000.\000\040\000B\000y\000p\000a\000s\000s\000i\000n\000g\000\040\000I\000t}{chapter.7}% 51
\BOOKMARK [0][-]{chapter.8}{\376\377\000C\000L\000I\000O\000:\000\040\000P\000r\000o\000j\000e\000c\000t\000i\000o\000n\000\040\000a\000n\000d\000\040\000A\000d\000m\000i\000s\000s\000i\000b\000i\000l\000i\000t\000y}{}% 52
\BOOKMARK [1][-]{section.8.1}{\376\377\000T\000h\000e\000\040\000C\000L\000I\000O\000\040\000F\000r\000a\000m\000e\000w\000o\000r\000k}{chapter.8}% 53
\BOOKMARK [1][-]{section.8.2}{\376\377\000T\000h\000e\000\040\000D\000r\000a\000f\000t\000\040\000H\000e\000a\000d\000\040\000a\000s\000\040\000a\000\040\000P\000r\000o\000j\000e\000c\000t\000i\000o\000n\000\040\000O\000p\000e\000r\000a\000t\000o\000r}{chapter.8}% 54
\BOOKMARK [1][-]{section.8.3}{\376\377\000C\000E\000\040\000v\000s\000.\000\040\000T\000V\000\040\000T\000h\000r\000o\000u\000g\000h\000\040\000t\000h\000e\000\040\000C\000L\000I\000O\000\040\000L\000e\000n\000s}{chapter.8}% 55
\BOOKMARK [1][-]{section.8.4}{\376\377\000R\000e\000p\000r\000e\000s\000e\000n\000t\000a\000t\000i\000o\000n\000a\000l\000\040\000E\000n\000t\000r\000o\000p\000y\000\040\000a\000n\000d\000\040\000P\000o\000l\000i\000c\000y\000\040\000E\000n\000t\000r\000o\000p\000y}{chapter.8}% 56
\BOOKMARK [0][-]{chapter.9}{\376\377\000R\000S\000V\000P\000:\000\040\000A\000\040\000F\000i\000e\000l\000d\000-\000T\000h\000e\000o\000r\000e\000t\000i\000c\000\040\000T\000r\000a\000n\000s\000l\000a\000t\000i\000o\000n}{}% 57
\BOOKMARK [1][-]{section.9.1}{\376\377\000T\000h\000e\000\040\000R\000S\000V\000P\000\040\000F\000r\000a\000m\000e\000w\000o\000r\000k}{chapter.9}% 58
\BOOKMARK [1][-]{section.9.2}{\376\377\000S\000p\000e\000c\000u\000l\000a\000t\000i\000v\000e\000\040\000D\000e\000c\000o\000d\000i\000n\000g\000\040\000a\000s\000\040\000F\000i\000e\000l\000d\000\040\000T\000r\000a\000n\000s\000p\000o\000r\000t}{chapter.9}% 59
\BOOKMARK [1][-]{section.9.3}{\376\377\000R\000L\000\040\000a\000s\000\040\000M\000e\000t\000r\000i\000c\000\040\000D\000e\000f\000o\000r\000m\000a\000t\000i\000o\000n}{chapter.9}% 60
\BOOKMARK [1][-]{section.9.4}{\376\377\000C\000E\000\040\000I\000s\000\040\000P\000o\000i\000n\000t\000w\000i\000s\000e\000;\000\040\000T\000V\000\040\000I\000s\000\040\000G\000e\000o\000m\000e\000t\000r\000i\000c}{chapter.9}% 61
\BOOKMARK [0][-]{chapter.10}{\376\377\000R\000e\000p\000a\000i\000r\000\040\000a\000n\000d\000\040\000F\000u\000t\000u\000r\000e\000\040\000P\000r\000e\000s\000e\000r\000v\000a\000t\000i\000o\000n}{}% 62
\BOOKMARK [1][-]{section.10.1}{\376\377\000R\000e\000p\000a\000i\000r\000\040\000a\000s\000\040\000A\000d\000m\000i\000s\000s\000i\000b\000i\000l\000i\000t\000y\000-\000P\000r\000e\000s\000e\000r\000v\000a\000t\000i\000o\000n}{chapter.10}% 63
\BOOKMARK [1][-]{section.10.2}{\376\377\000T\000h\000e\000\040\000B\000e\000b\000o\000p\000\040\000R\000e\000s\000u\000l\000t\000\040\000a\000s\000\040\000a\000n\000\040\000I\000n\000s\000t\000a\000n\000c\000e\000\040\000o\000f\000\040\000R\000e\000p\000a\000i\000r\000\040\000T\000h\000e\000o\000r\000y}{chapter.10}% 64
\BOOKMARK [1][-]{section.10.3}{\376\377\000T\000h\000e\000\040\000S\000h\000i\000p\000\040\000o\000f\000\040\000T\000h\000e\000s\000e\000u\000s\000\040\000i\000n\000\040\000D\000i\000s\000t\000r\000i\000b\000u\000t\000i\000o\000n\000\040\000S\000p\000a\000c\000e}{chapter.10}% 65
\BOOKMARK [1][-]{section.10.4}{\376\377\000I\000m\000p\000l\000i\000c\000a\000t\000i\000o\000n\000s\000\040\000f\000o\000r\000\040\000C\000o\000n\000t\000i\000n\000u\000a\000l\000\040\000L\000e\000a\000r\000n\000i\000n\000g}{chapter.10}% 66
\BOOKMARK [0][-]{chapter.11}{\376\377\000T\000h\000e\000\040\000R\000e\000m\000a\000t\000c\000h\000i\000n\000g\000\040\000A\000r\000c\000h\000i\000v\000e\000:\000\040\000A\000d\000m\000i\000s\000s\000i\000b\000i\000l\000i\000t\000y\000\040\000M\000a\000d\000e\000\040\000O\000p\000e\000r\000a\000t\000i\000o\000n\000a\000l}{}% 67
\BOOKMARK [1][-]{section.11.1}{\376\377\000F\000r\000o\000m\000\040\000P\000r\000i\000n\000c\000i\000p\000l\000e\000\040\000t\000o\000\040\000R\000u\000n\000n\000i\000n\000g\000\040\000S\000y\000s\000t\000e\000m}{chapter.11}% 68
\BOOKMARK [1][-]{section.11.2}{\376\377\000T\000h\000e\000\040\000A\000d\000m\000i\000s\000s\000i\000b\000i\000l\000i\000t\000y\000\040\000L\000o\000g\000\040\000a\000n\000d\000\040\000t\000h\000e\000\040\000C\000o\000m\000p\000r\000e\000s\000s\000i\000o\000n\000\040\000S\000t\000a\000i\000r\000c\000a\000s\000e}{chapter.11}% 69
\BOOKMARK [1][-]{section.11.3}{\376\377\000T\000h\000e\000\040\000O\000n\000t\000o\000l\000o\000g\000i\000c\000a\000l\000\040\000D\000e\000f\000i\000c\000i\000t\000\040\000a\000s\000\040\000a\000\040\000M\000e\000a\000s\000u\000r\000e\000d\000\040\000Q\000u\000a\000n\000t\000i\000t\000y}{chapter.11}% 70
\BOOKMARK [1][-]{section.11.4}{\376\377\000C\000o\000l\000l\000a\000p\000s\000e\000\040\000E\000v\000e\000n\000t\000s\000\040\000a\000s\000\040\000P\000h\000a\000s\000e\000\040\000T\000r\000a\000n\000s\000i\000t\000i\000o\000n\000s}{chapter.11}% 71
\BOOKMARK [1][-]{section.11.5}{\376\377\000M\000u\000l\000t\000i\000m\000o\000d\000a\000l\000\040\000R\000e\000a\000c\000h\000a\000b\000i\000l\000i\000t\000y\000\040\000a\000n\000d\000\040\000t\000h\000e\000\040\000W\000o\000r\000l\000d\000-\000M\000o\000d\000e\000l\000\040\000C\000r\000o\000s\000s\000o\000v\000e\000r}{chapter.11}% 72
\BOOKMARK [1][-]{section.11.6}{\376\377\000T\000h\000e\000\040\000A\000r\000c\000h\000i\000v\000e\000\040\000a\000s\000\040\000a\000n\000\040\000R\000S\000V\000P\000\040\000A\000p\000p\000a\000r\000a\000t\000u\000s}{chapter.11}% 73
\BOOKMARK [2][-]{subsection.11.6.1}{\376\377\000A\000n\000\040\000O\000r\000d\000e\000r\000\040\000P\000a\000r\000a\000m\000e\000t\000e\000r\000\040\000f\000o\000r\000\040\000U\000n\000d\000e\000r\000s\000t\000a\000n\000d\000i\000n\000g}{section.11.6}% 74
\BOOKMARK [2][-]{subsection.11.6.2}{\376\377\000T\000h\000e\000\040\000D\000e\000f\000i\000c\000i\000t\000\040\000W\000i\000t\000h\000o\000u\000t\000\040\000a\000n\000\040\000O\000r\000a\000c\000l\000e}{section.11.6}% 75
\BOOKMARK [1][-]{section.11.7}{\376\377\000F\000i\000l\000e\000\040\000S\000i\000z\000e\000\040\000a\000s\000\040\000a\000\040\000R\000e\000l\000a\000t\000i\000o\000n\000a\000l\000\040\000P\000r\000o\000p\000e\000r\000t\000y}{chapter.11}% 76
\BOOKMARK [1][-]{section.11.8}{\376\377\000K\000n\000o\000w\000l\000e\000d\000g\000e\000\040\000a\000s\000\040\000N\000a\000v\000i\000g\000a\000t\000i\000o\000n\000\040\000i\000n\000\040\000t\000h\000e\000\040\000A\000r\000c\000h\000i\000v\000e}{chapter.11}% 77
\BOOKMARK [0][-]{chapter.12}{\376\377\000C\000o\000m\000p\000r\000e\000s\000s\000i\000o\000n\000,\000\040\000R\000e\000a\000c\000h\000a\000b\000i\000l\000i\000t\000y\000,\000\040\000a\000n\000d\000\040\000t\000h\000e\000\040\000N\000a\000t\000u\000r\000e\000\040\000o\000f\000\040\000E\000x\000p\000l\000a\000n\000a\000t\000i\000o\000n}{}% 78
\BOOKMARK [1][-]{section.12.1}{\376\377\000T\000h\000e\000\040\000Q\000u\000e\000s\000t\000i\000o\000n\000\040\000B\000e\000h\000i\000n\000d\000\040\000t\000h\000e\000\040\000A\000r\000c\000h\000i\000v\000e}{chapter.12}% 79
\BOOKMARK [1][-]{section.12.2}{\376\377\000R\000e\000a\000c\000h\000a\000b\000l\000e\000\040\000D\000e\000s\000c\000r\000i\000p\000t\000i\000o\000n\000\040\000S\000p\000a\000c\000e}{chapter.12}% 80
\BOOKMARK [1][-]{section.12.3}{\376\377\000O\000n\000t\000o\000l\000o\000g\000i\000c\000a\000l\000\040\000D\000e\000f\000i\000c\000i\000t\000\040\000a\000s\000\040\000t\000h\000e\000\040\000T\000r\000u\000e\000\040\000M\000e\000a\000s\000u\000r\000e\000\040\000o\000f\000\040\000I\000g\000n\000o\000r\000a\000n\000c\000e}{chapter.12}% 81
\BOOKMARK [1][-]{section.12.4}{\376\377\000T\000h\000e\000\040\000C\000o\000l\000l\000a\000p\000s\000e\000\040\000S\000t\000a\000i\000r\000c\000a\000s\000e\000\040\000f\000r\000o\000m\000\040\000R\000e\000a\000c\000h\000a\000b\000i\000l\000i\000t\000y\000\040\000G\000e\000o\000m\000e\000t\000r\000y}{chapter.12}% 82
\BOOKMARK [1][-]{section.12.5}{\376\377\000P\000e\000r\000s\000i\000s\000t\000e\000n\000t\000\040\000A\000n\000o\000m\000a\000l\000i\000e\000s\000\040\000a\000s\000\040\000G\000r\000a\000d\000i\000e\000n\000t\000s\000\040\000T\000o\000w\000a\000r\000d\000\040\000N\000e\000w\000\040\000O\000n\000t\000o\000l\000o\000g\000y}{chapter.12}% 83
\BOOKMARK [1][-]{section.12.6}{\376\377\000T\000h\000r\000e\000e\000\040\000L\000e\000v\000e\000l\000s\000\040\000o\000f\000\040\000D\000i\000s\000c\000o\000v\000e\000r\000y}{chapter.12}% 84
\BOOKMARK [1][-]{section.12.7}{\376\377\000T\000h\000e\000\040\000W\000o\000r\000l\000d\000-\000M\000o\000d\000e\000l\000\040\000C\000r\000o\000s\000s\000o\000v\000e\000r\000\040\000a\000n\000d\000\040\000t\000h\000e\000\040\000P\000r\000i\000m\000a\000c\000y\000\040\000o\000f\000\040\000T\000h\000e\000o\000r\000y}{chapter.12}% 85
\BOOKMARK [1][-]{section.12.8}{\376\377\000K\000n\000o\000w\000l\000e\000d\000g\000e\000\040\000G\000r\000o\000w\000t\000h\000\040\000a\000s\000\040\000F\000i\000e\000l\000d\000\040\000D\000y\000n\000a\000m\000i\000c\000s}{chapter.12}% 86
\BOOKMARK [1][-]{section.12.9}{\376\377\000A\000\040\000U\000n\000i\000f\000i\000e\000d\000\040\000C\000h\000a\000r\000a\000c\000t\000e\000r\000i\000s\000a\000t\000i\000o\000n\000\040\000o\000f\000\040\000T\000h\000e\000o\000r\000y}{chapter.12}% 87
\BOOKMARK [2][-]{subsection.12.9.1}{\376\377\000E\000x\000p\000l\000a\000n\000a\000t\000i\000o\000n\000\040\000C\000r\000e\000a\000t\000e\000s\000\040\000F\000u\000t\000u\000r\000e\000s}{section.12.9}% 88
\BOOKMARK [0][-]{chapter.13}{\376\377\000T\000o\000w\000a\000r\000d\000\040\000a\000n\000\040\000A\000d\000m\000i\000s\000s\000i\000b\000i\000l\000i\000t\000y\000-\000B\000a\000s\000e\000d\000\040\000L\000e\000a\000r\000n\000i\000n\000g\000\040\000O\000b\000j\000e\000c\000t\000i\000v\000e}{}% 89
\BOOKMARK [1][-]{section.13.1}{\376\377\000T\000h\000e\000\040\000P\000r\000o\000g\000r\000e\000s\000s\000i\000o\000n\000\040\000o\000f\000\040\000O\000b\000j\000e\000c\000t\000i\000v\000e\000s}{chapter.13}% 90
\BOOKMARK [1][-]{section.13.2}{\376\377\000T\000h\000e\000\040\000A\000d\000m\000i\000s\000s\000i\000b\000i\000l\000i\000t\000y\000\040\000O\000b\000j\000e\000c\000t\000i\000v\000e}{chapter.13}% 91
\BOOKMARK [1][-]{section.13.3}{\376\377\000R\000e\000l\000a\000t\000i\000o\000n\000s\000h\000i\000p\000\040\000t\000o\000\040\000T\000V}{chapter.13}% 92
\BOOKMARK [1][-]{section.13.4}{\376\377\000C\000h\000a\000l\000l\000e\000n\000g\000e\000s\000\040\000i\000n\000\040\000C\000o\000m\000p\000u\000t\000i\000n\000g\000\040\000L\000A}{chapter.13}% 93
\BOOKMARK [1][-]{section.13.5}{\376\377\000A\000d\000m\000i\000s\000s\000i\000b\000i\000l\000i\000t\000y\000-\000B\000a\000s\000e\000d\000\040\000R\000L}{chapter.13}% 94
\BOOKMARK [0][-]{chapter.14}{\376\377\000T\000h\000e\000\040\000R\000e\000a\000c\000h\000a\000b\000i\000l\000i\000t\000y\000\040\000P\000r\000i\000n\000c\000i\000p\000l\000e\000:\000\040\000S\000t\000a\000t\000e\000m\000e\000n\000t\000\040\000a\000n\000d\000\040\000C\000o\000n\000s\000e\000q\000u\000e\000n\000c\000e\000s}{}% 95
\BOOKMARK [1][-]{section.14.1}{\376\377\000F\000o\000r\000m\000a\000l\000\040\000S\000t\000a\000t\000e\000m\000e\000n\000t}{chapter.14}% 96
\BOOKMARK [1][-]{section.14.2}{\376\377\000S\000p\000e\000c\000i\000a\000l\000\040\000C\000a\000s\000e\000s}{chapter.14}% 97
\BOOKMARK [1][-]{section.14.3}{\376\377\000I\000d\000e\000n\000t\000i\000t\000y\000\040\000a\000s\000\040\000a\000\040\000F\000u\000t\000u\000r\000e\000\040\000I\000n\000v\000a\000r\000i\000a\000n\000t}{chapter.14}% 98
\BOOKMARK [1][-]{section.14.4}{\376\377\000T\000h\000e\000\040\000I\000n\000v\000e\000r\000s\000i\000o\000n}{chapter.14}% 99
\BOOKMARK [1][-]{section.14.5}{\376\377\000O\000p\000e\000n\000\040\000Q\000u\000e\000s\000t\000i\000o\000n\000s}{chapter.14}% 100
