\BOOKMARK [0][-]{chapter*.1}{\376\377\000A\000b\000s\000t\000r\000a\000c\000t}{}% 1
\BOOKMARK [-1][-]{part.1}{\376\377\000I\000\040\000W\000h\000y\000\040\000S\000t\000a\000t\000e\000\040\000I\000s\000\040\000t\000h\000e\000\040\000W\000r\000o\000n\000g\000\040\000P\000r\000i\000m\000i\000t\000i\000v\000e}{}% 2
\BOOKMARK [0][-]{chapter.1}{\376\377\000T\000h\000e\000\040\000S\000t\000a\000t\000e\000-\000C\000e\000n\000t\000r\000i\000c\000\040\000A\000s\000s\000u\000m\000p\000t\000i\000o\000n}{part.1}% 3
\BOOKMARK [1][-]{section.1.1}{\376\377\000M\000o\000t\000i\000v\000a\000t\000i\000o\000n}{chapter.1}% 4
\BOOKMARK [1][-]{section.1.2}{\376\377\000T\000h\000e\000\040\000S\000t\000a\000t\000e\000\040\000I\000l\000l\000u\000s\000i\000o\000n}{chapter.1}% 5
\BOOKMARK [1][-]{section.1.3}{\376\377\000C\000o\000n\000s\000e\000q\000u\000e\000n\000c\000e\000s\000\040\000f\000o\000r\000\040\000L\000a\000n\000g\000u\000a\000g\000e\000\040\000D\000e\000s\000i\000g\000n}{chapter.1}% 6
\BOOKMARK [0][-]{chapter.2}{\376\377\000T\000h\000e\000\040\000S\000p\000h\000e\000r\000e\000p\000o\000p\000\040\000I\000n\000v\000e\000r\000s\000i\000o\000n}{part.1}% 7
\BOOKMARK [1][-]{section.2.1}{\376\377\000M\000o\000t\000i\000v\000a\000t\000i\000o\000n}{chapter.2}% 8
\BOOKMARK [1][-]{section.2.2}{\376\377\000T\000h\000e\000\040\000W\000o\000r\000l\000d\000\040\000S\000t\000r\000u\000c\000t\000u\000r\000e}{chapter.2}% 9
\BOOKMARK [1][-]{section.2.3}{\376\377\000T\000h\000e\000\040\000C\000o\000n\000s\000e\000r\000v\000a\000t\000i\000o\000n\000\040\000L\000a\000w}{chapter.2}% 10
\BOOKMARK [-1][-]{part.2}{\376\377\000I\000I\000\040\000H\000i\000s\000t\000o\000r\000i\000e\000s\000\040\000B\000e\000f\000o\000r\000e\000\040\000C\000o\000m\000p\000u\000t\000a\000t\000i\000o\000n}{}% 11
\BOOKMARK [0][-]{chapter.3}{\376\377\000T\000h\000e\000\040\000A\000l\000g\000e\000b\000r\000a\000\040\000o\000f\000\040\000H\000i\000s\000t\000o\000r\000i\000e\000s}{part.2}% 12
\BOOKMARK [1][-]{section.3.1}{\376\377\000M\000o\000t\000i\000v\000a\000t\000i\000o\000n}{chapter.3}% 13
\BOOKMARK [1][-]{section.3.2}{\376\377\000D\000e\000f\000i\000n\000i\000t\000i\000o\000n\000s}{chapter.3}% 14
\BOOKMARK [1][-]{section.3.3}{\376\377\000T\000h\000e\000\040\000H\000i\000s\000t\000o\000r\000y\000\040\000C\000a\000t\000e\000g\000o\000r\000y}{chapter.3}% 15
\BOOKMARK [0][-]{chapter.4}{\376\377\000O\000p\000e\000r\000a\000t\000i\000o\000n\000a\000l\000\040\000S\000e\000m\000a\000n\000t\000i\000c\000s}{part.2}% 16
\BOOKMARK [1][-]{section.4.1}{\376\377\000M\000o\000t\000i\000v\000a\000t\000i\000o\000n}{chapter.4}% 17
\BOOKMARK [1][-]{section.4.2}{\376\377\000S\000m\000a\000l\000l\000-\000S\000t\000e\000p\000\040\000T\000r\000a\000n\000s\000i\000t\000i\000o\000n\000\040\000R\000u\000l\000e\000s}{chapter.4}% 18
\BOOKMARK [1][-]{section.4.3}{\376\377\000A\000d\000m\000i\000s\000s\000i\000b\000i\000l\000i\000t\000y\000\040\000a\000s\000\040\000a\000\040\000S\000e\000t\000-\000V\000a\000l\000u\000e\000d\000\040\000F\000u\000n\000c\000t\000i\000o\000n}{chapter.4}% 19
\BOOKMARK [-1][-]{part.3}{\376\377\000I\000I\000I\000\040\000T\000y\000p\000e\000s\000\040\000a\000s\000\040\000A\000d\000m\000i\000s\000s\000i\000b\000i\000l\000i\000t\000y\000\040\000C\000e\000r\000t\000i\000f\000i\000c\000a\000t\000e\000s}{}% 20
\BOOKMARK [0][-]{chapter.5}{\376\377\000F\000r\000o\000m\000\040\000S\000e\000t\000s\000\040\000t\000o\000\040\000R\000e\000a\000c\000h\000a\000b\000i\000l\000i\000t\000y\000\040\000C\000e\000r\000t\000i\000f\000i\000c\000a\000t\000e\000s}{part.3}% 21
\BOOKMARK [1][-]{section.5.1}{\376\377\000M\000o\000t\000i\000v\000a\000t\000i\000o\000n}{chapter.5}% 22
\BOOKMARK [1][-]{section.5.2}{\376\377\000D\000e\000f\000i\000n\000i\000t\000i\000o\000n\000s}{chapter.5}% 23
\BOOKMARK [0][-]{chapter.6}{\376\377\000T\000h\000e\000\040\000A\000d\000m\000i\000s\000s\000i\000b\000i\000l\000i\000t\000y\000\040\000T\000y\000p\000e\000\040\000S\000y\000s\000t\000e\000m}{part.3}% 24
\BOOKMARK [1][-]{section.6.1}{\376\377\000T\000y\000p\000i\000n\000g\000\040\000J\000u\000d\000g\000e\000m\000e\000n\000t\000s}{chapter.6}% 25
\BOOKMARK [1][-]{section.6.2}{\376\377\000T\000y\000p\000i\000n\000g\000\040\000R\000u\000l\000e\000s}{chapter.6}% 26
\BOOKMARK [2][-]{subsection.6.2.1}{\376\377\000P\000o\000p\000:\000\040\000I\000s\000s\000u\000i\000n\000g\000\040\000a\000n\000\040\000A\000d\000m\000i\000s\000s\000i\000b\000i\000l\000i\000t\000y\000\040\000C\000e\000r\000t\000i\000f\000i\000c\000a\000t\000e}{section.6.2}% 27
\BOOKMARK [2][-]{subsection.6.2.2}{\376\377\000R\000e\000f\000u\000s\000e\000:\000\040\000R\000e\000c\000o\000r\000d\000i\000n\000g\000\040\000I\000n\000a\000d\000m\000i\000s\000s\000i\000b\000i\000l\000i\000t\000y\000\040\000w\000i\000t\000h\000\040\000R\000e\000a\000s\000o\000n}{section.6.2}% 28
\BOOKMARK [2][-]{subsection.6.2.3}{\376\377\000C\000o\000l\000l\000a\000p\000s\000e\000:\000\040\000S\000e\000a\000l\000i\000n\000g\000\040\000a\000n\000\040\000A\000d\000m\000i\000s\000s\000i\000b\000l\000e\000\040\000O\000b\000s\000e\000r\000v\000a\000t\000i\000o\000n}{section.6.2}% 29
\BOOKMARK [2][-]{subsection.6.2.4}{\376\377\000B\000i\000n\000d\000:\000\040\000R\000e\000c\000o\000r\000d\000i\000n\000g\000\040\000a\000\040\000D\000e\000p\000e\000n\000d\000e\000n\000c\000y}{section.6.2}% 30
\BOOKMARK [2][-]{subsection.6.2.5}{\376\377\000L\000a\000m\000b\000d\000a\000\040\000a\000n\000d\000\040\000A\000p\000p\000l\000i\000c\000a\000t\000i\000o\000n}{section.6.2}% 31
\BOOKMARK [2][-]{subsection.6.2.6}{\376\377\000O\000p\000e\000n\000-\000\040\000a\000n\000d\000\040\000C\000l\000o\000s\000e\000d\000-\000W\000o\000r\000l\000d\000\040\000V\000a\000r\000i\000a\000b\000l\000e\000\040\000R\000u\000l\000e\000s}{section.6.2}% 32
\BOOKMARK [1][-]{section.6.3}{\376\377\000P\000r\000i\000n\000c\000i\000p\000a\000l\000\040\000T\000h\000e\000o\000r\000e\000m\000s}{chapter.6}% 33
\BOOKMARK [0][-]{chapter.7}{\376\377\000O\000p\000e\000n\000\040\000W\000o\000r\000l\000d\000s\000\040\000a\000n\000d\000\040\000C\000l\000o\000s\000e\000d\000\040\000W\000o\000r\000l\000d\000s}{part.3}% 34
\BOOKMARK [1][-]{section.7.1}{\376\377\000T\000h\000e\000\040\000D\000i\000s\000c\000o\000v\000e\000r\000y}{chapter.7}% 35
\BOOKMARK [1][-]{section.7.2}{\376\377\000F\000o\000r\000m\000a\000l\000\040\000D\000e\000f\000i\000n\000i\000t\000i\000o\000n\000s}{chapter.7}% 36
\BOOKMARK [-1][-]{part.4}{\376\377\000I\000V\000\040\000C\000o\000l\000l\000a\000p\000s\000e\000\040\000a\000s\000\040\000Q\000u\000o\000t\000i\000e\000n\000t}{}% 37
\BOOKMARK [0][-]{chapter.8}{\376\377\000O\000b\000s\000e\000r\000v\000a\000b\000l\000e\000\040\000S\000t\000a\000t\000e\000\040\000a\000s\000\040\000a\000\040\000Q\000u\000o\000t\000i\000e\000n\000t\000\040\000o\000f\000\040\000H\000i\000s\000t\000o\000r\000y}{part.4}% 38
\BOOKMARK [1][-]{section.8.1}{\376\377\000M\000o\000t\000i\000v\000a\000t\000i\000o\000n}{chapter.8}% 39
\BOOKMARK [1][-]{section.8.2}{\376\377\000D\000e\000f\000i\000n\000i\000t\000i\000o\000n\000s}{chapter.8}% 40
\BOOKMARK [1][-]{section.8.3}{\376\377\000T\000h\000e\000\040\000F\000o\000u\000r\000\040\000C\000a\000n\000o\000n\000i\000c\000a\000l\000\040\000R\000u\000l\000e\000s}{chapter.8}% 41
\BOOKMARK [1][-]{section.8.4}{\376\377\000O\000b\000s\000e\000r\000v\000a\000t\000i\000o\000n\000a\000l\000\040\000E\000q\000u\000i\000v\000a\000l\000e\000n\000c\000e\000\040\000T\000h\000e\000o\000r\000e\000m}{chapter.8}% 42
\BOOKMARK [-1][-]{part.5}{\376\377\000V\000\040\000L\000a\000m\000b\000d\000a\000\040\000C\000a\000l\000c\000u\000l\000u\000s\000\040\000a\000s\000\040\000D\000e\000r\000i\000v\000e\000d\000\040\000S\000t\000r\000u\000c\000t\000u\000r\000e}{}% 43
\BOOKMARK [0][-]{chapter.9}{\376\377\000B\000e\000t\000a\000-\000R\000e\000d\000u\000c\000t\000i\000o\000n\000\040\000a\000s\000\040\000H\000i\000s\000t\000o\000r\000y\000\040\000C\000o\000n\000t\000r\000a\000c\000t\000i\000o\000n}{part.5}% 44
\BOOKMARK [1][-]{section.9.1}{\376\377\000M\000o\000t\000i\000v\000a\000t\000i\000o\000n}{chapter.9}% 45
\BOOKMARK [1][-]{section.9.2}{\376\377\000B\000e\000t\000a\000-\000R\000e\000d\000u\000c\000t\000i\000o\000n\000\040\000a\000s\000\040\000C\000o\000l\000l\000a\000p\000s\000e}{chapter.9}% 46
\BOOKMARK [1][-]{section.9.3}{\376\377\000C\000l\000o\000s\000u\000r\000e\000s\000\040\000a\000s\000\040\000F\000r\000o\000z\000e\000n\000\040\000P\000o\000s\000s\000i\000b\000i\000l\000i\000t\000i\000e\000s}{chapter.9}% 47
\BOOKMARK [-1][-]{part.6}{\376\377\000V\000I\000\040\000C\000o\000m\000p\000i\000l\000i\000n\000g\000\040\000H\000i\000s\000t\000o\000r\000i\000e\000s}{}% 48
\BOOKMARK [0][-]{chapter.10}{\376\377\000T\000h\000e\000\040\000F\000a\000i\000l\000u\000r\000e\000\040\000o\000f\000\040\000T\000r\000a\000d\000i\000t\000i\000o\000n\000a\000l\000\040\000C\000o\000m\000p\000i\000l\000e\000r\000\040\000C\000o\000r\000r\000e\000c\000t\000n\000e\000s\000s}{part.6}% 49
\BOOKMARK [1][-]{section.10.1}{\376\377\000M\000o\000t\000i\000v\000a\000t\000i\000o\000n}{chapter.10}% 50
\BOOKMARK [1][-]{section.10.2}{\376\377\000H\000i\000s\000t\000o\000r\000y\000\040\000E\000q\000u\000i\000v\000a\000l\000e\000n\000c\000e\000\040\000a\000s\000\040\000C\000o\000r\000r\000e\000c\000t\000n\000e\000s\000s}{chapter.10}% 51
\BOOKMARK [0][-]{chapter.11}{\376\377\000E\000v\000e\000n\000t\000\040\000I\000R\000:\000\040\000I\000n\000s\000t\000r\000u\000c\000t\000i\000o\000n\000s\000\040\000T\000h\000a\000t\000\040\000A\000r\000e\000\040\000N\000o\000t\000\040\000I\000n\000s\000t\000r\000u\000c\000t\000i\000o\000n\000s}{part.6}% 52
\BOOKMARK [1][-]{section.11.1}{\376\377\000M\000o\000t\000i\000v\000a\000t\000i\000o\000n}{chapter.11}% 53
\BOOKMARK [-1][-]{part.7}{\376\377\000V\000I\000I\000\040\000C\000a\000t\000e\000g\000o\000r\000y\000\040\000T\000h\000e\000o\000r\000y\000\040\000a\000n\000d\000\040\000D\000e\000e\000p\000\040\000S\000t\000r\000u\000c\000t\000u\000r\000e}{}% 54
\BOOKMARK [0][-]{chapter.12}{\376\377\000H\000i\000s\000t\000o\000r\000i\000e\000s\000\040\000a\000s\000\040\000M\000o\000r\000p\000h\000i\000s\000m\000s}{part.7}% 55
\BOOKMARK [1][-]{section.12.1}{\376\377\000T\000h\000e\000\040\000H\000i\000s\000t\000o\000r\000y\000\040\000C\000a\000t\000e\000g\000o\000r\000y\000\040\000R\000e\000v\000i\000s\000i\000t\000e\000d}{chapter.12}% 56
\BOOKMARK [0][-]{chapter.13}{\376\377\000C\000o\000l\000l\000a\000p\000s\000e\000\040\000F\000u\000n\000c\000t\000o\000r\000s}{part.7}% 57
\BOOKMARK [1][-]{section.13.1}{\376\377\000C\000o\000l\000l\000a\000p\000s\000e\000\040\000a\000s\000\040\000a\000\040\000F\000u\000n\000c\000t\000o\000r\000\040\000H\000i\000s\000t\000O\000b\000s\000c}{chapter.13}% 58
\BOOKMARK [-1][-]{part.8}{\376\377\000V\000I\000I\000I\000\040\000R\000e\000p\000r\000e\000s\000e\000n\000t\000a\000t\000i\000o\000n\000\040\000a\000n\000d\000\040\000R\000e\000a\000c\000h\000a\000b\000i\000l\000i\000t\000y}{}% 59
\BOOKMARK [0][-]{chapter.14}{\376\377\000F\000i\000l\000t\000e\000r\000s\000\040\000C\000r\000e\000a\000t\000e\000\040\000W\000o\000r\000l\000d\000s}{part.8}% 60
\BOOKMARK [1][-]{section.14.1}{\376\377\000M\000o\000t\000i\000v\000a\000t\000i\000o\000n}{chapter.14}% 61
\BOOKMARK [1][-]{section.14.2}{\376\377\000T\000h\000e\000\040\000S\000a\000n\000t\000o\000r\000o\040\023\000W\000a\000g\000h\000m\000a\000r\000e\040\023\000P\000a\000n\000a\000r\000e\000t\000o\000s\000\040\000C\000o\000n\000n\000e\000c\000t\000i\000o\000n}{chapter.14}% 62
\BOOKMARK [1][-]{section.14.3}{\376\377\000T\000h\000e\000\040\000R\000e\000p\000r\000e\000s\000e\000n\000t\000a\000t\000i\000o\000n\000-\000O\000n\000t\000o\000l\000o\000g\000y\000\040\000R\000e\000a\000d\000i\000n\000g}{chapter.14}% 63
\BOOKMARK [1][-]{section.14.4}{\376\377\000C\000L\000I\000O\000\040\000P\000r\000o\000j\000e\000c\000t\000i\000o\000n\000s\000\040\000a\000n\000d\000\040\000H\000i\000s\000t\000o\000r\000y\000\040\000S\000t\000r\000a\000t\000a}{chapter.14}% 64
\BOOKMARK [-1][-]{part.9}{\376\377\000I\000X\000\040\000P\000r\000o\000g\000r\000a\000m\000s\000\040\000a\000s\000\040\000R\000e\000a\000c\000h\000a\000b\000i\000l\000i\000t\000y\000\040\000S\000c\000u\000l\000p\000t\000u\000r\000e\000s}{}% 65
\BOOKMARK [0][-]{chapter.15}{\376\377\000T\000h\000e\000\040\000C\000o\000d\000e\000b\000a\000s\000e\000\040\000a\000s\000\040\000a\000\040\000M\000i\000n\000i\000m\000a\000l\000\040\000W\000o\000r\000k\000i\000n\000g\000\040\000O\000n\000t\000o\000l\000o\000g\000y}{part.9}% 66
\BOOKMARK [1][-]{section.15.1}{\376\377\000E\000a\000c\000h\000\040\000M\000o\000d\000u\000l\000e\000\040\000a\000s\000\040\000O\000n\000t\000o\000l\000o\000g\000i\000c\000a\000l\000\040\000N\000e\000c\000e\000s\000s\000i\000t\000y}{chapter.15}% 67
\BOOKMARK [1][-]{section.15.2}{\376\377\000T\000h\000e\000\040\000I\000m\000p\000l\000e\000m\000e\000n\000t\000e\000d\000\040\000M\000i\000l\000e\000s\000t\000o\000n\000e\000s}{chapter.15}% 68
\BOOKMARK [0][-]{chapter.16}{\376\377\000T\000h\000e\000\040\000T\000h\000e\000s\000i\000s\000\040\000D\000e\000f\000e\000n\000d\000e\000d}{part.9}% 69
\BOOKMARK [1][-]{section.16.1}{\376\377\000T\000h\000e\000\040\000O\000u\000t\000r\000a\000g\000e\000o\000u\000s\000\040\000C\000l\000a\000i\000m\000\040\000M\000a\000d\000e\000\040\000P\000r\000e\000c\000i\000s\000e}{chapter.16}% 70
\BOOKMARK [1][-]{section.16.2}{\376\377\000W\000h\000y\000\040\000T\000h\000i\000s\000\040\000C\000h\000a\000n\000g\000e\000s\000\040\000E\000v\000e\000r\000y\000t\000h\000i\000n\000g}{chapter.16}% 71
\BOOKMARK [0][-]{chapter.17}{\376\377\000F\000u\000t\000u\000r\000e\000\040\000D\000i\000r\000e\000c\000t\000i\000o\000n\000s}{part.9}% 72
\BOOKMARK [1][-]{section.17.1}{\376\377\000P\000r\000o\000o\000f\000-\000C\000a\000r\000r\000y\000i\000n\000g\000\040\000R\000e\000f\000u\000s\000a\000l}{chapter.17}% 73
\BOOKMARK [1][-]{section.17.2}{\376\377\000D\000e\000p\000e\000n\000d\000e\000n\000t\000\040\000P\000r\000o\000c\000e\000s\000s\000\040\000T\000y\000p\000e\000s}{chapter.17}% 74
\BOOKMARK [1][-]{section.17.3}{\376\377\000A\000d\000m\000i\000s\000s\000i\000b\000i\000l\000i\000t\000y\000\040\000L\000a\000t\000t\000i\000c\000e\000s}{chapter.17}% 75
\BOOKMARK [1][-]{section.17.4}{\376\377\000C\000o\000l\000l\000a\000p\000s\000e\000\040\000F\000u\000n\000c\000t\000o\000r\000\040\000C\000o\000m\000p\000o\000s\000i\000t\000i\000o\000n}{chapter.17}% 76
\BOOKMARK [1][-]{section.17.5}{\376\377\000D\000i\000s\000t\000r\000i\000b\000u\000t\000e\000d\000\040\000S\000p\000h\000e\000r\000e\000p\000o\000p\000\040\000R\000u\000n\000t\000i\000m\000e\000s}{chapter.17}% 77
\BOOKMARK [0][-]{chapter*.2}{\376\377\000C\000o\000d\000a\000:\000\040\000I\000m\000p\000l\000e\000m\000e\000n\000t\000a\000t\000i\000o\000n\000\040\000a\000s\000\040\000A\000r\000g\000u\000m\000e\000n\000t}{part.9}% 78
\BOOKMARK [-1][-]{part.10}{\376\377\000X\000\040\000L\000i\000m\000i\000t\000s\000,\000\040\000G\000a\000p\000s\000,\000\040\000a\000n\000d\000\040\000O\000p\000e\000n\000\040\000P\000r\000o\000b\000l\000e\000m\000s}{}% 79
\BOOKMARK [0][-]{chapter.18}{\376\377\000T\000h\000e\000\040\000O\000b\000s\000e\000r\000v\000a\000t\000i\000o\000n\000\040\000L\000i\000m\000i\000t}{part.10}% 80
\BOOKMARK [1][-]{section.18.1}{\376\377\000M\000o\000t\000i\000v\000a\000t\000i\000o\000n\000:\000\040\000A\000\040\000R\000e\000v\000i\000e\000w\000e\000r\000'\000s\000\040\000C\000h\000a\000l\000l\000e\000n\000g\000e}{chapter.18}% 81
\BOOKMARK [1][-]{section.18.2}{\376\377\000D\000e\000f\000i\000n\000i\000t\000i\000o\000n\000s}{chapter.18}% 82
\BOOKMARK [1][-]{section.18.3}{\376\377\000T\000h\000e\000\040\000N\000o\000\040\000D\000i\000r\000e\000c\000t\000\040\000O\000b\000s\000e\000r\000v\000a\000t\000i\000o\000n\000\040\000T\000h\000e\000o\000r\000e\000m}{chapter.18}% 83
\BOOKMARK [1][-]{section.18.4}{\376\377\000E\000r\000a\000s\000u\000r\000e\000\040\000v\000s\000\040\000I\000l\000l\000u\000s\000i\000o\000n}{chapter.18}% 84
\BOOKMARK [1][-]{section.18.5}{\376\377\000R\000u\000l\000e\000\040\000R\000e\000f\000i\000n\000e\000m\000e\000n\000t\000\040\000a\000s\000\040\000D\000i\000s\000a\000m\000b\000i\000g\000u\000a\000t\000i\000o\000n}{chapter.18}% 85
\BOOKMARK [0][-]{chapter.19}{\376\377\000W\000h\000e\000n\000\040\000D\000o\000e\000s\000\040\000O\000b\000s\000e\000r\000v\000a\000t\000i\000o\000n\000a\000l\000\040\000E\000q\000u\000i\000v\000a\000l\000e\000n\000c\000e\000\040\000I\000m\000p\000l\000y\000\040\000H\000i\000s\000t\000o\000r\000y\000\040\000E\000q\000u\000i\000v\000a\000l\000e\000n\000c\000e\000?}{part.10}% 86
\BOOKMARK [1][-]{section.19.1}{\376\377\000M\000o\000t\000i\000v\000a\000t\000i\000o\000n}{chapter.19}% 87
\BOOKMARK [1][-]{section.19.2}{\376\377\000D\000e\000f\000i\000n\000i\000t\000i\000o\000n\000s}{chapter.19}% 88
\BOOKMARK [1][-]{section.19.3}{\376\377\000C\000o\000m\000p\000l\000e\000t\000e\000n\000e\000s\000s\000\040\000R\000e\000s\000u\000l\000t\000s\000\040\000f\000o\000r\000\040\000C\000a\000n\000o\000n\000i\000c\000a\000l\000\040\000R\000u\000l\000e\000s}{chapter.19}% 89
\BOOKMARK [1][-]{section.19.4}{\376\377\000T\000h\000e\000\040\000D\000i\000s\000t\000i\000n\000g\000u\000i\000s\000h\000a\000b\000i\000l\000i\000t\000y\000\040\000T\000o\000p\000o\000l\000o\000g\000y}{chapter.19}% 90
\BOOKMARK [1][-]{section.19.5}{\376\377\000O\000p\000e\000n\000\040\000P\000r\000o\000b\000l\000e\000m\000:\000\040\000T\000h\000e\000\040\000I\000n\000v\000e\000r\000s\000e\000\040\000P\000r\000o\000b\000l\000e\000m}{chapter.19}% 91
\BOOKMARK [0][-]{chapter.20}{\376\377\000C\000a\000t\000e\000g\000o\000r\000y\000\040\000T\000h\000e\000o\000r\000y\000\040\000a\000s\000\040\000E\000n\000g\000i\000n\000e\000,\000\040\000N\000o\000t\000\040\000C\000o\000m\000m\000e\000n\000t\000a\000r\000y}{part.10}% 92
\BOOKMARK [1][-]{section.20.1}{\376\377\000M\000o\000t\000i\000v\000a\000t\000i\000o\000n}{chapter.20}% 93
\BOOKMARK [1][-]{section.20.2}{\376\377\000T\000h\000e\000\040\000C\000o\000l\000l\000a\000p\000s\000e\000\040\000C\000o\000m\000p\000o\000s\000i\000t\000i\000o\000n\000\040\000T\000h\000e\000o\000r\000e\000m}{chapter.20}% 94
\BOOKMARK [1][-]{section.20.3}{\376\377\000T\000h\000e\000\040\000O\000b\000s\000e\000r\000v\000a\000t\000i\000o\000n\000\040\000A\000d\000j\000u\000n\000c\000t\000i\000o\000n}{chapter.20}% 95
\BOOKMARK [1][-]{section.20.4}{\376\377\000W\000h\000a\000t\000\040\000I\000s\000\040\000N\000o\000w\000\040\000C\000a\000t\000e\000g\000o\000r\000y\000-\000T\000h\000e\000o\000r\000e\000t\000i\000c\000a\000l\000l\000y\000\040\000F\000o\000r\000c\000e\000d}{chapter.20}% 96
\BOOKMARK [0][-]{chapter.21}{\376\377\000S\000t\000r\000e\000n\000g\000t\000h\000e\000n\000i\000n\000g\000\040\000t\000h\000e\000\040\000K\000e\000r\000n\000e\000l\000\040\000C\000o\000n\000n\000e\000c\000t\000i\000o\000n}{part.10}% 97
\BOOKMARK [1][-]{section.21.1}{\376\377\000M\000o\000t\000i\000v\000a\000t\000i\000o\000n}{chapter.21}% 98
\BOOKMARK [1][-]{section.21.2}{\376\377\000A\000\040\000U\000n\000i\000f\000i\000e\000d\000\040\000F\000r\000a\000m\000e\000w\000o\000r\000k}{chapter.21}% 99
\BOOKMARK [-1][-]{part.11}{\376\377\000X\000I\000\040\000D\000e\000e\000p\000e\000r\000\040\000M\000a\000t\000h\000e\000m\000a\000t\000i\000c\000a\000l\000\040\000S\000t\000r\000u\000c\000t\000u\000r\000e}{}% 100
\BOOKMARK [0][-]{chapter.22}{\376\377\000D\000e\000r\000i\000v\000a\000t\000i\000o\000n\000s\000:\000\040\000S\000t\000r\000u\000c\000t\000u\000r\000e\000s\000\040\000T\000h\000a\000t\000\040\000E\000m\000e\000r\000g\000e\000\040\000I\000n\000e\000v\000i\000t\000a\000b\000l\000y}{part.11}% 101
\BOOKMARK [1][-]{section.22.1}{\376\377\000M\000o\000t\000i\000v\000a\000t\000i\000o\000n}{chapter.22}% 102
\BOOKMARK [1][-]{section.22.2}{\376\377\000D\000e\000r\000i\000v\000a\000t\000i\000o\000n\000\040\0001\000:\000\040\000T\000h\000e\000\040\000G\000e\000n\000e\000r\000a\000l\000i\000s\000e\000d\000\040\000P\000o\000s\000s\000i\000b\000i\000l\000i\000t\000y\000\040\000F\000u\000n\000c\000t\000i\000o\000n\000a\000l}{chapter.22}% 103
\BOOKMARK [1][-]{section.22.3}{\376\377\000D\000e\000r\000i\000v\000a\000t\000i\000o\000n\000\040\0002\000:\000\040\000U\000n\000i\000v\000e\000r\000s\000a\000l\000\040\000P\000r\000o\000p\000e\000r\000t\000y\000\040\000o\000f\000\040\000C\000o\000l\000l\000a\000p\000s\000e}{chapter.22}% 104
\BOOKMARK [1][-]{section.22.4}{\376\377\000D\000e\000r\000i\000v\000a\000t\000i\000o\000n\000\040\0003\000:\000\040\000U\000n\000i\000q\000u\000e\000\040\000H\000i\000s\000t\000o\000r\000y\000\040\000F\000a\000c\000t\000o\000r\000i\000s\000a\000t\000i\000o\000n}{chapter.22}% 105
\BOOKMARK [1][-]{section.22.5}{\376\377\000D\000e\000r\000i\000v\000a\000t\000i\000o\000n\000\040\0004\000:\000\040\000C\000o\000m\000p\000i\000l\000e\000r\000\040\000F\000u\000l\000l\000\040\000F\000a\000i\000t\000h\000f\000u\000l\000n\000e\000s\000s}{chapter.22}% 106
\BOOKMARK [1][-]{section.22.6}{\376\377\000D\000e\000r\000i\000v\000a\000t\000i\000o\000n\000\040\0005\000:\000\040\000O\000b\000s\000e\000r\000v\000a\000t\000i\000o\000n\000-\000R\000e\000c\000o\000v\000e\000r\000y\000\040\000T\000r\000a\000d\000e\000o\000f\000f}{chapter.22}% 107
\BOOKMARK [1][-]{section.22.7}{\376\377\000D\000e\000r\000i\000v\000a\000t\000i\000o\000n\000\040\0006\000:\000\040\000O\000b\000s\000e\000r\000v\000a\000t\000i\000o\000n\000a\000l\000\040\000E\000n\000t\000r\000o\000p\000y\000\040\000a\000n\000d\000\040\000F\000i\000b\000r\000e\000\040\000G\000e\000o\000m\000e\000t\000r\000y}{chapter.22}% 108
\BOOKMARK [0][-]{chapter.23}{\376\377\000C\000a\000t\000e\000g\000o\000r\000y\000-\000T\000h\000e\000o\000r\000e\000t\000i\000c\000\040\000F\000o\000u\000n\000d\000a\000t\000i\000o\000n\000s\000\040\000o\000f\000\040\000H\000i\000s\000t\000o\000r\000y\000\040\000a\000n\000d\000\040\000O\000b\000s\000e\000r\000v\000a\000t\000i\000o\000n}{part.11}% 109
\BOOKMARK [1][-]{section.23.1}{\376\377\000P\000u\000r\000p\000o\000s\000e}{chapter.23}% 110
\BOOKMARK [1][-]{section.23.2}{\376\377\000H\000i\000s\000t\000o\000r\000i\000e\000s\000\040\000a\000s\000\040\000a\000\040\000F\000r\000e\000e\000\040\000C\000a\000t\000e\000g\000o\000r\000y}{chapter.23}% 111
\BOOKMARK [1][-]{section.23.3}{\376\377\000R\000e\000p\000l\000a\000y\000\040\000E\000q\000u\000i\000v\000a\000l\000e\000n\000c\000e\000\040\000a\000s\000\040\000F\000a\000i\000t\000h\000f\000u\000l\000n\000e\000s\000s}{chapter.23}% 112
\BOOKMARK [1][-]{section.23.4}{\376\377\000C\000o\000l\000l\000a\000p\000s\000e\000\040\000a\000s\000\040\000a\000\040\000R\000e\000f\000l\000e\000c\000t\000o\000r}{chapter.23}% 113
\BOOKMARK [1][-]{section.23.5}{\376\377\000T\000h\000e\000\040\000O\000b\000s\000e\000r\000v\000a\000t\000i\000o\000n\000a\000l\000\040\000L\000a\000t\000t\000i\000c\000e}{chapter.23}% 114
\BOOKMARK [0][-]{chapter.24}{\376\377\000S\000h\000e\000a\000f\000-\000T\000h\000e\000o\000r\000e\000t\000i\000c\000\040\000S\000e\000m\000a\000n\000t\000i\000c\000s\000\040\000o\000f\000\040\000O\000b\000s\000e\000r\000v\000a\000t\000i\000o\000n}{part.11}% 115
\BOOKMARK [1][-]{section.24.1}{\376\377\000M\000o\000t\000i\000v\000a\000t\000i\000o\000n}{chapter.24}% 116
\BOOKMARK [1][-]{section.24.2}{\376\377\000O\000b\000s\000e\000r\000v\000a\000t\000i\000o\000n\000a\000l\000\040\000S\000i\000t\000e\000s}{chapter.24}% 117
\BOOKMARK [1][-]{section.24.3}{\376\377\000T\000h\000e\000\040\000H\000i\000s\000t\000o\000r\000y\000\040\000P\000r\000e\000s\000h\000e\000a\000f}{chapter.24}% 118
\BOOKMARK [1][-]{section.24.4}{\376\377\000O\000b\000s\000e\000r\000v\000a\000b\000l\000e\000\040\000S\000t\000a\000t\000e\000s\000\040\000a\000s\000\040\000S\000e\000c\000t\000i\000o\000n\000s}{chapter.24}% 119
\BOOKMARK [1][-]{section.24.5}{\376\377\000S\000t\000a\000t\000e\000\040\000I\000l\000l\000u\000s\000i\000o\000n\000\040\000a\000s\000\040\000F\000a\000i\000l\000u\000r\000e\000\040\000o\000f\000\040\000U\000n\000i\000q\000u\000e\000\040\000L\000i\000f\000t\000i\000n\000g}{chapter.24}% 120
\BOOKMARK [1][-]{section.24.6}{\376\377\000R\000e\000f\000i\000n\000e\000m\000e\000n\000t\000\040\000a\000s\000\040\000S\000h\000e\000a\000f\000\040\000M\000o\000r\000p\000h\000i\000s\000m}{chapter.24}% 121
\BOOKMARK [1][-]{section.24.7}{\376\377\000C\000o\000n\000n\000e\000c\000t\000i\000o\000n\000\040\000t\000o\000\040\000C\000L\000I\000O}{chapter.24}% 122
\BOOKMARK [0][-]{chapter.25}{\376\377\000B\000N\000F\000\040\000G\000r\000a\000m\000m\000a\000r\000\040\000f\000o\000r\000\040\000t\000h\000e\000\040\000S\000p\000h\000e\000r\000e\000p\000o\000p\000\040\000C\000o\000r\000e\000\040\000L\000a\000n\000g\000u\000a\000g\000e}{part.11}% 123
\BOOKMARK [1][-]{section.25.1}{\376\377\000P\000u\000r\000p\000o\000s\000e}{chapter.25}% 124
\BOOKMARK [1][-]{section.25.2}{\376\377\000L\000e\000x\000i\000c\000a\000l\000\040\000C\000a\000t\000e\000g\000o\000r\000i\000e\000s}{chapter.25}% 125
\BOOKMARK [1][-]{section.25.3}{\376\377\000T\000e\000r\000m\000s}{chapter.25}% 126
\BOOKMARK [1][-]{section.25.4}{\376\377\000R\000e\000f\000u\000s\000a\000l\000\040\000R\000e\000a\000s\000o\000n\000s}{chapter.25}% 127
\BOOKMARK [1][-]{section.25.5}{\376\377\000C\000o\000l\000l\000a\000p\000s\000e\000\040\000R\000u\000l\000e\000s}{chapter.25}% 128
\BOOKMARK [1][-]{section.25.6}{\376\377\000T\000y\000p\000e\000s}{chapter.25}% 129
\BOOKMARK [1][-]{section.25.7}{\376\377\000O\000p\000e\000r\000a\000t\000i\000o\000n\000a\000l\000\040\000S\000u\000m\000m\000a\000r\000y}{chapter.25}% 130
\BOOKMARK [0][-]{appendix.A}{\376\377\000M\000e\000c\000h\000a\000n\000i\000s\000e\000d\000\040\000W\000i\000t\000n\000e\000s\000s\000e\000s\000:\000\040\000R\000u\000s\000t\000\040\000M\000o\000d\000u\000l\000e\000\040\000M\000a\000p\000\040\000a\000n\000d\000\040\000S\000e\000l\000e\000c\000t\000e\000d\000\040\000T\000e\000s\000t\000s}{part.11}% 131
\BOOKMARK [1][-]{section.A.1}{\376\377\000M\000o\000t\000i\000v\000a\000t\000i\000o\000n}{appendix.A}% 132
\BOOKMARK [1][-]{section.A.2}{\376\377\000M\000o\000d\000u\000l\000e\000-\000t\000o\000-\000T\000h\000e\000o\000r\000e\000m\000\040\000M\000a\000p}{appendix.A}% 133
\BOOKMARK [1][-]{section.A.3}{\376\377\000S\000e\000l\000e\000c\000t\000e\000d\000\040\000T\000e\000s\000t\000s\000\040\000a\000s\000\040\000P\000r\000o\000o\000f\000\040\000O\000b\000l\000i\000g\000a\000t\000i\000o\000n\000s}{appendix.A}% 134
\BOOKMARK [1][-]{section.A.4}{\376\377\000S\000u\000m\000m\000a\000r\000y\000\040\000T\000a\000b\000l\000e}{appendix.A}% 135
\BOOKMARK [-1][-]{part.12}{\376\377\000X\000I\000I\000\040\000T\000o\000w\000a\000r\000d\000\040\000a\000n\000\040\000A\000d\000m\000i\000s\000s\000i\000b\000i\000l\000i\000t\000y\000\040\000F\000i\000e\000l\000d\000\040\000S\000e\000m\000a\000n\000t\000i\000c\000s}{}% 136
\BOOKMARK [0][-]{appendix.B}{\376\377\000T\000h\000e\000\040\000C\000L\000I\000O\000\040\000F\000r\000a\000m\000e\000w\000o\000r\000k}{part.12}% 137
\BOOKMARK [1][-]{section.B.1}{\376\377\000B\000a\000c\000k\000g\000r\000o\000u\000n\000d\000\040\000a\000n\000d\000\040\000P\000u\000r\000p\000o\000s\000e}{appendix.B}% 138
\BOOKMARK [1][-]{section.B.2}{\376\377\000C\000o\000r\000e\000\040\000D\000e\000f\000i\000n\000i\000t\000i\000o\000n\000s}{appendix.B}% 139
\BOOKMARK [1][-]{section.B.3}{\376\377\000T\000h\000e\000\040\000C\000L\000I\000O\040\023\000S\000p\000h\000e\000r\000e\000p\000o\000p\000\040\000C\000o\000r\000r\000e\000s\000p\000o\000n\000d\000e\000n\000c\000e}{appendix.B}% 140
\BOOKMARK [0][-]{appendix.C}{\376\377\000P\000r\000o\000g\000r\000a\000m\000s\000\040\000a\000s\000\040\000O\000p\000e\000r\000a\000t\000o\000r\000s\000\040\000o\000n\000\040\000A\000d\000m\000i\000s\000s\000i\000b\000i\000l\000i\000t\000y\000\040\000F\000i\000e\000l\000d\000s}{part.12}% 141
\BOOKMARK [1][-]{section.C.1}{\376\377\000T\000h\000e\000\040\000F\000o\000r\000w\000a\000r\000d\000\040\000S\000h\000i\000f\000t}{appendix.C}% 142
\BOOKMARK [1][-]{section.C.2}{\376\377\000T\000h\000e\000\040\000F\000u\000t\000u\000r\000e\000\040\000R\000e\000a\000c\000h\000a\000b\000i\000l\000i\000t\000y\000\040\000M\000a\000p}{appendix.C}% 143
\BOOKMARK [1][-]{section.C.3}{\376\377\000H\000i\000s\000t\000o\000r\000i\000e\000s\000\040\000a\000s\000\040\000D\000e\000f\000o\000r\000m\000a\000t\000i\000o\000n\000s}{appendix.C}% 144
\BOOKMARK [1][-]{section.C.4}{\376\377\000A\000d\000m\000i\000s\000s\000i\000b\000i\000l\000i\000t\000y\000\040\000F\000i\000e\000l\000d\000s}{appendix.C}% 145
\BOOKMARK [1][-]{section.C.5}{\376\377\000T\000h\000e\000\040\000T\000w\000o\000-\000P\000r\000o\000j\000e\000c\000t\000i\000o\000n\000\040\000A\000r\000c\000h\000i\000t\000e\000c\000t\000u\000r\000e}{appendix.C}% 146
\BOOKMARK [1][-]{section.C.6}{\376\377\000S\000l\000o\000g\000a\000n\000\040\000P\000r\000o\000g\000r\000e\000s\000s\000i\000o\000n}{appendix.C}% 147
\BOOKMARK [0][-]{appendix.D}{\376\377\000T\000o\000w\000a\000r\000d\000\040\000a\000\040\000U\000n\000i\000f\000i\000e\000d\000\040\000P\000r\000o\000j\000e\000c\000t\000i\000o\000n\000\040\000O\000n\000t\000o\000l\000o\000g\000y}{part.12}% 148
\BOOKMARK [1][-]{section.D.1}{\376\377\000T\000h\000e\000\040\000C\000o\000m\000m\000o\000n\000\040\000S\000t\000r\000u\000c\000t\000u\000r\000e}{appendix.D}% 149
\BOOKMARK [1][-]{section.D.2}{\376\377\000A\000l\000l\000\040\000M\000a\000j\000o\000r\000\040\000T\000h\000e\000o\000r\000e\000m\000s\000\040\000a\000s\000\040\000P\000r\000o\000j\000e\000c\000t\000i\000o\000n\000\040\000T\000h\000e\000o\000r\000e\000m\000s}{appendix.D}% 150
\BOOKMARK [1][-]{section.D.3}{\376\377\000O\000p\000e\000n\000\040\000F\000r\000o\000n\000t\000i\000e\000r\000:\000\040\000R\000e\000a\000c\000h\000a\000b\000i\000l\000i\000t\000y\000\040\000C\000o\000h\000o\000m\000o\000l\000o\000g\000y}{appendix.D}% 151
\BOOKMARK [1][-]{section.D.4}{\376\377\000S\000u\000m\000m\000a\000r\000y\000:\000\040\000T\000h\000e\000\040\000P\000r\000o\000j\000e\000c\000t\000i\000o\000n\000-\000F\000i\000r\000s\000t\000\040\000O\000n\000t\000o\000l\000o\000g\000y}{appendix.D}% 152
\BOOKMARK [0][-]{appendix*.3}{\376\377\000R\000e\000f\000e\000r\000e\000n\000c\000e\000s}{part.12}% 153
